******************************************************************************
               TMS320C6x Linker PC v7.4.6                      
******************************************************************************
>> Linked Tue Jan 21 15:51:33 2014

OUTPUT FILE NAME:   <loop_intr64_Dc.out>
ENTRY POINT SYMBOL: "_c_int00"  address: 00003c60


MEMORY CONFIGURATION

         name            origin    length      used     unused   attr    fill
----------------------  --------  ---------  --------  --------  ----  --------
  IVECS                 00000000   00000220  00000200  00000020  RWIX
  L2RAM                 00000220   00100000  000059cc  000fa634  RWIX
  EMIFBCE0              60000000   04000000  00000000  04000000  RWIX
  EMIFBCE1              64000000   04000000  00000000  04000000  RWIX
  EMIFBCE2              68000000   04000000  00000000  04000000  RWIX
  EMIFBCE3              6c000000   04000000  00000000  04000000  RWIX
  EMIFACE0              80000000   10000000  00000000  10000000  RWIX
  EMIFACE1              90000000   10000000  00000000  10000000  RWIX
  EMIFACE2              a0000000   10000000  00000000  10000000  RWIX
  EMIFACE3              b0000000   10000000  00000000  10000000  RWIX


SECTION ALLOCATION MAP

 output                                  attributes/
section   page    origin      length       input sections
--------  ----  ----------  ----------   ----------------
.vecs      0    00000000    00000200     
                  00000000    00000200     Vectors_intr.obj (.vecs)

.pinit     0    00000220    00000000     UNINITIALIZED

.text      0    00000220    00003b20     
                  00000220    000010c0     csl6416.lib : csl_irq.obj (.text)
                  000012e0    00000cc0                 : csl_mcbsp.obj (.text)
                  00001fa0    00000680     c6416dskinit.obj (.text)
                  00002620    00000400     csl6416.lib : csl_emifa.obj (.text)
                  00002a20    00000400                 : csl_emifb.obj (.text)
                  00002e20    00000360     dsk6416bsl.lib : dsk6416.obj (.text)
                  00003180    000001c0                    : dsk6416_aic23_registers.obj (.text)
                  00003340    00000180                    : dsk6416_aic23_opencodec.obj (.text)
                  000034c0    00000140     Loop_intr64.obj (.text:retain)
                  00003600    00000100     rts6400.lib : strasg.obj (.text:__strasgi)
                  00003700    000000e0     Loop_intr64.obj (.text)
                  000037e0    000000e0     rts6400.lib : autoinit.obj (.text:__auto_init)
                  000038c0    000000e0                 : memcpy64.obj (.text:_memcpy)
                  000039a0    000000e0     dsk6416bsl.lib : dsk6416_aic23_setfreq.obj (.text)
                  00003a80    000000c0     rts6400.lib : exit.obj (.text:_exit)
                  00003b40    000000a0                 : cpy_tbl.obj (.text:_copy_in)
                  00003be0    00000080                 : cpp_init.obj (.text:___TI_cpp_init)
                  00003c60    00000060                 : boot.obj (.text:_c_int00)
                  00003cc0    00000040                 : args_main.obj (.text:__args_main)
                  00003d00    00000020     Vectors_intr.obj (.text)
                  00003d20    00000020     rts6400.lib : exit.obj (.text:_abort)

.data      0    00000220    00000000     UNINITIALIZED

.far       0    00003d40    00001224     UNINITIALIZED
                  00003d40    0000102c     hpi_services.obj (.far)
                  00004d6c    00000004     --HOLE--
                  00004d70    000000f4     csl6416.lib : csl_irq.obj (.far)
                  00004e64    00000004     --HOLE--
                  00004e68    00000054                 : csl_mcbsp.obj (.far)
                  00004ebc    00000050     c6416dskinit.obj (.far)
                  00004f0c    00000004     --HOLE--
                  00004f10    00000020     dsk6416bsl.lib : dsk6416_aic23_setfreq.obj (.far)
                  00004f30    00000014     Loop_intr64.obj (.far)
                  00004f44    00000014     dsk6416bsl.lib : dsk6416_aic23_registers.obj (.far)
                  00004f58    0000000c     rts6400.lib : exit.obj (.far)

.stack     0    00004f68    00000800     UNINITIALIZED
                  00004f68    00000008     rts6400.lib : boot.obj (.stack)
                  00004f70    000007f8     --HOLE--

.cinit     0    00005768    00000304     
                  00005768    0000012c     csl6416.lib : csl_irq.obj (.cinit)
                  00005894    00000004     --HOLE-- [fill = 0]
                  00005898    0000007c                 : csl_mcbsp.obj (.cinit)
                  00005914    00000004     --HOLE-- [fill = 0]
                  00005918    0000005c     c6416dskinit.obj (.cinit)
                  00005974    00000004     --HOLE-- [fill = 0]
                  00005978    00000054     Loop_intr64.obj (.cinit)
                  000059cc    00000004     --HOLE-- [fill = 0]
                  000059d0    0000002c     rts6400.lib : exit.obj (.cinit)
                  000059fc    00000004     --HOLE-- [fill = 0]
                  00005a00    00000028     dsk6416bsl.lib : dsk6416_aic23_setfreq.obj (.cinit)
                  00005a28    0000001c                    : dsk6416_aic23_registers.obj (.cinit)
                  00005a44    00000004     --HOLE-- [fill = 0]
                  00005a48    0000001a     hpi_services.obj (.cinit)
                  00005a62    00000006     --HOLE-- [fill = 0]
                  00005a68    00000004     (.pad.cinit) [fill = 0]

.const     0    00005a6c    00000154     
                  00005a6c    000000c0     dsk6416bsl.lib : dsk6416.obj (.const)
                  00005b2c    00000070                    : dsk6416_aic23_opencodec.obj (.const)
                  00005b9c    00000024     Loop_intr64.obj (.const:.string)

.bss       0    00005bc0    00000030     UNINITIALIZED
                  00005bc0    00000010     Loop_intr64.obj (.bss)
                  00005bd0    0000000a     c6416dskinit.obj (.bss)
                  00005bda    00000002     hpi_services.obj (.bss)
                  00005bdc    00000008     csl6416.lib : csl_irq.obj (.bss)
                  00005be4    00000008     dsk6416bsl.lib : dsk6416_aic23_opencodec.obj (.bss)
                  00005bec    00000004                    : dsk6416.obj (.bss)


GLOBAL SYMBOLS: SORTED ALPHABETICALLY BY Name 

address    name
--------   ----
00005bc0   $bss
00005bc0   .bss
00000220   .data
00000220   .text
00003d20   C$$EXIT
00004ec0   _AIC23CfgData
00004f40   _AIC_buffer
00004ebc   _AIC_data
00005be4   _DSK6416_AIC23_codeccontrolhandle
00005be8   _DSK6416_AIC23_codecdatahandle
000032a4   _DSK6416_AIC23_config
00003340   _DSK6416_AIC23_openCodec
00003268   _DSK6416_AIC23_rget
00003180   _DSK6416_AIC23_rset
000039a0   _DSK6416_AIC23_setFreq
000030fc   _DSK6416_getVersion
00002e20   _DSK6416_init
00002ff8   _DSK6416_rget
00003028   _DSK6416_rset
00005bec   _DSK6416_version
00003064   _DSK6416_wait
000030c0   _DSK6416_waitusec
00002620   _EMIFA_config
00002764   _EMIFA_configArgs
000028b0   _EMIFA_getConfig
00002a20   _EMIFB_config
00002b64   _EMIFB_configArgs
00002cb0   _EMIFB_getConfig
00003d40   _HpiSvcBlock
00000a2c   _IRQ_biosPresent
00000374   _IRQ_clear
00000a38   _IRQ_config
00000bac   _IRQ_configArgs
00000278   _IRQ_disable
00000240   _IRQ_enable
00000e50   _IRQ_getArg
00000d14   _IRQ_getConfig
000003f8   _IRQ_globalDisable
000003e0   _IRQ_globalEnable
00000428   _IRQ_globalRestore
00000ff8   _IRQ_hook
000008d8   _IRQ_map
000004ec   _IRQ_nmiDisable
000004d8   _IRQ_nmiEnable
00000454   _IRQ_reset
000004ac   _IRQ_resetAll
000002d8   _IRQ_restore
00000344   _IRQ_set
00000f10   _IRQ_setArg
00000fc4   _IRQ_setVecs
000003a4   _IRQ_test
00005bcc   _IsrKeyData
00005bc8   _IsrKeyFlag
00001d00   _MCBSP_close
00001568   _MCBSP_config
000016f4   _MCBSP_configArgs
000014f8   _MCBSP_enableFsync
000014c0   _MCBSP_enableRcv
00001530   _MCBSP_enableSrgr
00001488   _MCBSP_enableXmt
00001868   _MCBSP_getConfig
00001ea8   _MCBSP_getPins
000012fc   _MCBSP_getRcvAddr
00001334   _MCBSP_getRcvEventId
000012e0   _MCBSP_getXmtAddr
00001318   _MCBSP_getXmtEventId
00001c14   _MCBSP_open
00001350   _MCBSP_read
000019ec   _MCBSP_reset
00001bf0   _MCBSP_resetAll
00001410   _MCBSP_rfull
000013c0   _MCBSP_rrdy
00001460   _MCBSP_rsyncerr
00001ed0   _MCBSP_setPins
00001d74   _MCBSP_start
00001374   _MCBSP_write
000013e8   _MCBSP_xempty
00001398   _MCBSP_xrdy
00001438   _MCBSP_xsyncerr
00004e60   __IRQ_dispatchTable
00004d98   __IRQ_eventTable
00000220   __IRQ_hookFetchPacket
0000083c   __IRQ_init
00004e20   __IRQ_intTable
00004eb0   __MCBSP_hDev0
00004eb4   __MCBSP_hDev1
00004eb8   __MCBSP_hDev2
00005768   __STACK_END
00000800   __STACK_SIZE
00000001   __TI_args_main
00003be0   ___TI_cpp_init
00004f60   ___TI_enable_exit_profile_output
ffffffff   ___TI_pprof_out_hndl
ffffffff   ___TI_prof_data_size
ffffffff   ___TI_prof_data_start
ffffffff   ___binit__
00005bc0   ___bss__
ffffffff   ___c_args__
00005768   ___cinit__
00000220   ___data__
00000220   ___edata__
00005bf0   ___end__
00003d40   ___etext__
ffffffff   ___pinit__
00000220   ___text__
00003cc0   __args_main
000037e0   __auto_init
00003600   __c6xabi_strasgi
00004f58   __cleanup_ptr
00004f5c   __dtors_ptr
00004f68   __stack
00003600   __strasgi
00003d20   _abort
00001fa0   _c6416_dsk_init
00003c60   _c_int00
000034c0   _c_int11
00002068   _comm_intr
0000203c   _comm_poll
00004ef8   _config
00003b40   _copy_in
00003a80   _exit
00005bc0   _fs
00005bd8   _hAIC23_handle
000024c4   _input_left_sample
0000256c   _input_right_sample
000023d8   _input_sample
00005bc4   _intflag
00003700   _main
000038c0   _memcpy
00002258   _output_left_sample
00002318   _output_right_sample
00002164   _output_sample
00004f30   _sine_table
00000020   _vector1
00000140   _vector10
00000180   _vector12
000001a0   _vector13
000001c0   _vector14
000001e0   _vector15
00000040   _vector2
00000060   _vector3
00000080   _vector4
000000a0   _vector5
000000c0   _vector6
000000e0   _vector7
00000100   _vector8
00000120   _vector9
00000000   _vectors
ffffffff   binit
00005768   cinit
00000220   edata
00005bf0   end
00003d40   etext
ffffffff   pinit


GLOBAL SYMBOLS: SORTED BY Symbol Address 

address    name
--------   ----
00000000   _vectors
00000001   __TI_args_main
00000020   _vector1
00000040   _vector2
00000060   _vector3
00000080   _vector4
000000a0   _vector5
000000c0   _vector6
000000e0   _vector7
00000100   _vector8
00000120   _vector9
00000140   _vector10
00000180   _vector12
000001a0   _vector13
000001c0   _vector14
000001e0   _vector15
00000220   .data
00000220   .text
00000220   __IRQ_hookFetchPacket
00000220   ___data__
00000220   ___edata__
00000220   ___text__
00000220   edata
00000240   _IRQ_enable
00000278   _IRQ_disable
000002d8   _IRQ_restore
00000344   _IRQ_set
00000374   _IRQ_clear
000003a4   _IRQ_test
000003e0   _IRQ_globalEnable
000003f8   _IRQ_globalDisable
00000428   _IRQ_globalRestore
00000454   _IRQ_reset
000004ac   _IRQ_resetAll
000004d8   _IRQ_nmiEnable
000004ec   _IRQ_nmiDisable
00000800   __STACK_SIZE
0000083c   __IRQ_init
000008d8   _IRQ_map
00000a2c   _IRQ_biosPresent
00000a38   _IRQ_config
00000bac   _IRQ_configArgs
00000d14   _IRQ_getConfig
00000e50   _IRQ_getArg
00000f10   _IRQ_setArg
00000fc4   _IRQ_setVecs
00000ff8   _IRQ_hook
000012e0   _MCBSP_getXmtAddr
000012fc   _MCBSP_getRcvAddr
00001318   _MCBSP_getXmtEventId
00001334   _MCBSP_getRcvEventId
00001350   _MCBSP_read
00001374   _MCBSP_write
00001398   _MCBSP_xrdy
000013c0   _MCBSP_rrdy
000013e8   _MCBSP_xempty
00001410   _MCBSP_rfull
00001438   _MCBSP_xsyncerr
00001460   _MCBSP_rsyncerr
00001488   _MCBSP_enableXmt
000014c0   _MCBSP_enableRcv
000014f8   _MCBSP_enableFsync
00001530   _MCBSP_enableSrgr
00001568   _MCBSP_config
000016f4   _MCBSP_configArgs
00001868   _MCBSP_getConfig
000019ec   _MCBSP_reset
00001bf0   _MCBSP_resetAll
00001c14   _MCBSP_open
00001d00   _MCBSP_close
00001d74   _MCBSP_start
00001ea8   _MCBSP_getPins
00001ed0   _MCBSP_setPins
00001fa0   _c6416_dsk_init
0000203c   _comm_poll
00002068   _comm_intr
00002164   _output_sample
00002258   _output_left_sample
00002318   _output_right_sample
000023d8   _input_sample
000024c4   _input_left_sample
0000256c   _input_right_sample
00002620   _EMIFA_config
00002764   _EMIFA_configArgs
000028b0   _EMIFA_getConfig
00002a20   _EMIFB_config
00002b64   _EMIFB_configArgs
00002cb0   _EMIFB_getConfig
00002e20   _DSK6416_init
00002ff8   _DSK6416_rget
00003028   _DSK6416_rset
00003064   _DSK6416_wait
000030c0   _DSK6416_waitusec
000030fc   _DSK6416_getVersion
00003180   _DSK6416_AIC23_rset
00003268   _DSK6416_AIC23_rget
000032a4   _DSK6416_AIC23_config
00003340   _DSK6416_AIC23_openCodec
000034c0   _c_int11
00003600   __c6xabi_strasgi
00003600   __strasgi
00003700   _main
000037e0   __auto_init
000038c0   _memcpy
000039a0   _DSK6416_AIC23_setFreq
00003a80   _exit
00003b40   _copy_in
00003be0   ___TI_cpp_init
00003c60   _c_int00
00003cc0   __args_main
00003d20   C$$EXIT
00003d20   _abort
00003d40   _HpiSvcBlock
00003d40   ___etext__
00003d40   etext
00004d98   __IRQ_eventTable
00004e20   __IRQ_intTable
00004e60   __IRQ_dispatchTable
00004eb0   __MCBSP_hDev0
00004eb4   __MCBSP_hDev1
00004eb8   __MCBSP_hDev2
00004ebc   _AIC_data
00004ec0   _AIC23CfgData
00004ef8   _config
00004f30   _sine_table
00004f40   _AIC_buffer
00004f58   __cleanup_ptr
00004f5c   __dtors_ptr
00004f60   ___TI_enable_exit_profile_output
00004f68   __stack
00005768   __STACK_END
00005768   ___cinit__
00005768   cinit
00005bc0   $bss
00005bc0   .bss
00005bc0   ___bss__
00005bc0   _fs
00005bc4   _intflag
00005bc8   _IsrKeyFlag
00005bcc   _IsrKeyData
00005bd8   _hAIC23_handle
00005be4   _DSK6416_AIC23_codeccontrolhandle
00005be8   _DSK6416_AIC23_codecdatahandle
00005bec   _DSK6416_version
00005bf0   ___end__
00005bf0   end
ffffffff   ___TI_pprof_out_hndl
ffffffff   ___TI_prof_data_size
ffffffff   ___TI_prof_data_start
ffffffff   ___binit__
ffffffff   ___c_args__
ffffffff   ___pinit__
ffffffff   binit
ffffffff   pinit

[154 symbols]
