<?xml version="1.0"?>
<link_info>
   <banner>TMS320C6x Linker PC v7.4.6</banner>
   <copyright>Copyright (c) 1996-2013 Texas Instruments Incorporated</copyright>
   <link_time>0x52de9785</link_time>
   <output_file>loop_intr64_Dc.out</output_file>
   <entry_point>
      <name>_c_int00</name>
      <address>0x3c60</address>
   </entry_point>
   <input_file_list>
      <input_file id="fl-2">
         <path>.\src\</path>
         <kind>object</kind>
         <file>hpi_services.obj</file>
         <name>hpi_services.obj</name>
      </input_file>
      <input_file id="fl-3">
         <path>.\src\</path>
         <kind>object</kind>
         <file>c6416dskinit.obj</file>
         <name>c6416dskinit.obj</name>
      </input_file>
      <input_file id="fl-4">
         <path>.\src\</path>
         <kind>object</kind>
         <file>Vectors_intr.obj</file>
         <name>Vectors_intr.obj</name>
      </input_file>
      <input_file id="fl-5">
         <path>.\src\</path>
         <kind>object</kind>
         <file>Loop_intr64.obj</file>
         <name>Loop_intr64.obj</name>
      </input_file>
      <input_file id="fl-b">
         <path>C:\ti\ccsv5\C6000\csl6416\lib_5x\Debug\</path>
         <kind>archive</kind>
         <file>csl6416.lib</file>
         <name>csl_mcbsp.obj</name>
      </input_file>
      <input_file id="fl-c">
         <path>C:\ti\ccsv5\C6000\csl6416\lib_5x\Debug\</path>
         <kind>archive</kind>
         <file>csl6416.lib</file>
         <name>csl_irq.obj</name>
      </input_file>
      <input_file id="fl-d">
         <path>C:\ti\ccsv5\C6000\dsk6416\lib_5x\Debug\</path>
         <kind>archive</kind>
         <file>dsk6416bsl.lib</file>
         <name>dsk6416_aic23_setfreq.obj</name>
      </input_file>
      <input_file id="fl-e">
         <path>C:\ti\ccsv5\C6000\dsk6416\lib_5x\Debug\</path>
         <kind>archive</kind>
         <file>dsk6416bsl.lib</file>
         <name>dsk6416_aic23_registers.obj</name>
      </input_file>
      <input_file id="fl-f">
         <path>C:\ti\ccsv5\C6000\dsk6416\lib_5x\Debug\</path>
         <kind>archive</kind>
         <file>dsk6416bsl.lib</file>
         <name>dsk6416_aic23_opencodec.obj</name>
      </input_file>
      <input_file id="fl-10">
         <path>C:\ti\ccsv5\C6000\dsk6416\lib_5x\Debug\</path>
         <kind>archive</kind>
         <file>dsk6416bsl.lib</file>
         <name>dsk6416.obj</name>
      </input_file>
      <input_file id="fl-88">
         <path>C:\ti\ccsv5\tools\compiler\c6000_7.4.6\lib\</path>
         <kind>archive</kind>
         <file>rts6400.lib</file>
         <name>boot.obj</name>
      </input_file>
      <input_file id="fl-89">
         <path>C:\ti\ccsv5\tools\compiler\c6000_7.4.6\lib\</path>
         <kind>archive</kind>
         <file>rts6400.lib</file>
         <name>exit.obj</name>
      </input_file>
      <input_file id="fl-8a">
         <path>C:\ti\ccsv5\tools\compiler\c6000_7.4.6\lib\</path>
         <kind>archive</kind>
         <file>rts6400.lib</file>
         <name>strasg.obj</name>
      </input_file>
      <input_file id="fl-8b">
         <path>C:\ti\ccsv5\tools\compiler\c6000_7.4.6\lib\</path>
         <kind>archive</kind>
         <file>rts6400.lib</file>
         <name>args_main.obj</name>
      </input_file>
      <input_file id="fl-8c">
         <path>C:\ti\ccsv5\tools\compiler\c6000_7.4.6\lib\</path>
         <kind>archive</kind>
         <file>rts6400.lib</file>
         <name>autoinit.obj</name>
      </input_file>
      <input_file id="fl-8d">
         <path>C:\ti\ccsv5\tools\compiler\c6000_7.4.6\lib\</path>
         <kind>archive</kind>
         <file>rts6400.lib</file>
         <name>cpp_init.obj</name>
      </input_file>
      <input_file id="fl-8e">
         <path>C:\ti\ccsv5\tools\compiler\c6000_7.4.6\lib\</path>
         <kind>archive</kind>
         <file>rts6400.lib</file>
         <name>cpy_tbl.obj</name>
      </input_file>
      <input_file id="fl-8f">
         <path>C:\ti\ccsv5\tools\compiler\c6000_7.4.6\lib\</path>
         <kind>archive</kind>
         <file>rts6400.lib</file>
         <name>memcpy64.obj</name>
      </input_file>
      <input_file id="fl-90">
         <path>C:\ti\ccsv5\C6000\csl6416\lib_5x\Debug\</path>
         <kind>archive</kind>
         <file>csl6416.lib</file>
         <name>csl_emifb.obj</name>
      </input_file>
      <input_file id="fl-91">
         <path>C:\ti\ccsv5\C6000\csl6416\lib_5x\Debug\</path>
         <kind>archive</kind>
         <file>csl6416.lib</file>
         <name>csl_emifa.obj</name>
      </input_file>
   </input_file_list>
   <object_component_list>
      <object_component id="oc-8a">
         <name>.text</name>
         <load_address>0x220</load_address>
         <run_address>0x220</run_address>
         <size>0x10c0</size>
         <input_file_ref idref="fl-c"/>
      </object_component>
      <object_component id="oc-89">
         <name>.text</name>
         <load_address>0x12e0</load_address>
         <run_address>0x12e0</run_address>
         <size>0xcc0</size>
         <input_file_ref idref="fl-b"/>
      </object_component>
      <object_component id="oc-80">
         <name>.text</name>
         <load_address>0x1fa0</load_address>
         <run_address>0x1fa0</run_address>
         <size>0x680</size>
         <input_file_ref idref="fl-3"/>
      </object_component>
      <object_component id="oc-8c">
         <name>.text</name>
         <load_address>0x2620</load_address>
         <run_address>0x2620</run_address>
         <size>0x400</size>
         <input_file_ref idref="fl-91"/>
      </object_component>
      <object_component id="oc-8b">
         <name>.text</name>
         <load_address>0x2a20</load_address>
         <run_address>0x2a20</run_address>
         <size>0x400</size>
         <input_file_ref idref="fl-90"/>
      </object_component>
      <object_component id="oc-86">
         <name>.text</name>
         <load_address>0x2e20</load_address>
         <run_address>0x2e20</run_address>
         <size>0x360</size>
         <input_file_ref idref="fl-10"/>
      </object_component>
      <object_component id="oc-8e">
         <name>.text</name>
         <load_address>0x3180</load_address>
         <run_address>0x3180</run_address>
         <size>0x1c0</size>
         <input_file_ref idref="fl-e"/>
      </object_component>
      <object_component id="oc-87">
         <name>.text</name>
         <load_address>0x3340</load_address>
         <run_address>0x3340</run_address>
         <size>0x180</size>
         <input_file_ref idref="fl-f"/>
      </object_component>
      <object_component id="oc-30">
         <name>.text:retain</name>
         <load_address>0x34c0</load_address>
         <run_address>0x34c0</run_address>
         <size>0x140</size>
         <input_file_ref idref="fl-5"/>
      </object_component>
      <object_component id="oc-8d">
         <name>.text:__strasgi</name>
         <load_address>0x3600</load_address>
         <run_address>0x3600</run_address>
         <size>0x100</size>
         <input_file_ref idref="fl-8a"/>
      </object_component>
      <object_component id="oc-84">
         <name>.text</name>
         <load_address>0x3700</load_address>
         <run_address>0x3700</run_address>
         <size>0xe0</size>
         <input_file_ref idref="fl-5"/>
      </object_component>
      <object_component id="oc-7d">
         <name>.text:__auto_init</name>
         <load_address>0x37e0</load_address>
         <run_address>0x37e0</run_address>
         <size>0xe0</size>
         <input_file_ref idref="fl-8c"/>
      </object_component>
      <object_component id="oc-82">
         <name>.text:_memcpy</name>
         <load_address>0x38c0</load_address>
         <run_address>0x38c0</run_address>
         <size>0xe0</size>
         <input_file_ref idref="fl-8f"/>
      </object_component>
      <object_component id="oc-88">
         <name>.text</name>
         <load_address>0x39a0</load_address>
         <run_address>0x39a0</run_address>
         <size>0xe0</size>
         <input_file_ref idref="fl-d"/>
      </object_component>
      <object_component id="oc-7f">
         <name>.text:_exit</name>
         <load_address>0x3a80</load_address>
         <run_address>0x3a80</run_address>
         <size>0xc0</size>
         <input_file_ref idref="fl-89"/>
      </object_component>
      <object_component id="oc-81">
         <name>.text:_copy_in</name>
         <load_address>0x3b40</load_address>
         <run_address>0x3b40</run_address>
         <size>0xa0</size>
         <input_file_ref idref="fl-8e"/>
      </object_component>
      <object_component id="oc-83">
         <name>.text:___TI_cpp_init</name>
         <load_address>0x3be0</load_address>
         <run_address>0x3be0</run_address>
         <size>0x80</size>
         <input_file_ref idref="fl-8d"/>
      </object_component>
      <object_component id="oc-18">
         <name>.text:_c_int00</name>
         <load_address>0x3c60</load_address>
         <run_address>0x3c60</run_address>
         <size>0x60</size>
         <input_file_ref idref="fl-88"/>
      </object_component>
      <object_component id="oc-7e">
         <name>.text:__args_main</name>
         <load_address>0x3cc0</load_address>
         <run_address>0x3cc0</run_address>
         <size>0x40</size>
         <input_file_ref idref="fl-8b"/>
      </object_component>
      <object_component id="oc-27">
         <name>.text</name>
         <load_address>0x3d00</load_address>
         <run_address>0x3d00</run_address>
         <size>0x20</size>
         <input_file_ref idref="fl-4"/>
      </object_component>
      <object_component id="oc-85">
         <name>.text:_abort</name>
         <load_address>0x3d20</load_address>
         <run_address>0x3d20</run_address>
         <size>0x20</size>
         <input_file_ref idref="fl-89"/>
      </object_component>
      <object_component id="oc-28">
         <name>.vecs</name>
         <load_address>0x0</load_address>
         <run_address>0x0</run_address>
         <size>0x200</size>
         <input_file_ref idref="fl-4"/>
      </object_component>
      <object_component id="oc-5b">
         <name>.stack</name>
         <uninitialized>true</uninitialized>
         <run_address>0x4f68</run_address>
         <size>0x8</size>
         <input_file_ref idref="fl-88"/>
      </object_component>
      <object_component id="oc-ae">
         <name>.stack</name>
         <uninitialized>true</uninitialized>
         <run_address>0x4f68</run_address>
         <size>0x0</size>
      </object_component>
      <object_component id="oc-19">
         <name>.bss</name>
         <uninitialized>true</uninitialized>
         <run_address>0x5bda</run_address>
         <size>0x2</size>
         <input_file_ref idref="fl-2"/>
      </object_component>
      <object_component id="oc-20">
         <name>.bss</name>
         <uninitialized>true</uninitialized>
         <run_address>0x5bd0</run_address>
         <size>0xa</size>
         <input_file_ref idref="fl-3"/>
      </object_component>
      <object_component id="oc-2c">
         <name>.bss</name>
         <uninitialized>true</uninitialized>
         <run_address>0x5bc0</run_address>
         <size>0x10</size>
         <input_file_ref idref="fl-5"/>
      </object_component>
      <object_component id="oc-3b">
         <name>.bss</name>
         <uninitialized>true</uninitialized>
         <run_address>0x5bdc</run_address>
         <size>0x8</size>
         <input_file_ref idref="fl-c"/>
      </object_component>
      <object_component id="oc-4e">
         <name>.bss</name>
         <uninitialized>true</uninitialized>
         <run_address>0x5be4</run_address>
         <size>0x8</size>
         <input_file_ref idref="fl-f"/>
      </object_component>
      <object_component id="oc-54">
         <name>.bss</name>
         <uninitialized>true</uninitialized>
         <run_address>0x5bec</run_address>
         <size>0x4</size>
         <input_file_ref idref="fl-10"/>
      </object_component>
      <object_component id="oc-56">
         <name>.const</name>
         <load_address>0x5a6c</load_address>
         <run_address>0x5a6c</run_address>
         <size>0xc0</size>
         <input_file_ref idref="fl-10"/>
      </object_component>
      <object_component id="oc-50">
         <name>.const</name>
         <load_address>0x5b2c</load_address>
         <run_address>0x5b2c</run_address>
         <size>0x70</size>
         <input_file_ref idref="fl-f"/>
      </object_component>
      <object_component id="oc-31">
         <name>.const:.string</name>
         <load_address>0x5b9c</load_address>
         <run_address>0x5b9c</run_address>
         <size>0x24</size>
         <input_file_ref idref="fl-5"/>
      </object_component>
      <object_component id="oc-1c">
         <name>.far</name>
         <uninitialized>true</uninitialized>
         <run_address>0x3d40</run_address>
         <size>0x102c</size>
         <input_file_ref idref="fl-2"/>
      </object_component>
      <object_component id="oc-23">
         <name>.far</name>
         <uninitialized>true</uninitialized>
         <run_address>0x4ebc</run_address>
         <size>0x50</size>
         <input_file_ref idref="fl-3"/>
      </object_component>
      <object_component id="oc-2f">
         <name>.far</name>
         <uninitialized>true</uninitialized>
         <run_address>0x4f30</run_address>
         <size>0x14</size>
         <input_file_ref idref="fl-5"/>
      </object_component>
      <object_component id="oc-37">
         <name>.far</name>
         <uninitialized>true</uninitialized>
         <run_address>0x4e68</run_address>
         <size>0x54</size>
         <input_file_ref idref="fl-b"/>
      </object_component>
      <object_component id="oc-3e">
         <name>.far</name>
         <uninitialized>true</uninitialized>
         <run_address>0x4d70</run_address>
         <size>0xf4</size>
         <input_file_ref idref="fl-c"/>
      </object_component>
      <object_component id="oc-44">
         <name>.far</name>
         <uninitialized>true</uninitialized>
         <run_address>0x4f10</run_address>
         <size>0x20</size>
         <input_file_ref idref="fl-d"/>
      </object_component>
      <object_component id="oc-4a">
         <name>.far</name>
         <uninitialized>true</uninitialized>
         <run_address>0x4f44</run_address>
         <size>0x14</size>
         <input_file_ref idref="fl-e"/>
      </object_component>
      <object_component id="oc-60">
         <name>.far</name>
         <uninitialized>true</uninitialized>
         <run_address>0x4f58</run_address>
         <size>0xc</size>
         <input_file_ref idref="fl-89"/>
      </object_component>
      <object_component id="oc-3d">
         <name>.cinit</name>
         <load_address>0x5768</load_address>
         <run_address>0x5768</run_address>
         <size>0x12c</size>
         <input_file_ref idref="fl-c"/>
      </object_component>
      <object_component id="oc-36">
         <name>.cinit</name>
         <load_address>0x5898</load_address>
         <run_address>0x5898</run_address>
         <size>0x7c</size>
         <input_file_ref idref="fl-b"/>
      </object_component>
      <object_component id="oc-22">
         <name>.cinit</name>
         <load_address>0x5918</load_address>
         <run_address>0x5918</run_address>
         <size>0x5c</size>
         <input_file_ref idref="fl-3"/>
      </object_component>
      <object_component id="oc-2e">
         <name>.cinit</name>
         <load_address>0x5978</load_address>
         <run_address>0x5978</run_address>
         <size>0x54</size>
         <input_file_ref idref="fl-5"/>
      </object_component>
      <object_component id="oc-5f">
         <name>.cinit</name>
         <load_address>0x59d0</load_address>
         <run_address>0x59d0</run_address>
         <size>0x2c</size>
         <input_file_ref idref="fl-89"/>
      </object_component>
      <object_component id="oc-43">
         <name>.cinit</name>
         <load_address>0x5a00</load_address>
         <run_address>0x5a00</run_address>
         <size>0x28</size>
         <input_file_ref idref="fl-d"/>
      </object_component>
      <object_component id="oc-49">
         <name>.cinit</name>
         <load_address>0x5a28</load_address>
         <run_address>0x5a28</run_address>
         <size>0x1c</size>
         <input_file_ref idref="fl-e"/>
      </object_component>
      <object_component id="oc-1b">
         <name>.cinit</name>
         <load_address>0x5a48</load_address>
         <run_address>0x5a48</run_address>
         <size>0x1a</size>
         <input_file_ref idref="fl-2"/>
      </object_component>
      <object_component id="oc-1a">
         <name>.debug_info</name>
         <load_address>0x0</load_address>
         <run_address>0x0</run_address>
         <size>0x8fa</size>
         <input_file_ref idref="fl-2"/>
      </object_component>
      <object_component id="oc-21">
         <name>.debug_info</name>
         <load_address>0x8fa</load_address>
         <run_address>0x8fa</run_address>
         <size>0x15e2</size>
         <input_file_ref idref="fl-3"/>
      </object_component>
      <object_component id="oc-29">
         <name>.debug_info</name>
         <load_address>0x1edc</load_address>
         <run_address>0x1edc</run_address>
         <size>0x122</size>
         <input_file_ref idref="fl-4"/>
      </object_component>
      <object_component id="oc-2d">
         <name>.debug_info</name>
         <load_address>0x1ffe</load_address>
         <run_address>0x1ffe</run_address>
         <size>0x908</size>
         <input_file_ref idref="fl-5"/>
      </object_component>
      <object_component id="oc-35">
         <name>.debug_info</name>
         <load_address>0x2906</load_address>
         <run_address>0x2906</run_address>
         <size>0x2906</size>
         <input_file_ref idref="fl-b"/>
      </object_component>
      <object_component id="oc-3c">
         <name>.debug_info</name>
         <load_address>0x520c</load_address>
         <run_address>0x520c</run_address>
         <size>0x23ef</size>
         <input_file_ref idref="fl-c"/>
      </object_component>
      <object_component id="oc-42">
         <name>.debug_info</name>
         <load_address>0x75fb</load_address>
         <run_address>0x75fb</run_address>
         <size>0x885</size>
         <input_file_ref idref="fl-d"/>
      </object_component>
      <object_component id="oc-48">
         <name>.debug_info</name>
         <load_address>0x7e80</load_address>
         <run_address>0x7e80</run_address>
         <size>0xcd4</size>
         <input_file_ref idref="fl-e"/>
      </object_component>
      <object_component id="oc-4f">
         <name>.debug_info</name>
         <load_address>0x8b54</load_address>
         <run_address>0x8b54</run_address>
         <size>0xcd2</size>
         <input_file_ref idref="fl-f"/>
      </object_component>
      <object_component id="oc-55">
         <name>.debug_info</name>
         <load_address>0x9826</load_address>
         <run_address>0x9826</run_address>
         <size>0xed9</size>
         <input_file_ref idref="fl-10"/>
      </object_component>
      <object_component id="oc-5a">
         <name>.debug_info</name>
         <load_address>0xa6ff</load_address>
         <run_address>0xa6ff</run_address>
         <size>0x6f5</size>
         <input_file_ref idref="fl-88"/>
      </object_component>
      <object_component id="oc-5e">
         <name>.debug_info</name>
         <load_address>0xadf4</load_address>
         <run_address>0xadf4</run_address>
         <size>0x7c2</size>
         <input_file_ref idref="fl-89"/>
      </object_component>
      <object_component id="oc-63">
         <name>.debug_info</name>
         <load_address>0xb5b6</load_address>
         <run_address>0xb5b6</run_address>
         <size>0xc4</size>
         <input_file_ref idref="fl-8a"/>
      </object_component>
      <object_component id="oc-66">
         <name>.debug_info</name>
         <load_address>0xb67a</load_address>
         <run_address>0xb67a</run_address>
         <size>0x6cb</size>
         <input_file_ref idref="fl-8b"/>
      </object_component>
      <object_component id="oc-69">
         <name>.debug_info</name>
         <load_address>0xbd45</load_address>
         <run_address>0xbd45</run_address>
         <size>0x841</size>
         <input_file_ref idref="fl-8c"/>
      </object_component>
      <object_component id="oc-6c">
         <name>.debug_info</name>
         <load_address>0xc586</load_address>
         <run_address>0xc586</run_address>
         <size>0x6b9</size>
         <input_file_ref idref="fl-8d"/>
      </object_component>
      <object_component id="oc-6f">
         <name>.debug_info</name>
         <load_address>0xcc3f</load_address>
         <run_address>0xcc3f</run_address>
         <size>0x7af</size>
         <input_file_ref idref="fl-8e"/>
      </object_component>
      <object_component id="oc-72">
         <name>.debug_info</name>
         <load_address>0xd3ee</load_address>
         <run_address>0xd3ee</run_address>
         <size>0xcb</size>
         <input_file_ref idref="fl-8f"/>
      </object_component>
      <object_component id="oc-75">
         <name>.debug_info</name>
         <load_address>0xd4b9</load_address>
         <run_address>0xd4b9</run_address>
         <size>0xf01</size>
         <input_file_ref idref="fl-90"/>
      </object_component>
      <object_component id="oc-79">
         <name>.debug_info</name>
         <load_address>0xe3ba</load_address>
         <run_address>0xe3ba</run_address>
         <size>0xf01</size>
         <input_file_ref idref="fl-91"/>
      </object_component>
      <object_component id="oc-af">
         <name>.debug_info</name>
         <load_address>0xf2bb</load_address>
         <run_address>0xf2bb</run_address>
         <size>0x6d</size>
      </object_component>
      <object_component id="oc-1d">
         <name>.debug_frame</name>
         <load_address>0x0</load_address>
         <run_address>0x0</run_address>
         <size>0x23f</size>
         <input_file_ref idref="fl-2"/>
      </object_component>
      <object_component id="oc-24">
         <name>.debug_frame</name>
         <load_address>0x23f</load_address>
         <run_address>0x23f</run_address>
         <size>0x34d</size>
         <input_file_ref idref="fl-3"/>
      </object_component>
      <object_component id="oc-32">
         <name>.debug_frame</name>
         <load_address>0x58c</load_address>
         <run_address>0x58c</run_address>
         <size>0x2d6</size>
         <input_file_ref idref="fl-5"/>
      </object_component>
      <object_component id="oc-38">
         <name>.debug_frame</name>
         <load_address>0x862</load_address>
         <run_address>0x862</run_address>
         <size>0x51c</size>
         <input_file_ref idref="fl-b"/>
      </object_component>
      <object_component id="oc-3f">
         <name>.debug_frame</name>
         <load_address>0xd7e</load_address>
         <run_address>0xd7e</run_address>
         <size>0x506</size>
         <input_file_ref idref="fl-c"/>
      </object_component>
      <object_component id="oc-45">
         <name>.debug_frame</name>
         <load_address>0x1284</load_address>
         <run_address>0x1284</run_address>
         <size>0x25d</size>
         <input_file_ref idref="fl-d"/>
      </object_component>
      <object_component id="oc-4b">
         <name>.debug_frame</name>
         <load_address>0x14e1</load_address>
         <run_address>0x14e1</run_address>
         <size>0x296</size>
         <input_file_ref idref="fl-e"/>
      </object_component>
      <object_component id="oc-51">
         <name>.debug_frame</name>
         <load_address>0x1777</load_address>
         <run_address>0x1777</run_address>
         <size>0x261</size>
         <input_file_ref idref="fl-f"/>
      </object_component>
      <object_component id="oc-57">
         <name>.debug_frame</name>
         <load_address>0x19d8</load_address>
         <run_address>0x19d8</run_address>
         <size>0x2ee</size>
         <input_file_ref idref="fl-10"/>
      </object_component>
      <object_component id="oc-76">
         <name>.debug_frame</name>
         <load_address>0x1cc6</load_address>
         <run_address>0x1cc6</run_address>
         <size>0x2a1</size>
         <input_file_ref idref="fl-90"/>
      </object_component>
      <object_component id="oc-7a">
         <name>.debug_frame</name>
         <load_address>0x1f67</load_address>
         <run_address>0x1f67</run_address>
         <size>0x2a1</size>
         <input_file_ref idref="fl-91"/>
      </object_component>
      <object_component id="oc-1e">
         <name>.debug_line</name>
         <load_address>0x0</load_address>
         <run_address>0x0</run_address>
         <size>0x33</size>
         <input_file_ref idref="fl-2"/>
      </object_component>
      <object_component id="oc-25">
         <name>.debug_line</name>
         <load_address>0x33</load_address>
         <run_address>0x33</run_address>
         <size>0x15c</size>
         <input_file_ref idref="fl-3"/>
      </object_component>
      <object_component id="oc-2a">
         <name>.debug_line</name>
         <load_address>0x18f</load_address>
         <run_address>0x18f</run_address>
         <size>0xd1</size>
         <input_file_ref idref="fl-4"/>
      </object_component>
      <object_component id="oc-33">
         <name>.debug_line</name>
         <load_address>0x260</load_address>
         <run_address>0x260</run_address>
         <size>0x7c</size>
         <input_file_ref idref="fl-5"/>
      </object_component>
      <object_component id="oc-39">
         <name>.debug_line</name>
         <load_address>0x2dc</load_address>
         <run_address>0x2dc</run_address>
         <size>0x3dd</size>
         <input_file_ref idref="fl-b"/>
      </object_component>
      <object_component id="oc-40">
         <name>.debug_line</name>
         <load_address>0x6b9</load_address>
         <run_address>0x6b9</run_address>
         <size>0x442</size>
         <input_file_ref idref="fl-c"/>
      </object_component>
      <object_component id="oc-46">
         <name>.debug_line</name>
         <load_address>0xafb</load_address>
         <run_address>0xafb</run_address>
         <size>0x71</size>
         <input_file_ref idref="fl-d"/>
      </object_component>
      <object_component id="oc-4c">
         <name>.debug_line</name>
         <load_address>0xb6c</load_address>
         <run_address>0xb6c</run_address>
         <size>0xaf</size>
         <input_file_ref idref="fl-e"/>
      </object_component>
      <object_component id="oc-52">
         <name>.debug_line</name>
         <load_address>0xc1b</load_address>
         <run_address>0xc1b</run_address>
         <size>0x8e</size>
         <input_file_ref idref="fl-f"/>
      </object_component>
      <object_component id="oc-58">
         <name>.debug_line</name>
         <load_address>0xca9</load_address>
         <run_address>0xca9</run_address>
         <size>0x129</size>
         <input_file_ref idref="fl-10"/>
      </object_component>
      <object_component id="oc-5c">
         <name>.debug_line</name>
         <load_address>0xdd2</load_address>
         <run_address>0xdd2</run_address>
         <size>0x3d</size>
         <input_file_ref idref="fl-88"/>
      </object_component>
      <object_component id="oc-61">
         <name>.debug_line</name>
         <load_address>0xe0f</load_address>
         <run_address>0xe0f</run_address>
         <size>0x4f</size>
         <input_file_ref idref="fl-89"/>
      </object_component>
      <object_component id="oc-64">
         <name>.debug_line</name>
         <load_address>0xe5e</load_address>
         <run_address>0xe5e</run_address>
         <size>0x4a</size>
         <input_file_ref idref="fl-8a"/>
      </object_component>
      <object_component id="oc-67">
         <name>.debug_line</name>
         <load_address>0xea8</load_address>
         <run_address>0xea8</run_address>
         <size>0x41</size>
         <input_file_ref idref="fl-8b"/>
      </object_component>
      <object_component id="oc-6a">
         <name>.debug_line</name>
         <load_address>0xee9</load_address>
         <run_address>0xee9</run_address>
         <size>0x47</size>
         <input_file_ref idref="fl-8c"/>
      </object_component>
      <object_component id="oc-6d">
         <name>.debug_line</name>
         <load_address>0xf30</load_address>
         <run_address>0xf30</run_address>
         <size>0x45</size>
         <input_file_ref idref="fl-8d"/>
      </object_component>
      <object_component id="oc-70">
         <name>.debug_line</name>
         <load_address>0xf75</load_address>
         <run_address>0xf75</run_address>
         <size>0x44</size>
         <input_file_ref idref="fl-8e"/>
      </object_component>
      <object_component id="oc-73">
         <name>.debug_line</name>
         <load_address>0xfb9</load_address>
         <run_address>0xfb9</run_address>
         <size>0x4f</size>
         <input_file_ref idref="fl-8f"/>
      </object_component>
      <object_component id="oc-77">
         <name>.debug_line</name>
         <load_address>0x1008</load_address>
         <run_address>0x1008</run_address>
         <size>0x10a</size>
         <input_file_ref idref="fl-90"/>
      </object_component>
      <object_component id="oc-7b">
         <name>.debug_line</name>
         <load_address>0x1112</load_address>
         <run_address>0x1112</run_address>
         <size>0x10a</size>
         <input_file_ref idref="fl-91"/>
      </object_component>
      <object_component id="oc-1f">
         <name>.debug_abbrev</name>
         <load_address>0x0</load_address>
         <run_address>0x0</run_address>
         <size>0x11d</size>
         <input_file_ref idref="fl-2"/>
      </object_component>
      <object_component id="oc-26">
         <name>.debug_abbrev</name>
         <load_address>0x11d</load_address>
         <run_address>0x11d</run_address>
         <size>0x18e</size>
         <input_file_ref idref="fl-3"/>
      </object_component>
      <object_component id="oc-2b">
         <name>.debug_abbrev</name>
         <load_address>0x2ab</load_address>
         <run_address>0x2ab</run_address>
         <size>0x20</size>
         <input_file_ref idref="fl-4"/>
      </object_component>
      <object_component id="oc-34">
         <name>.debug_abbrev</name>
         <load_address>0x2cb</load_address>
         <run_address>0x2cb</run_address>
         <size>0x151</size>
         <input_file_ref idref="fl-5"/>
      </object_component>
      <object_component id="oc-3a">
         <name>.debug_abbrev</name>
         <load_address>0x41c</load_address>
         <run_address>0x41c</run_address>
         <size>0x175</size>
         <input_file_ref idref="fl-b"/>
      </object_component>
      <object_component id="oc-41">
         <name>.debug_abbrev</name>
         <load_address>0x591</load_address>
         <run_address>0x591</run_address>
         <size>0x21b</size>
         <input_file_ref idref="fl-c"/>
      </object_component>
      <object_component id="oc-47">
         <name>.debug_abbrev</name>
         <load_address>0x7ac</load_address>
         <run_address>0x7ac</run_address>
         <size>0xf2</size>
         <input_file_ref idref="fl-d"/>
      </object_component>
      <object_component id="oc-4d">
         <name>.debug_abbrev</name>
         <load_address>0x89e</load_address>
         <run_address>0x89e</run_address>
         <size>0x159</size>
         <input_file_ref idref="fl-e"/>
      </object_component>
      <object_component id="oc-53">
         <name>.debug_abbrev</name>
         <load_address>0x9f7</load_address>
         <run_address>0x9f7</run_address>
         <size>0x11e</size>
         <input_file_ref idref="fl-f"/>
      </object_component>
      <object_component id="oc-59">
         <name>.debug_abbrev</name>
         <load_address>0xb15</load_address>
         <run_address>0xb15</run_address>
         <size>0x15a</size>
         <input_file_ref idref="fl-10"/>
      </object_component>
      <object_component id="oc-5d">
         <name>.debug_abbrev</name>
         <load_address>0xc6f</load_address>
         <run_address>0xc6f</run_address>
         <size>0xfe</size>
         <input_file_ref idref="fl-88"/>
      </object_component>
      <object_component id="oc-62">
         <name>.debug_abbrev</name>
         <load_address>0xd6d</load_address>
         <run_address>0xd6d</run_address>
         <size>0x119</size>
         <input_file_ref idref="fl-89"/>
      </object_component>
      <object_component id="oc-65">
         <name>.debug_abbrev</name>
         <load_address>0xe86</load_address>
         <run_address>0xe86</run_address>
         <size>0x3a</size>
         <input_file_ref idref="fl-8a"/>
      </object_component>
      <object_component id="oc-68">
         <name>.debug_abbrev</name>
         <load_address>0xec0</load_address>
         <run_address>0xec0</run_address>
         <size>0xe1</size>
         <input_file_ref idref="fl-8b"/>
      </object_component>
      <object_component id="oc-6b">
         <name>.debug_abbrev</name>
         <load_address>0xfa1</load_address>
         <run_address>0xfa1</run_address>
         <size>0x13f</size>
         <input_file_ref idref="fl-8c"/>
      </object_component>
      <object_component id="oc-6e">
         <name>.debug_abbrev</name>
         <load_address>0x10e0</load_address>
         <run_address>0x10e0</run_address>
         <size>0xdd</size>
         <input_file_ref idref="fl-8d"/>
      </object_component>
      <object_component id="oc-71">
         <name>.debug_abbrev</name>
         <load_address>0x11bd</load_address>
         <run_address>0x11bd</run_address>
         <size>0x10c</size>
         <input_file_ref idref="fl-8e"/>
      </object_component>
      <object_component id="oc-74">
         <name>.debug_abbrev</name>
         <load_address>0x12c9</load_address>
         <run_address>0x12c9</run_address>
         <size>0x3a</size>
         <input_file_ref idref="fl-8f"/>
      </object_component>
      <object_component id="oc-78">
         <name>.debug_abbrev</name>
         <load_address>0x1303</load_address>
         <run_address>0x1303</run_address>
         <size>0xea</size>
         <input_file_ref idref="fl-90"/>
      </object_component>
      <object_component id="oc-7c">
         <name>.debug_abbrev</name>
         <load_address>0x13ed</load_address>
         <run_address>0x13ed</run_address>
         <size>0xea</size>
         <input_file_ref idref="fl-91"/>
      </object_component>
      <object_component id="oc-b0">
         <name>.debug_abbrev</name>
         <load_address>0x14d7</load_address>
         <run_address>0x14d7</run_address>
         <size>0xd</size>
      </object_component>
   </object_component_list>
   <logical_group_list>
      <logical_group id="lg-2">
         <name>.text</name>
         <load_address>0x220</load_address>
         <run_address>0x220</run_address>
         <size>0x3b20</size>
         <contents>
            <object_component_ref idref="oc-8a"/>
            <object_component_ref idref="oc-89"/>
            <object_component_ref idref="oc-80"/>
            <object_component_ref idref="oc-8c"/>
            <object_component_ref idref="oc-8b"/>
            <object_component_ref idref="oc-86"/>
            <object_component_ref idref="oc-8e"/>
            <object_component_ref idref="oc-87"/>
            <object_component_ref idref="oc-30"/>
            <object_component_ref idref="oc-8d"/>
            <object_component_ref idref="oc-84"/>
            <object_component_ref idref="oc-7d"/>
            <object_component_ref idref="oc-82"/>
            <object_component_ref idref="oc-88"/>
            <object_component_ref idref="oc-7f"/>
            <object_component_ref idref="oc-81"/>
            <object_component_ref idref="oc-83"/>
            <object_component_ref idref="oc-18"/>
            <object_component_ref idref="oc-7e"/>
            <object_component_ref idref="oc-27"/>
            <object_component_ref idref="oc-85"/>
         </contents>
      </logical_group>
      <logical_group id="lg-3">
         <name>.vecs</name>
         <load_address>0x0</load_address>
         <run_address>0x0</run_address>
         <size>0x200</size>
         <contents>
            <object_component_ref idref="oc-28"/>
         </contents>
      </logical_group>
      <logical_group id="lg-4">
         <name>.stack</name>
         <run_address>0x4f68</run_address>
         <size>0x800</size>
         <contents>
            <object_component_ref idref="oc-5b"/>
            <object_component_ref idref="oc-ae"/>
         </contents>
      </logical_group>
      <logical_group id="lg-5">
         <name>.bss</name>
         <run_address>0x5bc0</run_address>
         <size>0x30</size>
         <contents>
            <object_component_ref idref="oc-19"/>
            <object_component_ref idref="oc-20"/>
            <object_component_ref idref="oc-2c"/>
            <object_component_ref idref="oc-3b"/>
            <object_component_ref idref="oc-4e"/>
            <object_component_ref idref="oc-54"/>
         </contents>
      </logical_group>
      <logical_group id="lg-6">
         <name>.cio</name>
         <run_address>0x0</run_address>
         <size>0x0</size>
         <contents>
         </contents>
      </logical_group>
      <logical_group id="lg-7">
         <name>.const</name>
         <load_address>0x5a6c</load_address>
         <run_address>0x5a6c</run_address>
         <size>0x154</size>
         <contents>
            <object_component_ref idref="oc-56"/>
            <object_component_ref idref="oc-50"/>
            <object_component_ref idref="oc-31"/>
         </contents>
      </logical_group>
      <logical_group id="lg-8">
         <name>.data</name>
         <run_address>0x220</run_address>
         <size>0x0</size>
         <contents>
         </contents>
      </logical_group>
      <logical_group id="lg-9">
         <name>.switch</name>
         <run_address>0x0</run_address>
         <size>0x0</size>
         <contents>
         </contents>
      </logical_group>
      <logical_group id="lg-a">
         <name>.sysmem</name>
         <run_address>0x0</run_address>
         <size>0x0</size>
         <contents>
         </contents>
      </logical_group>
      <logical_group id="lg-b">
         <name>.far</name>
         <run_address>0x3d40</run_address>
         <size>0x1224</size>
         <contents>
            <object_component_ref idref="oc-1c"/>
            <object_component_ref idref="oc-23"/>
            <object_component_ref idref="oc-2f"/>
            <object_component_ref idref="oc-37"/>
            <object_component_ref idref="oc-3e"/>
            <object_component_ref idref="oc-44"/>
            <object_component_ref idref="oc-4a"/>
            <object_component_ref idref="oc-60"/>
         </contents>
      </logical_group>
      <logical_group id="lg-c">
         <name>.args</name>
         <run_address>0x0</run_address>
         <size>0x0</size>
         <contents>
         </contents>
      </logical_group>
      <logical_group id="lg-d">
         <name>.ppinfo</name>
         <run_address>0x0</run_address>
         <size>0x0</size>
         <contents>
         </contents>
      </logical_group>
      <logical_group id="lg-e">
         <name>.ppdata</name>
         <run_address>0x0</run_address>
         <size>0x0</size>
         <contents>
         </contents>
      </logical_group>
      <logical_group id="lg-f">
         <name>.pinit</name>
         <run_address>0x0</run_address>
         <size>0x0</size>
         <contents>
         </contents>
      </logical_group>
      <logical_group id="lg-10">
         <name>.cinit</name>
         <load_address>0x5768</load_address>
         <run_address>0x5768</run_address>
         <size>0x304</size>
         <contents>
            <object_component_ref idref="oc-3d"/>
            <object_component_ref idref="oc-36"/>
            <object_component_ref idref="oc-22"/>
            <object_component_ref idref="oc-2e"/>
            <object_component_ref idref="oc-5f"/>
            <object_component_ref idref="oc-43"/>
            <object_component_ref idref="oc-49"/>
            <object_component_ref idref="oc-1b"/>
         </contents>
      </logical_group>
      <logical_group id="lg-11">
         <name>.binit</name>
         <run_address>0x0</run_address>
         <size>0x0</size>
         <contents>
         </contents>
      </logical_group>
      <logical_group id="lg-12">
         <name>.init_array</name>
         <run_address>0x0</run_address>
         <size>0x0</size>
         <contents>
         </contents>
      </logical_group>
      <logical_group id="lg-13">
         <name>.neardata</name>
         <run_address>0x0</run_address>
         <size>0x0</size>
         <contents>
         </contents>
      </logical_group>
      <logical_group id="lg-14">
         <name>.fardata</name>
         <run_address>0x0</run_address>
         <size>0x0</size>
         <contents>
         </contents>
      </logical_group>
      <logical_group id="lg-15">
         <name>.rodata</name>
         <run_address>0x0</run_address>
         <size>0x0</size>
         <contents>
         </contents>
      </logical_group>
      <logical_group id="lg-16">
         <name>.c6xabi.exidx</name>
         <run_address>0x0</run_address>
         <size>0x0</size>
         <contents>
         </contents>
      </logical_group>
      <logical_group id="lg-17">
         <name>.c6xabi.extab</name>
         <run_address>0x0</run_address>
         <size>0x0</size>
         <contents>
         </contents>
      </logical_group>
      <logical_group id="lg-a5">
         <name>.debug_info</name>
         <load_address>0x0</load_address>
         <run_address>0x0</run_address>
         <size>0xf328</size>
         <contents>
            <object_component_ref idref="oc-1a"/>
            <object_component_ref idref="oc-21"/>
            <object_component_ref idref="oc-29"/>
            <object_component_ref idref="oc-2d"/>
            <object_component_ref idref="oc-35"/>
            <object_component_ref idref="oc-3c"/>
            <object_component_ref idref="oc-42"/>
            <object_component_ref idref="oc-48"/>
            <object_component_ref idref="oc-4f"/>
            <object_component_ref idref="oc-55"/>
            <object_component_ref idref="oc-5a"/>
            <object_component_ref idref="oc-5e"/>
            <object_component_ref idref="oc-63"/>
            <object_component_ref idref="oc-66"/>
            <object_component_ref idref="oc-69"/>
            <object_component_ref idref="oc-6c"/>
            <object_component_ref idref="oc-6f"/>
            <object_component_ref idref="oc-72"/>
            <object_component_ref idref="oc-75"/>
            <object_component_ref idref="oc-79"/>
            <object_component_ref idref="oc-af"/>
         </contents>
      </logical_group>
      <logical_group id="lg-a7">
         <name>.debug_frame</name>
         <load_address>0x0</load_address>
         <run_address>0x0</run_address>
         <size>0x2208</size>
         <contents>
            <object_component_ref idref="oc-1d"/>
            <object_component_ref idref="oc-24"/>
            <object_component_ref idref="oc-32"/>
            <object_component_ref idref="oc-38"/>
            <object_component_ref idref="oc-3f"/>
            <object_component_ref idref="oc-45"/>
            <object_component_ref idref="oc-4b"/>
            <object_component_ref idref="oc-51"/>
            <object_component_ref idref="oc-57"/>
            <object_component_ref idref="oc-76"/>
            <object_component_ref idref="oc-7a"/>
         </contents>
      </logical_group>
      <logical_group id="lg-a9">
         <name>.debug_line</name>
         <load_address>0x0</load_address>
         <run_address>0x0</run_address>
         <size>0x121c</size>
         <contents>
            <object_component_ref idref="oc-1e"/>
            <object_component_ref idref="oc-25"/>
            <object_component_ref idref="oc-2a"/>
            <object_component_ref idref="oc-33"/>
            <object_component_ref idref="oc-39"/>
            <object_component_ref idref="oc-40"/>
            <object_component_ref idref="oc-46"/>
            <object_component_ref idref="oc-4c"/>
            <object_component_ref idref="oc-52"/>
            <object_component_ref idref="oc-58"/>
            <object_component_ref idref="oc-5c"/>
            <object_component_ref idref="oc-61"/>
            <object_component_ref idref="oc-64"/>
            <object_component_ref idref="oc-67"/>
            <object_component_ref idref="oc-6a"/>
            <object_component_ref idref="oc-6d"/>
            <object_component_ref idref="oc-70"/>
            <object_component_ref idref="oc-73"/>
            <object_component_ref idref="oc-77"/>
            <object_component_ref idref="oc-7b"/>
         </contents>
      </logical_group>
      <logical_group id="lg-ab">
         <name>.debug_abbrev</name>
         <load_address>0x0</load_address>
         <run_address>0x0</run_address>
         <size>0x14e4</size>
         <contents>
            <object_component_ref idref="oc-1f"/>
            <object_component_ref idref="oc-26"/>
            <object_component_ref idref="oc-2b"/>
            <object_component_ref idref="oc-34"/>
            <object_component_ref idref="oc-3a"/>
            <object_component_ref idref="oc-41"/>
            <object_component_ref idref="oc-47"/>
            <object_component_ref idref="oc-4d"/>
            <object_component_ref idref="oc-53"/>
            <object_component_ref idref="oc-59"/>
            <object_component_ref idref="oc-5d"/>
            <object_component_ref idref="oc-62"/>
            <object_component_ref idref="oc-65"/>
            <object_component_ref idref="oc-68"/>
            <object_component_ref idref="oc-6b"/>
            <object_component_ref idref="oc-6e"/>
            <object_component_ref idref="oc-71"/>
            <object_component_ref idref="oc-74"/>
            <object_component_ref idref="oc-78"/>
            <object_component_ref idref="oc-7c"/>
            <object_component_ref idref="oc-b0"/>
         </contents>
      </logical_group>
   </logical_group_list>
   <placement_map>
      <memory_area>
         <name>IVECS</name>
         <page_id>0x0</page_id>
         <origin>0x0</origin>
         <length>0x220</length>
         <used_space>0x200</used_space>
         <unused_space>0x20</unused_space>
         <attributes>RWIX</attributes>
         <usage_details>
            <allocated_space>
               <start_address>0x0</start_address>
               <size>0x200</size>
               <logical_group_ref idref="lg-3"/>
            </allocated_space>
            <available_space>
               <start_address>0x200</start_address>
               <size>0x20</size>
            </available_space>
         </usage_details>
      </memory_area>
      <memory_area>
         <name>L2RAM</name>
         <page_id>0x0</page_id>
         <origin>0x220</origin>
         <length>0x100000</length>
         <used_space>0x59cc</used_space>
         <unused_space>0xfa634</unused_space>
         <attributes>RWIX</attributes>
         <usage_details>
            <allocated_space>
               <start_address>0x220</start_address>
               <size>0x0</size>
               <logical_group_ref idref="lg-8"/>
            </allocated_space>
            <allocated_space>
               <start_address>0x220</start_address>
               <size>0x3b20</size>
               <logical_group_ref idref="lg-2"/>
            </allocated_space>
            <allocated_space>
               <start_address>0x3d40</start_address>
               <size>0x1224</size>
               <logical_group_ref idref="lg-b"/>
            </allocated_space>
            <available_space>
               <start_address>0x4f64</start_address>
               <size>0x4</size>
            </available_space>
            <allocated_space>
               <start_address>0x4f68</start_address>
               <size>0x800</size>
               <logical_group_ref idref="lg-4"/>
            </allocated_space>
            <allocated_space>
               <start_address>0x5768</start_address>
               <size>0x304</size>
               <logical_group_ref idref="lg-10"/>
            </allocated_space>
            <allocated_space>
               <start_address>0x5a6c</start_address>
               <size>0x154</size>
               <logical_group_ref idref="lg-7"/>
            </allocated_space>
            <allocated_space>
               <start_address>0x5bc0</start_address>
               <size>0x30</size>
               <logical_group_ref idref="lg-5"/>
            </allocated_space>
            <available_space>
               <start_address>0x5bf0</start_address>
               <size>0xfa630</size>
            </available_space>
         </usage_details>
      </memory_area>
      <memory_area>
         <name>EMIFBCE0</name>
         <page_id>0x0</page_id>
         <origin>0x60000000</origin>
         <length>0x4000000</length>
         <used_space>0x0</used_space>
         <unused_space>0x4000000</unused_space>
         <attributes>RWIX</attributes>
         <usage_details>
         </usage_details>
      </memory_area>
      <memory_area>
         <name>EMIFBCE1</name>
         <page_id>0x0</page_id>
         <origin>0x64000000</origin>
         <length>0x4000000</length>
         <used_space>0x0</used_space>
         <unused_space>0x4000000</unused_space>
         <attributes>RWIX</attributes>
         <usage_details>
         </usage_details>
      </memory_area>
      <memory_area>
         <name>EMIFBCE2</name>
         <page_id>0x0</page_id>
         <origin>0x68000000</origin>
         <length>0x4000000</length>
         <used_space>0x0</used_space>
         <unused_space>0x4000000</unused_space>
         <attributes>RWIX</attributes>
         <usage_details>
         </usage_details>
      </memory_area>
      <memory_area>
         <name>EMIFBCE3</name>
         <page_id>0x0</page_id>
         <origin>0x6c000000</origin>
         <length>0x4000000</length>
         <used_space>0x0</used_space>
         <unused_space>0x4000000</unused_space>
         <attributes>RWIX</attributes>
         <usage_details>
         </usage_details>
      </memory_area>
      <memory_area>
         <name>EMIFACE0</name>
         <page_id>0x0</page_id>
         <origin>0x80000000</origin>
         <length>0x10000000</length>
         <used_space>0x0</used_space>
         <unused_space>0x10000000</unused_space>
         <attributes>RWIX</attributes>
         <usage_details>
         </usage_details>
      </memory_area>
      <memory_area>
         <name>EMIFACE1</name>
         <page_id>0x0</page_id>
         <origin>0x90000000</origin>
         <length>0x10000000</length>
         <used_space>0x0</used_space>
         <unused_space>0x10000000</unused_space>
         <attributes>RWIX</attributes>
         <usage_details>
         </usage_details>
      </memory_area>
      <memory_area>
         <name>EMIFACE2</name>
         <page_id>0x0</page_id>
         <origin>0xa0000000</origin>
         <length>0x10000000</length>
         <used_space>0x0</used_space>
         <unused_space>0x10000000</unused_space>
         <attributes>RWIX</attributes>
         <usage_details>
         </usage_details>
      </memory_area>
      <memory_area>
         <name>EMIFACE3</name>
         <page_id>0x0</page_id>
         <origin>0xb0000000</origin>
         <length>0x10000000</length>
         <used_space>0x0</used_space>
         <unused_space>0x10000000</unused_space>
         <attributes>RWIX</attributes>
         <usage_details>
         </usage_details>
      </memory_area>
   </placement_map>
   <symbol_table>
      <symbol id="sm-0">
         <name>cinit</name>
         <value>0x5768</value>
      </symbol>
      <symbol id="sm-1">
         <name>___cinit__</name>
         <value>0x5768</value>
      </symbol>
      <symbol id="sm-2">
         <name>pinit</name>
         <value>0xffffffff</value>
      </symbol>
      <symbol id="sm-3">
         <name>___pinit__</name>
         <value>0xffffffff</value>
      </symbol>
      <symbol id="sm-4">
         <name>binit</name>
         <value>0xffffffff</value>
      </symbol>
      <symbol id="sm-5">
         <name>___binit__</name>
         <value>0xffffffff</value>
      </symbol>
      <symbol id="sm-6">
         <name>__STACK_SIZE</name>
         <value>0x800</value>
      </symbol>
      <symbol id="sm-7">
         <name>__STACK_END</name>
         <value>0x5768</value>
      </symbol>
      <symbol id="sm-8">
         <name>___c_args__</name>
         <value>0xffffffff</value>
      </symbol>
      <symbol id="sm-9">
         <name>.text</name>
         <value>0x220</value>
      </symbol>
      <symbol id="sm-a">
         <name>___text__</name>
         <value>0x220</value>
      </symbol>
      <symbol id="sm-b">
         <name>etext</name>
         <value>0x3d40</value>
      </symbol>
      <symbol id="sm-c">
         <name>___etext__</name>
         <value>0x3d40</value>
      </symbol>
      <symbol id="sm-d">
         <name>.data</name>
         <value>0x220</value>
      </symbol>
      <symbol id="sm-e">
         <name>___data__</name>
         <value>0x220</value>
      </symbol>
      <symbol id="sm-f">
         <name>edata</name>
         <value>0x220</value>
      </symbol>
      <symbol id="sm-10">
         <name>___edata__</name>
         <value>0x220</value>
      </symbol>
      <symbol id="sm-11">
         <name>.bss</name>
         <value>0x5bc0</value>
      </symbol>
      <symbol id="sm-12">
         <name>___bss__</name>
         <value>0x5bc0</value>
      </symbol>
      <symbol id="sm-13">
         <name>end</name>
         <value>0x5bf0</value>
      </symbol>
      <symbol id="sm-14">
         <name>___end__</name>
         <value>0x5bf0</value>
      </symbol>
      <symbol id="sm-15">
         <name>___TI_pprof_out_hndl</name>
         <value>0xffffffff</value>
      </symbol>
      <symbol id="sm-16">
         <name>___TI_prof_data_start</name>
         <value>0xffffffff</value>
      </symbol>
      <symbol id="sm-17">
         <name>___TI_prof_data_size</name>
         <value>0xffffffff</value>
      </symbol>
      <symbol id="sm-18">
         <name>$bss</name>
         <value>0x5bc0</value>
      </symbol>
      <symbol id="sm-5b">
         <name>_HpiSvcBlock</name>
         <value>0x3d40</value>
         <object_component_ref idref="oc-1c"/>
      </symbol>
      <symbol id="sm-a6">
         <name>_comm_poll</name>
         <value>0x203c</value>
         <object_component_ref idref="oc-80"/>
      </symbol>
      <symbol id="sm-a7">
         <name>_output_left_sample</name>
         <value>0x2258</value>
         <object_component_ref idref="oc-80"/>
      </symbol>
      <symbol id="sm-a8">
         <name>_comm_intr</name>
         <value>0x2068</value>
         <object_component_ref idref="oc-80"/>
      </symbol>
      <symbol id="sm-a9">
         <name>_input_left_sample</name>
         <value>0x24c4</value>
         <object_component_ref idref="oc-80"/>
      </symbol>
      <symbol id="sm-aa">
         <name>_output_sample</name>
         <value>0x2164</value>
         <object_component_ref idref="oc-80"/>
      </symbol>
      <symbol id="sm-ab">
         <name>_c6416_dsk_init</name>
         <value>0x1fa0</value>
         <object_component_ref idref="oc-80"/>
      </symbol>
      <symbol id="sm-ac">
         <name>_config</name>
         <value>0x4ef8</value>
         <object_component_ref idref="oc-23"/>
      </symbol>
      <symbol id="sm-ad">
         <name>_input_right_sample</name>
         <value>0x256c</value>
         <object_component_ref idref="oc-80"/>
      </symbol>
      <symbol id="sm-ae">
         <name>_AIC_data</name>
         <value>0x4ebc</value>
         <object_component_ref idref="oc-23"/>
      </symbol>
      <symbol id="sm-af">
         <name>_hAIC23_handle</name>
         <value>0x5bd8</value>
         <object_component_ref idref="oc-20"/>
      </symbol>
      <symbol id="sm-b0">
         <name>_AIC23CfgData</name>
         <value>0x4ec0</value>
         <object_component_ref idref="oc-23"/>
      </symbol>
      <symbol id="sm-b1">
         <name>_input_sample</name>
         <value>0x23d8</value>
         <object_component_ref idref="oc-80"/>
      </symbol>
      <symbol id="sm-b2">
         <name>_output_right_sample</name>
         <value>0x2318</value>
         <object_component_ref idref="oc-80"/>
      </symbol>
      <symbol id="sm-bf">
         <name>_vector10</name>
         <value>0x140</value>
         <object_component_ref idref="oc-28"/>
      </symbol>
      <symbol id="sm-c0">
         <name>_vector12</name>
         <value>0x180</value>
         <object_component_ref idref="oc-28"/>
      </symbol>
      <symbol id="sm-c1">
         <name>_vector13</name>
         <value>0x1a0</value>
         <object_component_ref idref="oc-28"/>
      </symbol>
      <symbol id="sm-c2">
         <name>_vector14</name>
         <value>0x1c0</value>
         <object_component_ref idref="oc-28"/>
      </symbol>
      <symbol id="sm-c3">
         <name>_vector15</name>
         <value>0x1e0</value>
         <object_component_ref idref="oc-28"/>
      </symbol>
      <symbol id="sm-c4">
         <name>_vectors</name>
         <value>0x0</value>
         <object_component_ref idref="oc-28"/>
      </symbol>
      <symbol id="sm-c5">
         <name>_vector1</name>
         <value>0x20</value>
         <object_component_ref idref="oc-28"/>
      </symbol>
      <symbol id="sm-c6">
         <name>_vector3</name>
         <value>0x60</value>
         <object_component_ref idref="oc-28"/>
      </symbol>
      <symbol id="sm-c7">
         <name>_vector2</name>
         <value>0x40</value>
         <object_component_ref idref="oc-28"/>
      </symbol>
      <symbol id="sm-c8">
         <name>_vector5</name>
         <value>0xa0</value>
         <object_component_ref idref="oc-28"/>
      </symbol>
      <symbol id="sm-c9">
         <name>_vector4</name>
         <value>0x80</value>
         <object_component_ref idref="oc-28"/>
      </symbol>
      <symbol id="sm-ca">
         <name>_vector7</name>
         <value>0xe0</value>
         <object_component_ref idref="oc-28"/>
      </symbol>
      <symbol id="sm-cb">
         <name>_vector6</name>
         <value>0xc0</value>
         <object_component_ref idref="oc-28"/>
      </symbol>
      <symbol id="sm-cc">
         <name>_vector9</name>
         <value>0x120</value>
         <object_component_ref idref="oc-28"/>
      </symbol>
      <symbol id="sm-cd">
         <name>_vector8</name>
         <value>0x100</value>
         <object_component_ref idref="oc-28"/>
      </symbol>
      <symbol id="sm-ec">
         <name>_main</name>
         <value>0x3700</value>
         <object_component_ref idref="oc-84"/>
      </symbol>
      <symbol id="sm-ed">
         <name>_c_int11</name>
         <value>0x34c0</value>
         <object_component_ref idref="oc-30"/>
      </symbol>
      <symbol id="sm-ee">
         <name>_IsrKeyData</name>
         <value>0x5bcc</value>
         <object_component_ref idref="oc-2c"/>
      </symbol>
      <symbol id="sm-ef">
         <name>_fs</name>
         <value>0x5bc0</value>
         <object_component_ref idref="oc-2c"/>
      </symbol>
      <symbol id="sm-f0">
         <name>_AIC_buffer</name>
         <value>0x4f40</value>
         <object_component_ref idref="oc-2f"/>
      </symbol>
      <symbol id="sm-f1">
         <name>_sine_table</name>
         <value>0x4f30</value>
         <object_component_ref idref="oc-2f"/>
      </symbol>
      <symbol id="sm-f2">
         <name>_IsrKeyFlag</name>
         <value>0x5bc8</value>
         <object_component_ref idref="oc-2c"/>
      </symbol>
      <symbol id="sm-f3">
         <name>_intflag</name>
         <value>0x5bc4</value>
         <object_component_ref idref="oc-2c"/>
      </symbol>
      <symbol id="sm-121">
         <name>_MCBSP_enableSrgr</name>
         <value>0x1530</value>
         <object_component_ref idref="oc-89"/>
      </symbol>
      <symbol id="sm-122">
         <name>_MCBSP_getRcvEventId</name>
         <value>0x1334</value>
         <object_component_ref idref="oc-89"/>
      </symbol>
      <symbol id="sm-123">
         <name>_MCBSP_read</name>
         <value>0x1350</value>
         <object_component_ref idref="oc-89"/>
      </symbol>
      <symbol id="sm-124">
         <name>_MCBSP_open</name>
         <value>0x1c14</value>
         <object_component_ref idref="oc-89"/>
      </symbol>
      <symbol id="sm-125">
         <name>_MCBSP_xsyncerr</name>
         <value>0x1438</value>
         <object_component_ref idref="oc-89"/>
      </symbol>
      <symbol id="sm-126">
         <name>_MCBSP_getPins</name>
         <value>0x1ea8</value>
         <object_component_ref idref="oc-89"/>
      </symbol>
      <symbol id="sm-127">
         <name>_MCBSP_close</name>
         <value>0x1d00</value>
         <object_component_ref idref="oc-89"/>
      </symbol>
      <symbol id="sm-128">
         <name>_MCBSP_xrdy</name>
         <value>0x1398</value>
         <object_component_ref idref="oc-89"/>
      </symbol>
      <symbol id="sm-129">
         <name>_MCBSP_start</name>
         <value>0x1d74</value>
         <object_component_ref idref="oc-89"/>
      </symbol>
      <symbol id="sm-12a">
         <name>_MCBSP_getRcvAddr</name>
         <value>0x12fc</value>
         <object_component_ref idref="oc-89"/>
      </symbol>
      <symbol id="sm-12b">
         <name>_MCBSP_rfull</name>
         <value>0x1410</value>
         <object_component_ref idref="oc-89"/>
      </symbol>
      <symbol id="sm-12c">
         <name>_MCBSP_rsyncerr</name>
         <value>0x1460</value>
         <object_component_ref idref="oc-89"/>
      </symbol>
      <symbol id="sm-12d">
         <name>_MCBSP_getConfig</name>
         <value>0x1868</value>
         <object_component_ref idref="oc-89"/>
      </symbol>
      <symbol id="sm-12e">
         <name>__MCBSP_hDev0</name>
         <value>0x4eb0</value>
         <object_component_ref idref="oc-37"/>
      </symbol>
      <symbol id="sm-12f">
         <name>__MCBSP_hDev1</name>
         <value>0x4eb4</value>
         <object_component_ref idref="oc-37"/>
      </symbol>
      <symbol id="sm-130">
         <name>__MCBSP_hDev2</name>
         <value>0x4eb8</value>
         <object_component_ref idref="oc-37"/>
      </symbol>
      <symbol id="sm-131">
         <name>_MCBSP_xempty</name>
         <value>0x13e8</value>
         <object_component_ref idref="oc-89"/>
      </symbol>
      <symbol id="sm-132">
         <name>_MCBSP_getXmtEventId</name>
         <value>0x1318</value>
         <object_component_ref idref="oc-89"/>
      </symbol>
      <symbol id="sm-133">
         <name>_MCBSP_write</name>
         <value>0x1374</value>
         <object_component_ref idref="oc-89"/>
      </symbol>
      <symbol id="sm-134">
         <name>_MCBSP_rrdy</name>
         <value>0x13c0</value>
         <object_component_ref idref="oc-89"/>
      </symbol>
      <symbol id="sm-135">
         <name>_MCBSP_resetAll</name>
         <value>0x1bf0</value>
         <object_component_ref idref="oc-89"/>
      </symbol>
      <symbol id="sm-136">
         <name>_MCBSP_config</name>
         <value>0x1568</value>
         <object_component_ref idref="oc-89"/>
      </symbol>
      <symbol id="sm-137">
         <name>_MCBSP_setPins</name>
         <value>0x1ed0</value>
         <object_component_ref idref="oc-89"/>
      </symbol>
      <symbol id="sm-138">
         <name>_MCBSP_getXmtAddr</name>
         <value>0x12e0</value>
         <object_component_ref idref="oc-89"/>
      </symbol>
      <symbol id="sm-139">
         <name>_MCBSP_reset</name>
         <value>0x19ec</value>
         <object_component_ref idref="oc-89"/>
      </symbol>
      <symbol id="sm-13a">
         <name>_MCBSP_enableXmt</name>
         <value>0x1488</value>
         <object_component_ref idref="oc-89"/>
      </symbol>
      <symbol id="sm-13b">
         <name>_MCBSP_configArgs</name>
         <value>0x16f4</value>
         <object_component_ref idref="oc-89"/>
      </symbol>
      <symbol id="sm-13c">
         <name>_MCBSP_enableRcv</name>
         <value>0x14c0</value>
         <object_component_ref idref="oc-89"/>
      </symbol>
      <symbol id="sm-13d">
         <name>_MCBSP_enableFsync</name>
         <value>0x14f8</value>
         <object_component_ref idref="oc-89"/>
      </symbol>
      <symbol id="sm-19e">
         <name>__IRQ_init</name>
         <value>0x83c</value>
         <object_component_ref idref="oc-8a"/>
      </symbol>
      <symbol id="sm-19f">
         <name>_IRQ_restore</name>
         <value>0x2d8</value>
         <object_component_ref idref="oc-8a"/>
      </symbol>
      <symbol id="sm-1a0">
         <name>_IRQ_getArg</name>
         <value>0xe50</value>
         <object_component_ref idref="oc-8a"/>
      </symbol>
      <symbol id="sm-1a1">
         <name>_IRQ_setArg</name>
         <value>0xf10</value>
         <object_component_ref idref="oc-8a"/>
      </symbol>
      <symbol id="sm-1a2">
         <name>_IRQ_getConfig</name>
         <value>0xd14</value>
         <object_component_ref idref="oc-8a"/>
      </symbol>
      <symbol id="sm-1a3">
         <name>_IRQ_set</name>
         <value>0x344</value>
         <object_component_ref idref="oc-8a"/>
      </symbol>
      <symbol id="sm-1a4">
         <name>__IRQ_intTable</name>
         <value>0x4e20</value>
         <object_component_ref idref="oc-3e"/>
      </symbol>
      <symbol id="sm-1a5">
         <name>__IRQ_hookFetchPacket</name>
         <value>0x220</value>
         <object_component_ref idref="oc-8a"/>
      </symbol>
      <symbol id="sm-1a6">
         <name>_IRQ_hook</name>
         <value>0xff8</value>
         <object_component_ref idref="oc-8a"/>
      </symbol>
      <symbol id="sm-1a7">
         <name>_IRQ_test</name>
         <value>0x3a4</value>
         <object_component_ref idref="oc-8a"/>
      </symbol>
      <symbol id="sm-1a8">
         <name>_IRQ_nmiEnable</name>
         <value>0x4d8</value>
         <object_component_ref idref="oc-8a"/>
      </symbol>
      <symbol id="sm-1a9">
         <name>_IRQ_clear</name>
         <value>0x374</value>
         <object_component_ref idref="oc-8a"/>
      </symbol>
      <symbol id="sm-1aa">
         <name>_IRQ_disable</name>
         <value>0x278</value>
         <object_component_ref idref="oc-8a"/>
      </symbol>
      <symbol id="sm-1ab">
         <name>_IRQ_globalRestore</name>
         <value>0x428</value>
         <object_component_ref idref="oc-8a"/>
      </symbol>
      <symbol id="sm-1ac">
         <name>__IRQ_eventTable</name>
         <value>0x4d98</value>
         <object_component_ref idref="oc-3e"/>
      </symbol>
      <symbol id="sm-1ad">
         <name>_IRQ_map</name>
         <value>0x8d8</value>
         <object_component_ref idref="oc-8a"/>
      </symbol>
      <symbol id="sm-1ae">
         <name>_IRQ_nmiDisable</name>
         <value>0x4ec</value>
         <object_component_ref idref="oc-8a"/>
      </symbol>
      <symbol id="sm-1af">
         <name>_IRQ_globalDisable</name>
         <value>0x3f8</value>
         <object_component_ref idref="oc-8a"/>
      </symbol>
      <symbol id="sm-1b0">
         <name>_IRQ_globalEnable</name>
         <value>0x3e0</value>
         <object_component_ref idref="oc-8a"/>
      </symbol>
      <symbol id="sm-1b1">
         <name>_IRQ_resetAll</name>
         <value>0x4ac</value>
         <object_component_ref idref="oc-8a"/>
      </symbol>
      <symbol id="sm-1b2">
         <name>_IRQ_configArgs</name>
         <value>0xbac</value>
         <object_component_ref idref="oc-8a"/>
      </symbol>
      <symbol id="sm-1b3">
         <name>_IRQ_config</name>
         <value>0xa38</value>
         <object_component_ref idref="oc-8a"/>
      </symbol>
      <symbol id="sm-1b4">
         <name>_IRQ_biosPresent</name>
         <value>0xa2c</value>
         <object_component_ref idref="oc-8a"/>
      </symbol>
      <symbol id="sm-1b5">
         <name>__IRQ_dispatchTable</name>
         <value>0x4e60</value>
         <object_component_ref idref="oc-3e"/>
      </symbol>
      <symbol id="sm-1b6">
         <name>_IRQ_enable</name>
         <value>0x240</value>
         <object_component_ref idref="oc-8a"/>
      </symbol>
      <symbol id="sm-1b7">
         <name>_IRQ_reset</name>
         <value>0x454</value>
         <object_component_ref idref="oc-8a"/>
      </symbol>
      <symbol id="sm-1b8">
         <name>_IRQ_setVecs</name>
         <value>0xfc4</value>
         <object_component_ref idref="oc-8a"/>
      </symbol>
      <symbol id="sm-1d3">
         <name>_DSK6416_AIC23_setFreq</name>
         <value>0x39a0</value>
         <object_component_ref idref="oc-88"/>
      </symbol>
      <symbol id="sm-1fe">
         <name>_DSK6416_AIC23_config</name>
         <value>0x32a4</value>
         <object_component_ref idref="oc-8e"/>
      </symbol>
      <symbol id="sm-1ff">
         <name>_DSK6416_AIC23_rset</name>
         <value>0x3180</value>
         <object_component_ref idref="oc-8e"/>
      </symbol>
      <symbol id="sm-200">
         <name>_DSK6416_AIC23_rget</name>
         <value>0x3268</value>
         <object_component_ref idref="oc-8e"/>
      </symbol>
      <symbol id="sm-220">
         <name>_DSK6416_AIC23_openCodec</name>
         <value>0x3340</value>
         <object_component_ref idref="oc-87"/>
      </symbol>
      <symbol id="sm-221">
         <name>_DSK6416_AIC23_codeccontrolhandle</name>
         <value>0x5be4</value>
         <object_component_ref idref="oc-4e"/>
      </symbol>
      <symbol id="sm-222">
         <name>_DSK6416_AIC23_codecdatahandle</name>
         <value>0x5be8</value>
         <object_component_ref idref="oc-4e"/>
      </symbol>
      <symbol id="sm-24c">
         <name>_DSK6416_init</name>
         <value>0x2e20</value>
         <object_component_ref idref="oc-86"/>
      </symbol>
      <symbol id="sm-24d">
         <name>_DSK6416_waitusec</name>
         <value>0x30c0</value>
         <object_component_ref idref="oc-86"/>
      </symbol>
      <symbol id="sm-24e">
         <name>_DSK6416_rset</name>
         <value>0x3028</value>
         <object_component_ref idref="oc-86"/>
      </symbol>
      <symbol id="sm-24f">
         <name>_DSK6416_version</name>
         <value>0x5bec</value>
         <object_component_ref idref="oc-54"/>
      </symbol>
      <symbol id="sm-250">
         <name>_DSK6416_rget</name>
         <value>0x2ff8</value>
         <object_component_ref idref="oc-86"/>
      </symbol>
      <symbol id="sm-251">
         <name>_DSK6416_wait</name>
         <value>0x3064</value>
         <object_component_ref idref="oc-86"/>
      </symbol>
      <symbol id="sm-252">
         <name>_DSK6416_getVersion</name>
         <value>0x30fc</value>
         <object_component_ref idref="oc-86"/>
      </symbol>
      <symbol id="sm-25e">
         <name>_c_int00</name>
         <value>0x3c60</value>
         <object_component_ref idref="oc-18"/>
      </symbol>
      <symbol id="sm-25f">
         <name>__stack</name>
         <value>0x4f68</value>
         <object_component_ref idref="oc-5b"/>
      </symbol>
      <symbol id="sm-26f">
         <name>C$$EXIT</name>
         <value>0x3d20</value>
         <object_component_ref idref="oc-85"/>
      </symbol>
      <symbol id="sm-270">
         <name>_exit</name>
         <value>0x3a80</value>
         <object_component_ref idref="oc-7f"/>
      </symbol>
      <symbol id="sm-271">
         <name>___TI_enable_exit_profile_output</name>
         <value>0x4f60</value>
         <object_component_ref idref="oc-60"/>
      </symbol>
      <symbol id="sm-272">
         <name>_abort</name>
         <value>0x3d20</value>
         <object_component_ref idref="oc-85"/>
      </symbol>
      <symbol id="sm-273">
         <name>__cleanup_ptr</name>
         <value>0x4f58</value>
         <object_component_ref idref="oc-60"/>
      </symbol>
      <symbol id="sm-274">
         <name>__dtors_ptr</name>
         <value>0x4f5c</value>
         <object_component_ref idref="oc-60"/>
      </symbol>
      <symbol id="sm-27c">
         <name>__c6xabi_strasgi</name>
         <value>0x3600</value>
         <object_component_ref idref="oc-8d"/>
      </symbol>
      <symbol id="sm-27d">
         <name>__strasgi</name>
         <value>0x3600</value>
         <object_component_ref idref="oc-8d"/>
      </symbol>
      <symbol id="sm-287">
         <name>__args_main</name>
         <value>0x3cc0</value>
         <object_component_ref idref="oc-7e"/>
      </symbol>
      <symbol id="sm-288">
         <name>__TI_args_main</name>
         <value>0x1</value>
      </symbol>
      <symbol id="sm-292">
         <name>__auto_init</name>
         <value>0x37e0</value>
         <object_component_ref idref="oc-7d"/>
      </symbol>
      <symbol id="sm-29c">
         <name>___TI_cpp_init</name>
         <value>0x3be0</value>
         <object_component_ref idref="oc-83"/>
      </symbol>
      <symbol id="sm-2a6">
         <name>_copy_in</name>
         <value>0x3b40</value>
         <object_component_ref idref="oc-81"/>
      </symbol>
      <symbol id="sm-2ae">
         <name>_memcpy</name>
         <value>0x38c0</value>
         <object_component_ref idref="oc-82"/>
      </symbol>
      <symbol id="sm-2be">
         <name>_EMIFB_config</name>
         <value>0x2a20</value>
         <object_component_ref idref="oc-8b"/>
      </symbol>
      <symbol id="sm-2bf">
         <name>_EMIFB_configArgs</name>
         <value>0x2b64</value>
         <object_component_ref idref="oc-8b"/>
      </symbol>
      <symbol id="sm-2c0">
         <name>_EMIFB_getConfig</name>
         <value>0x2cb0</value>
         <object_component_ref idref="oc-8b"/>
      </symbol>
      <symbol id="sm-2d0">
         <name>_EMIFA_configArgs</name>
         <value>0x2764</value>
         <object_component_ref idref="oc-8c"/>
      </symbol>
      <symbol id="sm-2d1">
         <name>_EMIFA_getConfig</name>
         <value>0x28b0</value>
         <object_component_ref idref="oc-8c"/>
      </symbol>
      <symbol id="sm-2d2">
         <name>_EMIFA_config</name>
         <value>0x2620</value>
         <object_component_ref idref="oc-8c"/>
      </symbol>
   </symbol_table>
</link_info>
