******************************************************************************
              TMS320C55x Linker PC v4.4.1                      
******************************************************************************
>> Linked Wed May 10 19:24:36 2023

OUTPUT FILE NAME:   <nco.out>
ENTRY POINT SYMBOL: "_c_int00"  address: 000206a3


MEMORY CONFIGURATION

         name            origin    length      used     unused   attr    fill
                        (bytes)   (bytes)    (bytes)   (bytes)
----------------------  --------  ---------  --------  --------  ----  --------
PAGE 0:
  MMR                   00000000   000000c0  00000000  000000c0  RWIX
  DARAM0                000000c0   0000ff40  00003052  0000ceee  RWIX
  SARAM0                00010000   00010000  00000000  00010000  RWIX
  SARAM1                00020000   00020000  000006f3  0001f90d  RWIX
  SARAM2                00040000   0000fe00  00000032  0000fdce  RWIX
  VECS                  0004fe00   00000200  00000100  00000100  RWIX
  PDROM                 00ff8000   00008000  00000000  00008000  R IX

PAGE 2:
  IOPORT                00000000   00020000  00000000  00020000  RWI 


SECTION ALLOCATION MAP
(Addresses surrounded by []'s are displayed for convenience only!)

output                                                          attributes/
section   page  orgn(bytes) orgn(words) len(bytes) len(words)   input sections
--------  ----  ----------- ----------- ---------- ----------   --------------
.pinit       0   [ 00040000 ]  00020000          *   00000000   UNINITIALIZED

.stack       0   [ 000000c0 ]  00000060          *   00001000   UNINITIALIZED
                 [ 000000c0 ]  00000060          *   00001000   --HOLE--

.data        0   [ 000000c0 ]  00000060          *   00000000   UNINITIALIZED

.sysstack 
*            0   [ 000020c0 ]  00001060          *   00000800   UNINITIALIZED
                 [ 000020c0 ]  00001060          *   00000800   --HOLE--

.const       0   [ 000030c0 ]  00001860          *   00000020   
                 [ 000030c0 ]  00001860          *   00000020   main.obj (.const:_$P$T0$1)

.bss         0   [ 00003100 ]  00001880          *   00000009   UNINITIALIZED
                 [ 00003100 ]  00001880          *   00000004   rts55x_eh.lib : _lock.obj (.bss)
                 [ 00003108 ]  00001884          *   00000004                 : exit.obj (.bss)
                 [ 00003110 ]  00001888          *   00000001   usbstk5515bsl.lib : usbstk5515_i2c.obj (.bss)

.text        0     00020000  [ 00010000 ] 000006f3          *   
                   00020000  [ 00010000 ] 00000278          *   main.obj (.text)
                   00020278  [ 0001013c ] 00000156          *   usbstk5515bsl.lib : usbstk5515_gpio.obj (.text)
                   000203ce  [ 000101e7 ] 0000013e          *                     : usbstk5515_i2c.obj (.text)
                   0002050c  [ 00010286 ] 0000006d          *   aic3204_test.obj (.text)
                   00020579  [ 000102bc+] 00000054          *   usbstk5515bsl.lib : usbstk5515.obj (.text)
                   000205cd  [ 000102e6+] 0000004d          *   rts55x_eh.lib : autoinit.obj (.text)
                   0002061a  [ 0001030d ] 0000004b          *                 : args_main.obj (.text)
                   00020665  [ 00010332+] 0000003e          *                 : exit.obj (.text)
                   000206a3  [ 00010351+] 00000034          *                 : boot.obj (.text)
                   000206d7  [ 0001036b+] 00000012          *                 : _lock.obj (.text)
                   000206e9  [ 00010374+] 00000007          *                 : exit.obj (.text:CIO_breakpoint)
                   000206f0  [ 00010378 ] 00000002          *                 : vectors.obj (.text)
                   000206f2  [ 00010379 ] 00000001          *   --HOLE-- [fill = 20]

.cinit       0   [ 00040000 ]  00020000          *   00000019   
                 [ 00040000 ]  00020000          *   0000000a   rts55x_eh.lib : _lock.obj (.cinit)
                 [ 00040014 ]  0002000a          *   0000000a                 : exit.obj (.cinit)
                 [ 00040028 ]  00020014          *   00000004   usbstk5515bsl.lib : usbstk5515_i2c.obj (.cinit)
                 [ 00040030 ]  00020018          *   00000001   --HOLE-- [fill = 0]

vectors      0     0004fe00  [ 00027f00 ] 00000100          *   
                   0004fe00  [ 00027f00 ] 00000100          *   rts55x_eh.lib : vectors.obj (vectors)


GLOBAL SYMBOLS: SORTED ALPHABETICALLY BY Name 

abs. value/
byte addr   word addr   name
---------   ---------   ----
00000002                $TI_capability$C5500$CallingConvention
00000002                $TI_capability$C5500$MemoryModel
00000001                $TI_capability_requires_rev3
ffffffff                .bss
ffffffff                .data
ffffffff                .text
000206ea                C$$EXIT
0002050c                _AIC3204_rget
00020557                _AIC3204_rset
0004fe00                _Reset
00020376                _USBSTK5515_GPIO_getInput
00020278                _USBSTK5515_GPIO_init
0002027c                _USBSTK5515_GPIO_setDirection
000202f9                _USBSTK5515_GPIO_setOutput
000203ed                _USBSTK5515_I2C_close
000203ce                _USBSTK5515_I2C_init
00020493                _USBSTK5515_I2C_read
000203f6                _USBSTK5515_I2C_reset
00020404                _USBSTK5515_I2C_write
000205bf                _USBSTK5515_init
00020579                _USBSTK5515_wait
000205ad                _USBSTK5515_waitusec
            00001060    __STACK_END
00002000                __STACK_SIZE
00001000                __SYSSTACK_SIZE
00000001                __TI_args_main
ffffffff                ___binit__
ffffffff                ___bss__
ffffffff                ___c_args__
            00020000    ___cinit__
ffffffff                ___data__
ffffffff                ___edata__
ffffffff                ___end__
ffffffff                ___etext__
ffffffff                ___pinit__
ffffffff                ___text__
0002061a                __args_main
            00001884    __cleanup_ptr
            00001886    __dtors_ptr
            00001880    __lock
000206e7                __nop
000206df                __register_lock
000206d7                __register_unlock
            00000060    __stack
            00001060    __sysstack
            00001882    __unlock
000206e9                _abort
000205cd                _auto_init
000206a3                _c_int00
00020665                _exit
            00001888    _i2c_timeout
00020000                _main
ffffffff                binit
            00020000    cinit
ffffffff                edata
ffffffff                end
ffffffff                etext
ffffffff                pinit


GLOBAL SYMBOLS: SORTED BY Symbol Address 

abs. value/
byte addr   word addr   name
---------   ---------   ----
00000001                $TI_capability_requires_rev3
00000001                __TI_args_main
00000002                $TI_capability$C5500$CallingConvention
00000002                $TI_capability$C5500$MemoryModel
            00000060    __stack
00001000                __SYSSTACK_SIZE
00002000                __STACK_SIZE
            00001060    __STACK_END
            00001060    __sysstack
            00001880    __lock
            00001882    __unlock
            00001884    __cleanup_ptr
            00001886    __dtors_ptr
            00001888    _i2c_timeout
00020000                _main
00020278                _USBSTK5515_GPIO_init
0002027c                _USBSTK5515_GPIO_setDirection
000202f9                _USBSTK5515_GPIO_setOutput
00020376                _USBSTK5515_GPIO_getInput
000203ce                _USBSTK5515_I2C_init
000203ed                _USBSTK5515_I2C_close
000203f6                _USBSTK5515_I2C_reset
00020404                _USBSTK5515_I2C_write
00020493                _USBSTK5515_I2C_read
0002050c                _AIC3204_rget
00020557                _AIC3204_rset
00020579                _USBSTK5515_wait
000205ad                _USBSTK5515_waitusec
000205bf                _USBSTK5515_init
000205cd                _auto_init
0002061a                __args_main
00020665                _exit
000206a3                _c_int00
000206d7                __register_unlock
000206df                __register_lock
000206e7                __nop
000206e9                _abort
000206ea                C$$EXIT
            00020000    ___cinit__
            00020000    cinit
0004fe00                _Reset
ffffffff                .bss
ffffffff                .data
ffffffff                .text
ffffffff                ___binit__
ffffffff                ___bss__
ffffffff                ___c_args__
ffffffff                ___data__
ffffffff                ___edata__
ffffffff                ___end__
ffffffff                ___etext__
ffffffff                ___pinit__
ffffffff                ___text__
ffffffff                binit
ffffffff                edata
ffffffff                end
ffffffff                etext
ffffffff                pinit

[58 symbols]
