******************************************************************************
               TMS320C6x Linker PC v7.4.15                     
******************************************************************************
>> Linked Wed Oct 21 13:39:42 2015

OUTPUT FILE NAME:   <sine8_buf64.out>
ENTRY POINT SYMBOL: "_c_int00"  address: 00003c00


MEMORY CONFIGURATION

         name            origin    length      used     unused   attr    fill
----------------------  --------  ---------  --------  --------  ----  --------
  IVECS                 00000000   00000220  00000200  00000020  RWIX
  L2RAM                 00000220   00100000  00005b74  000fa48c  RWIX
  EMIFBCE0              60000000   04000000  00000000  04000000  RWIX
  EMIFBCE1              64000000   04000000  00000000  04000000  RWIX
  EMIFBCE2              68000000   04000000  00000000  04000000  RWIX
  EMIFBCE3              6c000000   04000000  00000000  04000000  RWIX
  EMIFACE0              80000000   10000000  00000000  10000000  RWIX
  EMIFACE1              90000000   10000000  00000000  10000000  RWIX
  EMIFACE2              a0000000   10000000  00000000  10000000  RWIX
  EMIFACE3              b0000000   10000000  00000000  10000000  RWIX


SECTION ALLOCATION MAP

 output                                  attributes/
section   page    origin      length       input sections
--------  ----  ----------  ----------   ----------------
.pinit     0    00000220    00000000     UNINITIALIZED

.vecs      0    00000000    00000200     
                  00000000    00000200     Vectors_intr.obj (.vecs)

.data      0    00000220    00000000     UNINITIALIZED

.text      0    00000220    00003ae0     
                  00000220    000010c0     csl6416.lib : csl_irq.obj (.text)
                  000012e0    00000cc0                 : csl_mcbsp.obj (.text)
                  00001fa0    00000680     c6416dskinit.obj (.text)
                  00002620    00000400     csl6416.lib : csl_emifa.obj (.text)
                  00002a20    00000400                 : csl_emifb.obj (.text)
                  00002e20    00000360     dsk6416bsl.lib : dsk6416.obj (.text)
                  00003180    000001c0                    : dsk6416_aic23_registers.obj (.text)
                  00003340    000001c0     sine8_buf.obj (.text:retain)
                  00003500    00000180     dsk6416bsl.lib : dsk6416_aic23_opencodec.obj (.text)
                  00003680    00000100     rts6400.lib : strasg.obj (.text:__strasgi)
                  00003780    000000e0                 : autoinit.obj (.text:__auto_init)
                  00003860    000000e0                 : memcpy64.obj (.text:_memcpy)
                  00003940    000000e0     dsk6416bsl.lib : dsk6416_aic23_setfreq.obj (.text)
                  00003a20    000000c0     rts6400.lib : exit.obj (.text:_exit)
                  00003ae0    000000a0                 : cpy_tbl.obj (.text:_copy_in)
                  00003b80    00000080                 : cpp_init.obj (.text:___TI_cpp_init)
                  00003c00    00000060                 : boot.obj (.text:_c_int00)
                  00003c60    00000040                 : args_main.obj (.text:__args_main)
                  00003ca0    00000020     Vectors_intr.obj (.text)
                  00003cc0    00000020     rts6400.lib : exit.obj (.text:_abort)
                  00003ce0    00000020     sine8_buf.obj (.text)

.far       0    00003d00    00001420     UNINITIALIZED
                  00003d00    0000102c     hpi_services.obj (.far)
                  00004d2c    00000210     sine8_buf.obj (.far)
                  00004f3c    00000004     --HOLE--
                  00004f40    000000f4     csl6416.lib : csl_irq.obj (.far)
                  00005034    00000004     --HOLE--
                  00005038    00000054                 : csl_mcbsp.obj (.far)
                  0000508c    00000050     c6416dskinit.obj (.far)
                  000050dc    00000004     --HOLE--
                  000050e0    00000020     dsk6416bsl.lib : dsk6416_aic23_setfreq.obj (.far)
                  00005100    00000014                    : dsk6416_aic23_registers.obj (.far)
                  00005114    0000000c     rts6400.lib : exit.obj (.far)

.stack     0    00005120    00000800     UNINITIALIZED
                  00005120    00000008     rts6400.lib : boot.obj (.stack)
                  00005128    000007f8     --HOLE--

.cinit     0    00005920    00000314     
                  00005920    0000012c     csl6416.lib : csl_irq.obj (.cinit)
                  00005a4c    00000004     --HOLE-- [fill = 0]
                  00005a50    0000007c                 : csl_mcbsp.obj (.cinit)
                  00005acc    00000004     --HOLE-- [fill = 0]
                  00005ad0    00000064     sine8_buf.obj (.cinit)
                  00005b34    00000004     --HOLE-- [fill = 0]
                  00005b38    0000005c     c6416dskinit.obj (.cinit)
                  00005b94    00000004     --HOLE-- [fill = 0]
                  00005b98    0000002c     rts6400.lib : exit.obj (.cinit)
                  00005bc4    00000004     --HOLE-- [fill = 0]
                  00005bc8    00000028     dsk6416bsl.lib : dsk6416_aic23_setfreq.obj (.cinit)
                  00005bf0    0000001c                    : dsk6416_aic23_registers.obj (.cinit)
                  00005c0c    00000004     --HOLE-- [fill = 0]
                  00005c10    0000001a     hpi_services.obj (.cinit)
                  00005c2a    00000006     --HOLE-- [fill = 0]
                  00005c30    00000004     (.pad.cinit) [fill = 0]

.const     0    00005c34    00000130     
                  00005c34    000000c0     dsk6416bsl.lib : dsk6416.obj (.const)
                  00005cf4    00000070                    : dsk6416_aic23_opencodec.obj (.const)

.bss       0    00005d64    00000030     UNINITIALIZED
                  00005d64    00000010     sine8_buf.obj (.bss)
                  00005d74    0000000a     c6416dskinit.obj (.bss)
                  00005d7e    00000002     hpi_services.obj (.bss)
                  00005d80    00000008     csl6416.lib : csl_irq.obj (.bss)
                  00005d88    00000008     dsk6416bsl.lib : dsk6416_aic23_opencodec.obj (.bss)
                  00005d90    00000004                    : dsk6416.obj (.bss)


GLOBAL SYMBOLS: SORTED ALPHABETICALLY BY Name 

address    name
--------   ----
00005d64   $bss
00005d64   .bss
00000220   .data
00000220   .text
00003cc0   C$$EXIT
00005090   _AIC23CfgData
0000508c   _AIC_data
00005d6e   _BUFFERLENGTH
00005d88   _DSK6416_AIC23_codeccontrolhandle
00005d8c   _DSK6416_AIC23_codecdatahandle
000032a4   _DSK6416_AIC23_config
00003500   _DSK6416_AIC23_openCodec
00003268   _DSK6416_AIC23_rget
00003180   _DSK6416_AIC23_rset
00003940   _DSK6416_AIC23_setFreq
000030fc   _DSK6416_getVersion
00002e20   _DSK6416_init
00002ff8   _DSK6416_rget
00003028   _DSK6416_rset
00005d90   _DSK6416_version
00003064   _DSK6416_wait
000030c0   _DSK6416_waitusec
00002620   _EMIFA_config
00002764   _EMIFA_configArgs
000028b0   _EMIFA_getConfig
00002a20   _EMIFB_config
00002b64   _EMIFB_configArgs
00002cb0   _EMIFB_getConfig
00003d00   _HpiSvcBlock
00000a2c   _IRQ_biosPresent
00000374   _IRQ_clear
00000a38   _IRQ_config
00000bac   _IRQ_configArgs
00000278   _IRQ_disable
00000240   _IRQ_enable
00000e50   _IRQ_getArg
00000d14   _IRQ_getConfig
000003f8   _IRQ_globalDisable
000003e0   _IRQ_globalEnable
00000428   _IRQ_globalRestore
00000ff8   _IRQ_hook
000008d8   _IRQ_map
000004ec   _IRQ_nmiDisable
000004d8   _IRQ_nmiEnable
00000454   _IRQ_reset
000004ac   _IRQ_resetAll
000002d8   _IRQ_restore
00000344   _IRQ_set
00000f10   _IRQ_setArg
00000fc4   _IRQ_setVecs
000003a4   _IRQ_test
00001d00   _MCBSP_close
00001568   _MCBSP_config
000016f4   _MCBSP_configArgs
000014f8   _MCBSP_enableFsync
000014c0   _MCBSP_enableRcv
00001530   _MCBSP_enableSrgr
00001488   _MCBSP_enableXmt
00001868   _MCBSP_getConfig
00001ea8   _MCBSP_getPins
000012fc   _MCBSP_getRcvAddr
00001334   _MCBSP_getRcvEventId
000012e0   _MCBSP_getXmtAddr
00001318   _MCBSP_getXmtEventId
00001c14   _MCBSP_open
00001350   _MCBSP_read
000019ec   _MCBSP_reset
00001bf0   _MCBSP_resetAll
00001410   _MCBSP_rfull
000013c0   _MCBSP_rrdy
00001460   _MCBSP_rsyncerr
00001ed0   _MCBSP_setPins
00001d74   _MCBSP_start
00001374   _MCBSP_write
000013e8   _MCBSP_xempty
00001398   _MCBSP_xrdy
00001438   _MCBSP_xsyncerr
00005030   __IRQ_dispatchTable
00004f68   __IRQ_eventTable
00000220   __IRQ_hookFetchPacket
0000083c   __IRQ_init
00004ff0   __IRQ_intTable
00005080   __MCBSP_hDev0
00005084   __MCBSP_hDev1
00005088   __MCBSP_hDev2
00005920   __STACK_END
00000800   __STACK_SIZE
00000001   __TI_args_main
00003b80   ___TI_cpp_init
0000511c   ___TI_enable_exit_profile_output
ffffffff   ___TI_pprof_out_hndl
ffffffff   ___TI_prof_data_size
ffffffff   ___TI_prof_data_start
ffffffff   ___binit__
00005d64   ___bss__
ffffffff   ___c_args__
00005920   ___cinit__
00000220   ___data__
00000220   ___edata__
00005d94   ___end__
00003d00   ___etext__
ffffffff   ___pinit__
00000220   ___text__
00003c60   __args_main
00003780   __auto_init
00003680   __c6xabi_strasgi
00005114   __cleanup_ptr
00005118   __dtors_ptr
00005120   __stack
00003680   __strasgi
00003cc0   _abort
00001fa0   _c6416_dsk_init
00003c00   _c_int00
00003340   _c_int11
00002068   _comm_intr
0000203c   _comm_poll
000050c8   _config
00003ae0   _copy_in
00003a20   _exit
00005d64   _fs
00005d6c   _gain
00005d7c   _hAIC23_handle
00005d70   _i
000024c4   _input_left_sample
0000256c   _input_right_sample
000023d8   _input_sample
00005d68   _loop
00003ce0   _main
00003860   _memcpy
00004d3c   _out_buffer
00002258   _output_left_sample
00002318   _output_right_sample
00002164   _output_sample
00004d2c   _sine_table
00000020   _vector1
00000140   _vector10
00000180   _vector12
000001a0   _vector13
000001c0   _vector14
000001e0   _vector15
00000040   _vector2
00000060   _vector3
00000080   _vector4
000000a0   _vector5
000000c0   _vector6
000000e0   _vector7
00000100   _vector8
00000120   _vector9
00000000   _vectors
ffffffff   binit
00005920   cinit
00000220   edata
00005d94   end
00003d00   etext
ffffffff   pinit


GLOBAL SYMBOLS: SORTED BY Symbol Address 

address    name
--------   ----
00000000   _vectors
00000001   __TI_args_main
00000020   _vector1
00000040   _vector2
00000060   _vector3
00000080   _vector4
000000a0   _vector5
000000c0   _vector6
000000e0   _vector7
00000100   _vector8
00000120   _vector9
00000140   _vector10
00000180   _vector12
000001a0   _vector13
000001c0   _vector14
000001e0   _vector15
00000220   .data
00000220   .text
00000220   __IRQ_hookFetchPacket
00000220   ___data__
00000220   ___edata__
00000220   ___text__
00000220   edata
00000240   _IRQ_enable
00000278   _IRQ_disable
000002d8   _IRQ_restore
00000344   _IRQ_set
00000374   _IRQ_clear
000003a4   _IRQ_test
000003e0   _IRQ_globalEnable
000003f8   _IRQ_globalDisable
00000428   _IRQ_globalRestore
00000454   _IRQ_reset
000004ac   _IRQ_resetAll
000004d8   _IRQ_nmiEnable
000004ec   _IRQ_nmiDisable
00000800   __STACK_SIZE
0000083c   __IRQ_init
000008d8   _IRQ_map
00000a2c   _IRQ_biosPresent
00000a38   _IRQ_config
00000bac   _IRQ_configArgs
00000d14   _IRQ_getConfig
00000e50   _IRQ_getArg
00000f10   _IRQ_setArg
00000fc4   _IRQ_setVecs
00000ff8   _IRQ_hook
000012e0   _MCBSP_getXmtAddr
000012fc   _MCBSP_getRcvAddr
00001318   _MCBSP_getXmtEventId
00001334   _MCBSP_getRcvEventId
00001350   _MCBSP_read
00001374   _MCBSP_write
00001398   _MCBSP_xrdy
000013c0   _MCBSP_rrdy
000013e8   _MCBSP_xempty
00001410   _MCBSP_rfull
00001438   _MCBSP_xsyncerr
00001460   _MCBSP_rsyncerr
00001488   _MCBSP_enableXmt
000014c0   _MCBSP_enableRcv
000014f8   _MCBSP_enableFsync
00001530   _MCBSP_enableSrgr
00001568   _MCBSP_config
000016f4   _MCBSP_configArgs
00001868   _MCBSP_getConfig
000019ec   _MCBSP_reset
00001bf0   _MCBSP_resetAll
00001c14   _MCBSP_open
00001d00   _MCBSP_close
00001d74   _MCBSP_start
00001ea8   _MCBSP_getPins
00001ed0   _MCBSP_setPins
00001fa0   _c6416_dsk_init
0000203c   _comm_poll
00002068   _comm_intr
00002164   _output_sample
00002258   _output_left_sample
00002318   _output_right_sample
000023d8   _input_sample
000024c4   _input_left_sample
0000256c   _input_right_sample
00002620   _EMIFA_config
00002764   _EMIFA_configArgs
000028b0   _EMIFA_getConfig
00002a20   _EMIFB_config
00002b64   _EMIFB_configArgs
00002cb0   _EMIFB_getConfig
00002e20   _DSK6416_init
00002ff8   _DSK6416_rget
00003028   _DSK6416_rset
00003064   _DSK6416_wait
000030c0   _DSK6416_waitusec
000030fc   _DSK6416_getVersion
00003180   _DSK6416_AIC23_rset
00003268   _DSK6416_AIC23_rget
000032a4   _DSK6416_AIC23_config
00003340   _c_int11
00003500   _DSK6416_AIC23_openCodec
00003680   __c6xabi_strasgi
00003680   __strasgi
00003780   __auto_init
00003860   _memcpy
00003940   _DSK6416_AIC23_setFreq
00003a20   _exit
00003ae0   _copy_in
00003b80   ___TI_cpp_init
00003c00   _c_int00
00003c60   __args_main
00003cc0   C$$EXIT
00003cc0   _abort
00003ce0   _main
00003d00   _HpiSvcBlock
00003d00   ___etext__
00003d00   etext
00004d2c   _sine_table
00004d3c   _out_buffer
00004f68   __IRQ_eventTable
00004ff0   __IRQ_intTable
00005030   __IRQ_dispatchTable
00005080   __MCBSP_hDev0
00005084   __MCBSP_hDev1
00005088   __MCBSP_hDev2
0000508c   _AIC_data
00005090   _AIC23CfgData
000050c8   _config
00005114   __cleanup_ptr
00005118   __dtors_ptr
0000511c   ___TI_enable_exit_profile_output
00005120   __stack
00005920   __STACK_END
00005920   ___cinit__
00005920   cinit
00005d64   $bss
00005d64   .bss
00005d64   ___bss__
00005d64   _fs
00005d68   _loop
00005d6c   _gain
00005d6e   _BUFFERLENGTH
00005d70   _i
00005d7c   _hAIC23_handle
00005d88   _DSK6416_AIC23_codeccontrolhandle
00005d8c   _DSK6416_AIC23_codecdatahandle
00005d90   _DSK6416_version
00005d94   ___end__
00005d94   end
ffffffff   ___TI_pprof_out_hndl
ffffffff   ___TI_prof_data_size
ffffffff   ___TI_prof_data_start
ffffffff   ___binit__
ffffffff   ___c_args__
ffffffff   ___pinit__
ffffffff   binit
ffffffff   pinit

[155 symbols]
