******************************************************************************
               TMS320C6x Linker PC v7.4.15                     
******************************************************************************
>> Linked Thu Dec 20 14:45:15 2018

OUTPUT FILE NAME:   <loop_intr67.out>
ENTRY POINT SYMBOL: "_c_int00"  address: 00004680


MEMORY CONFIGURATION

         name            origin    length      used     unused   attr    fill
----------------------  --------  ---------  --------  --------  ----  --------
  IVECS                 00000000   00000220  00000200  00000020  RWIX
  IRAM                  00000220   0002fde0  00004e60  0002af80  RWIX
  SDRAM                 80000000   00100000  00000000  00100000  RWIX
  FLASH                 90000000   00020000  00000000  00020000  RWIX


SECTION ALLOCATION MAP

 output                                  attributes/
section   page    origin      length       input sections
--------  ----  ----------  ----------   ----------------
.vecs      0    00000000    00000200     
                  00000000    00000200     Vectors_intr.obj (.vecs)

.text      0    00000220    00004560     
                  00000220    00001280     csl6713.lib : csl_irq.obj (.text)
                  000014a0    00000be0                 : csl_mcbsp.obj (.text)
                  00002080    00000920                 : csl_pll.obj (.text)
                  000029a0    00000680     c6713dskinit.obj (.text)
                  00003020    00000420     dsk6713.lib : dsk6713.obj (.text)
                  00003440    00000340     csl6713.lib : csl_emif.obj (.text)
                  00003780    00000240     rts6700.lib : memcpy62.obj (.text:_memcpy)
                  000039c0    00000240     dsk6713.lib : dsk6713_aic23_registers.obj (.text)
                  00003c00    00000200     Loop_intr67.obj (.text)
                  00003e00    000001e0     dsk6713.lib : dsk6713_aic23_opencodec.obj (.text)
                  00003fe0    00000140     rts6700.lib : strasg.obj (.text:__strasgi)
                  00004120    00000140     Loop_intr67.obj (.text:retain)
                  00004260    00000100     rts6700.lib : autoinit.obj (.text:__auto_init)
                  00004360    00000100     dsk6713.lib : dsk6713_aic23_setfreq.obj (.text)
                  00004460    000000e0     rts6700.lib : exit.obj (.text:_exit)
                  00004540    000000c0                 : cpy_tbl.obj (.text:_copy_in)
                  00004600    00000080                 : cpp_init.obj (.text:___TI_cpp_init)
                  00004680    00000080                 : boot.obj (.text:_c_int00)
                  00004700    00000040                 : args_main.obj (.text:__args_main)
                  00004740    00000020     Vectors_intr.obj (.text)
                  00004760    00000020     rts6700.lib : exit.obj (.text:_abort)

.stack     0    00004780    00000400     UNINITIALIZED
                  00004780    00000008     rts6700.lib : boot.obj (.stack)
                  00004788    000003f8     --HOLE--

.cinit     0    00004b80    000002a4     
                  00004b80    0000012c     csl6713.lib : csl_irq.obj (.cinit)
                  00004cac    00000004     --HOLE-- [fill = 0]
                  00004cb0    00000058     c6713dskinit.obj (.cinit)
                  00004d08    00000054     csl6713.lib : csl_mcbsp.obj (.cinit)
                  00004d5c    00000004     --HOLE-- [fill = 0]
                  00004d60    00000030     dsk6713.lib : dsk6713_aic23_registers.obj (.cinit)
                  00004d90    0000002c     rts6700.lib : exit.obj (.cinit)
                  00004dbc    00000004     --HOLE-- [fill = 0]
                  00004dc0    00000028     dsk6713.lib : dsk6713_aic23_setfreq.obj (.cinit)
                  00004de8    00000019     Loop_intr67.obj (.cinit)
                  00004e01    00000007     --HOLE-- [fill = 0]
                  00004e08    00000018     csl6713.lib : csl_pll.obj (.cinit)
                  00004e20    00000004     --HOLE-- [fill = 0]

.far       0    00004e24    000001d8     UNINITIALIZED
                  00004e24    000000ec     csl6713.lib : csl_irq.obj (.far)
                  00004f10    0000004c     c6713dskinit.obj (.far)
                  00004f5c    00000038     csl6713.lib : csl_mcbsp.obj (.far)
                  00004f94    00000028     dsk6713.lib : dsk6713_aic23_registers.obj (.far)
                  00004fbc    00000020                 : dsk6713_aic23_setfreq.obj (.far)
                  00004fdc    00000010     csl6713.lib : csl_pll.obj (.far)
                  00004fec    0000000c     rts6700.lib : exit.obj (.far)
                  00004ff8    00000004     Loop_intr67.obj (.far)

.const     0    00004ffc    00000060     
                  00004ffc    00000040     dsk6713.lib : dsk6713_aic23_opencodec.obj (.const)
                  0000503c    00000020                 : dsk6713.obj (.const)

.bss       0    0000505c    00000024     UNINITIALIZED
                  0000505c    0000000c     c6713dskinit.obj (.bss)
                  00005068    00000008     csl6713.lib : csl_irq.obj (.bss)
                  00005070    00000008     dsk6713.lib : dsk6713_aic23_opencodec.obj (.bss)
                  00005078    00000005     Loop_intr67.obj (.bss)
                  0000507d    00000001     --HOLE--
                  0000507e    00000002     dsk6713.lib : dsk6713.obj (.bss)


GLOBAL SYMBOLS: SORTED ALPHABETICALLY BY Name 

address    name
--------   ----
0000505c   $bss
0000505c   .bss
00000220   .text
00004760   C$$EXIT
00004f14   _AIC23CfgData
00004ff8   _AIC_buffer
00004f10   _AIC_data
00005070   _DSK6713_AIC23_codeccontrolhandle
00005074   _DSK6713_AIC23_codecdatahandle
00003b34   _DSK6713_AIC23_config
00003e00   _DSK6713_AIC23_openCodec
00003ae8   _DSK6713_AIC23_rget
000039c0   _DSK6713_AIC23_rset
00004360   _DSK6713_AIC23_setFreq
000033e0   _DSK6713_getVersion
00003070   _DSK6713_init
000032bc   _DSK6713_rget
000032f8   _DSK6713_rset
0000507e   _DSK6713_version
00003338   _DSK6713_wait
000033a0   _DSK6713_waitusec
00003440   _EMIF_config
0000354c   _EMIF_configArgs
0000364c   _EMIF_getConfig
00000b28   _IRQ_biosPresent
00000398   _IRQ_clear
00000b38   _IRQ_config
00000ccc   _IRQ_configArgs
0000027c   _IRQ_disable
00000240   _IRQ_enable
00000fa4   _IRQ_getArg
00000e4c   _IRQ_getConfig
0000042c   _IRQ_globalDisable
00000410   _IRQ_globalEnable
00000460   _IRQ_globalRestore
00001184   _IRQ_hook
000009a4   _IRQ_map
00000538   _IRQ_nmiDisable
00000520   _IRQ_nmiEnable
00000490   _IRQ_reset
000004f0   _IRQ_resetAll
000002e8   _IRQ_restore
00000364   _IRQ_set
0000107c   _IRQ_setArg
0000114c   _IRQ_setVecs
000003cc   _IRQ_test
00001d9c   _MCBSP_close
00001768   _MCBSP_config
00001894   _MCBSP_configArgs
000016f0   _MCBSP_enableFsync
000016b4   _MCBSP_enableRcv
0000172c   _MCBSP_enableSrgr
00001678   _MCBSP_enableXmt
000019a8   _MCBSP_getConfig
00001f8c   _MCBSP_getPins
000014c0   _MCBSP_getRcvAddr
00001500   _MCBSP_getRcvEventId
000014a0   _MCBSP_getXmtAddr
000014e0   _MCBSP_getXmtEventId
00001c94   _MCBSP_open
00001520   _MCBSP_read
00001acc   _MCBSP_reset
00001c64   _MCBSP_resetAll
000015f4   _MCBSP_rfull
0000159c   _MCBSP_rrdy
0000164c   _MCBSP_rsyncerr
00001fb8   _MCBSP_setPins
00001e30   _MCBSP_start
00001548   _MCBSP_write
000015c8   _MCBSP_xempty
00001570   _MCBSP_xrdy
00001620   _MCBSP_xsyncerr
00002160   _PLL_bypass
00002188   _PLL_clkTest
000025d0   _PLL_config
000026cc   _PLL_configArgs
000021d0   _PLL_deassert
0000229c   _PLL_disableOscDiv
00002234   _PLL_disablePllDiv
00002134   _PLL_enable
00002270   _PLL_enableOscDiv
000021f8   _PLL_enablePllDiv
000027c0   _PLL_getConfig
000023f4   _PLL_getMultiplier
000023d8   _PLL_getOscRatio
000023a0   _PLL_getPllRatio
00002410   _PLL_init
000020c4   _PLL_operational
00002080   _PLL_pwrdwn
000021a4   _PLL_reset
00002364   _PLL_setMultiplier
00002328   _PLL_setOscRatio
000022c4   _PLL_setPllRatio
0000296c   _PLL_wait1
00002914   _PLL_wait100
00004f0c   __IRQ_dispatchTable
00004e48   __IRQ_eventTable
00000220   __IRQ_hookFetchPacket
000008e8   __IRQ_init
00004ecc   __IRQ_intTable
00004f8c   __MCBSP_hDev0
00004f90   __MCBSP_hDev1
00004fdc   __PLL_divAddr
00004b80   __STACK_END
00000400   __STACK_SIZE
00000001   __TI_args_main
00004600   ___TI_cpp_init
00004ff4   ___TI_enable_exit_profile_output
ffffffff   ___TI_pprof_out_hndl
ffffffff   ___TI_prof_data_size
ffffffff   ___TI_prof_data_start
ffffffff   ___binit__
0000505c   ___bss__
ffffffff   ___c_args__
00004b80   ___cinit__
00005080   ___end__
00004780   ___etext__
ffffffff   ___pinit__
00000220   ___text__
00004700   __args_main
00004260   __auto_init
00003fe0   __c6xabi_strasgi
00004fec   __cleanup_ptr
00004ff0   __dtors_ptr
00004780   __stack
00003fe0   __strasgi
00004760   _abort
000029a0   _c6713_dsk_init
00004680   _c_int00
00004120   _c_int11
00002a64   _comm_intr
00002a38   _comm_poll
00004f34   _config
00004540   _copy_in
00004460   _exit
00005078   _fs
00005064   _hAIC23_handle
00002ec4   _input_left_sample
00002f6c   _input_right_sample
00002dd8   _input_sample
0000507c   _intflag
00003c00   _main
00003780   _memcpy
00002c58   _output_left_sample
00002d18   _output_right_sample
00002b60   _output_sample
00000020   _vector1
00000140   _vector10
00000180   _vector12
000001a0   _vector13
000001c0   _vector14
000001e0   _vector15
00000040   _vector2
00000060   _vector3
00000080   _vector4
000000a0   _vector5
000000c0   _vector6
000000e0   _vector7
00000100   _vector8
00000120   _vector9
00000000   _vectors
ffffffff   binit
00004b80   cinit
00005080   end
00004780   etext
ffffffff   pinit


GLOBAL SYMBOLS: SORTED BY Symbol Address 

address    name
--------   ----
00000000   _vectors
00000001   __TI_args_main
00000020   _vector1
00000040   _vector2
00000060   _vector3
00000080   _vector4
000000a0   _vector5
000000c0   _vector6
000000e0   _vector7
00000100   _vector8
00000120   _vector9
00000140   _vector10
00000180   _vector12
000001a0   _vector13
000001c0   _vector14
000001e0   _vector15
00000220   .text
00000220   __IRQ_hookFetchPacket
00000220   ___text__
00000240   _IRQ_enable
0000027c   _IRQ_disable
000002e8   _IRQ_restore
00000364   _IRQ_set
00000398   _IRQ_clear
000003cc   _IRQ_test
00000400   __STACK_SIZE
00000410   _IRQ_globalEnable
0000042c   _IRQ_globalDisable
00000460   _IRQ_globalRestore
00000490   _IRQ_reset
000004f0   _IRQ_resetAll
00000520   _IRQ_nmiEnable
00000538   _IRQ_nmiDisable
000008e8   __IRQ_init
000009a4   _IRQ_map
00000b28   _IRQ_biosPresent
00000b38   _IRQ_config
00000ccc   _IRQ_configArgs
00000e4c   _IRQ_getConfig
00000fa4   _IRQ_getArg
0000107c   _IRQ_setArg
0000114c   _IRQ_setVecs
00001184   _IRQ_hook
000014a0   _MCBSP_getXmtAddr
000014c0   _MCBSP_getRcvAddr
000014e0   _MCBSP_getXmtEventId
00001500   _MCBSP_getRcvEventId
00001520   _MCBSP_read
00001548   _MCBSP_write
00001570   _MCBSP_xrdy
0000159c   _MCBSP_rrdy
000015c8   _MCBSP_xempty
000015f4   _MCBSP_rfull
00001620   _MCBSP_xsyncerr
0000164c   _MCBSP_rsyncerr
00001678   _MCBSP_enableXmt
000016b4   _MCBSP_enableRcv
000016f0   _MCBSP_enableFsync
0000172c   _MCBSP_enableSrgr
00001768   _MCBSP_config
00001894   _MCBSP_configArgs
000019a8   _MCBSP_getConfig
00001acc   _MCBSP_reset
00001c64   _MCBSP_resetAll
00001c94   _MCBSP_open
00001d9c   _MCBSP_close
00001e30   _MCBSP_start
00001f8c   _MCBSP_getPins
00001fb8   _MCBSP_setPins
00002080   _PLL_pwrdwn
000020c4   _PLL_operational
00002134   _PLL_enable
00002160   _PLL_bypass
00002188   _PLL_clkTest
000021a4   _PLL_reset
000021d0   _PLL_deassert
000021f8   _PLL_enablePllDiv
00002234   _PLL_disablePllDiv
00002270   _PLL_enableOscDiv
0000229c   _PLL_disableOscDiv
000022c4   _PLL_setPllRatio
00002328   _PLL_setOscRatio
00002364   _PLL_setMultiplier
000023a0   _PLL_getPllRatio
000023d8   _PLL_getOscRatio
000023f4   _PLL_getMultiplier
00002410   _PLL_init
000025d0   _PLL_config
000026cc   _PLL_configArgs
000027c0   _PLL_getConfig
00002914   _PLL_wait100
0000296c   _PLL_wait1
000029a0   _c6713_dsk_init
00002a38   _comm_poll
00002a64   _comm_intr
00002b60   _output_sample
00002c58   _output_left_sample
00002d18   _output_right_sample
00002dd8   _input_sample
00002ec4   _input_left_sample
00002f6c   _input_right_sample
00003070   _DSK6713_init
000032bc   _DSK6713_rget
000032f8   _DSK6713_rset
00003338   _DSK6713_wait
000033a0   _DSK6713_waitusec
000033e0   _DSK6713_getVersion
00003440   _EMIF_config
0000354c   _EMIF_configArgs
0000364c   _EMIF_getConfig
00003780   _memcpy
000039c0   _DSK6713_AIC23_rset
00003ae8   _DSK6713_AIC23_rget
00003b34   _DSK6713_AIC23_config
00003c00   _main
00003e00   _DSK6713_AIC23_openCodec
00003fe0   __c6xabi_strasgi
00003fe0   __strasgi
00004120   _c_int11
00004260   __auto_init
00004360   _DSK6713_AIC23_setFreq
00004460   _exit
00004540   _copy_in
00004600   ___TI_cpp_init
00004680   _c_int00
00004700   __args_main
00004760   C$$EXIT
00004760   _abort
00004780   ___etext__
00004780   __stack
00004780   etext
00004b80   __STACK_END
00004b80   ___cinit__
00004b80   cinit
00004e48   __IRQ_eventTable
00004ecc   __IRQ_intTable
00004f0c   __IRQ_dispatchTable
00004f10   _AIC_data
00004f14   _AIC23CfgData
00004f34   _config
00004f8c   __MCBSP_hDev0
00004f90   __MCBSP_hDev1
00004fdc   __PLL_divAddr
00004fec   __cleanup_ptr
00004ff0   __dtors_ptr
00004ff4   ___TI_enable_exit_profile_output
00004ff8   _AIC_buffer
0000505c   $bss
0000505c   .bss
0000505c   ___bss__
00005064   _hAIC23_handle
00005070   _DSK6713_AIC23_codeccontrolhandle
00005074   _DSK6713_AIC23_codecdatahandle
00005078   _fs
0000507c   _intflag
0000507e   _DSK6713_version
00005080   ___end__
00005080   end
ffffffff   ___TI_pprof_out_hndl
ffffffff   ___TI_prof_data_size
ffffffff   ___TI_prof_data_start
ffffffff   ___binit__
ffffffff   ___c_args__
ffffffff   ___pinit__
ffffffff   binit
ffffffff   pinit

[166 symbols]
