-------------------------------------------------------------------------------
Name     : Shielded net name
Length   : Shielded net length
Shield   : Total length of shielding wire
Ratio    : Average shielding ratio
-------------------------------------------------------------------------------
Name          Length    Shield    Ratio   
                                         Layer:      Length     Shield  Ratio
-------------------------------------------------------------------------------
vsensbat:
               792.7    1577.0    0.995
                                         metal3:      551.6     1099.2  0.996
                                         metal4:      234.7      467.4  0.996
                                         metal5:        6.4       10.4  0.812
-------------------------------------------------------------------------------

 Average ratio:                   0.995
                                         metal3:        551.6     1099.2  0.996
                                         metal4:        234.7      467.4  0.996
                                         metal5:          6.4       10.4  0.812


