<?xml version="1.0"?>
<link_info>
   <banner>TMS320C6x Linker PC v7.4.6</banner>
   <copyright>Copyright (c) 1996-2013 Texas Instruments Incorporated</copyright>
   <link_time>0x52f0ae6b</link_time>
   <output_file>loop_intr67.out</output_file>
   <entry_point>
      <name>_c_int00</name>
      <address>0x4560</address>
   </entry_point>
   <input_file_list>
      <input_file id="fl-2">
         <path>.\src\</path>
         <kind>object</kind>
         <file>c6713dskinit.obj</file>
         <name>c6713dskinit.obj</name>
      </input_file>
      <input_file id="fl-3">
         <path>.\src\</path>
         <kind>object</kind>
         <file>Vectors_intr.obj</file>
         <name>Vectors_intr.obj</name>
      </input_file>
      <input_file id="fl-4">
         <path>.\src\</path>
         <kind>object</kind>
         <file>Loop_intr67.obj</file>
         <name>Loop_intr67.obj</name>
      </input_file>
      <input_file id="fl-81">
         <path>C:\ti\ccsv5\tools\compiler\c6000_7.4.6\lib\</path>
         <kind>archive</kind>
         <file>rts6700.lib</file>
         <name>boot.obj</name>
      </input_file>
      <input_file id="fl-82">
         <path>C:\ti\ccsv5\tools\compiler\c6000_7.4.6\lib\</path>
         <kind>archive</kind>
         <file>rts6700.lib</file>
         <name>exit.obj</name>
      </input_file>
      <input_file id="fl-83">
         <path>C:\ti\ccsv5\tools\compiler\c6000_7.4.6\lib\</path>
         <kind>archive</kind>
         <file>rts6700.lib</file>
         <name>args_main.obj</name>
      </input_file>
      <input_file id="fl-84">
         <path>C:\ti\ccsv5\tools\compiler\c6000_7.4.6\lib\</path>
         <kind>archive</kind>
         <file>rts6700.lib</file>
         <name>autoinit.obj</name>
      </input_file>
      <input_file id="fl-85">
         <path>C:\ti\ccsv5\tools\compiler\c6000_7.4.6\lib\</path>
         <kind>archive</kind>
         <file>rts6700.lib</file>
         <name>cpp_init.obj</name>
      </input_file>
      <input_file id="fl-86">
         <path>C:\ti\ccsv5\tools\compiler\c6000_7.4.6\lib\</path>
         <kind>archive</kind>
         <file>rts6700.lib</file>
         <name>cpy_tbl.obj</name>
      </input_file>
      <input_file id="fl-87">
         <path>C:\ti\ccsv5\tools\compiler\c6000_7.4.6\lib\</path>
         <kind>archive</kind>
         <file>rts6700.lib</file>
         <name>memcpy62.obj</name>
      </input_file>
      <input_file id="fl-88">
         <path>C:\ti\ccsv5\C6000\csl6713\lib_5x\Debug\</path>
         <kind>archive</kind>
         <file>csl6713.lib</file>
         <name>csl_mcbsp.obj</name>
      </input_file>
      <input_file id="fl-89">
         <path>C:\ti\ccsv5\C6000\csl6713\lib_5x\Debug\</path>
         <kind>archive</kind>
         <file>csl6713.lib</file>
         <name>csl_irq.obj</name>
      </input_file>
      <input_file id="fl-8a">
         <path>C:\ti\ccsv5\C6000\dsk6713\lib_5x\Debug\</path>
         <kind>archive</kind>
         <file>dsk6713.lib</file>
         <name>dsk6713_aic23_setfreq.obj</name>
      </input_file>
      <input_file id="fl-8b">
         <path>C:\ti\ccsv5\C6000\dsk6713\lib_5x\Debug\</path>
         <kind>archive</kind>
         <file>dsk6713.lib</file>
         <name>dsk6713_aic23_registers.obj</name>
      </input_file>
      <input_file id="fl-8c">
         <path>C:\ti\ccsv5\C6000\dsk6713\lib_5x\Debug\</path>
         <kind>archive</kind>
         <file>dsk6713.lib</file>
         <name>dsk6713_aic23_opencodec.obj</name>
      </input_file>
      <input_file id="fl-8d">
         <path>C:\ti\ccsv5\C6000\dsk6713\lib_5x\Debug\</path>
         <kind>archive</kind>
         <file>dsk6713.lib</file>
         <name>dsk6713.obj</name>
      </input_file>
      <input_file id="fl-8e">
         <path>C:\ti\ccsv5\tools\compiler\c6000_7.4.6\lib\</path>
         <kind>archive</kind>
         <file>rts6700.lib</file>
         <name>strasg.obj</name>
      </input_file>
      <input_file id="fl-8f">
         <path>C:\ti\ccsv5\C6000\csl6713\lib_5x\Debug\</path>
         <kind>archive</kind>
         <file>csl6713.lib</file>
         <name>csl_pll.obj</name>
      </input_file>
      <input_file id="fl-90">
         <path>C:\ti\ccsv5\C6000\csl6713\lib_5x\Debug\</path>
         <kind>archive</kind>
         <file>csl6713.lib</file>
         <name>csl_emif.obj</name>
      </input_file>
   </input_file_list>
   <object_component_list>
      <object_component id="oc-17">
         <name>.vecs</name>
         <load_address>0x0</load_address>
         <run_address>0x0</run_address>
         <size>0x200</size>
         <input_file_ref idref="fl-3"/>
      </object_component>
      <object_component id="oc-7b">
         <name>.text</name>
         <load_address>0x220</load_address>
         <run_address>0x220</run_address>
         <size>0x1280</size>
         <input_file_ref idref="fl-89"/>
      </object_component>
      <object_component id="oc-7a">
         <name>.text</name>
         <load_address>0x14a0</load_address>
         <run_address>0x14a0</run_address>
         <size>0xbe0</size>
         <input_file_ref idref="fl-88"/>
      </object_component>
      <object_component id="oc-7d">
         <name>.text</name>
         <load_address>0x2080</load_address>
         <run_address>0x2080</run_address>
         <size>0x920</size>
         <input_file_ref idref="fl-8f"/>
      </object_component>
      <object_component id="oc-71">
         <name>.text</name>
         <load_address>0x29a0</load_address>
         <run_address>0x29a0</run_address>
         <size>0x680</size>
         <input_file_ref idref="fl-2"/>
      </object_component>
      <object_component id="oc-77">
         <name>.text</name>
         <load_address>0x3020</load_address>
         <run_address>0x3020</run_address>
         <size>0x420</size>
         <input_file_ref idref="fl-8d"/>
      </object_component>
      <object_component id="oc-7e">
         <name>.text</name>
         <load_address>0x3440</load_address>
         <run_address>0x3440</run_address>
         <size>0x340</size>
         <input_file_ref idref="fl-90"/>
      </object_component>
      <object_component id="oc-73">
         <name>.text:_memcpy</name>
         <load_address>0x3780</load_address>
         <run_address>0x3780</run_address>
         <size>0x240</size>
         <input_file_ref idref="fl-87"/>
      </object_component>
      <object_component id="oc-7f">
         <name>.text</name>
         <load_address>0x39c0</load_address>
         <run_address>0x39c0</run_address>
         <size>0x240</size>
         <input_file_ref idref="fl-8b"/>
      </object_component>
      <object_component id="oc-78">
         <name>.text</name>
         <load_address>0x3c00</load_address>
         <run_address>0x3c00</run_address>
         <size>0x1e0</size>
         <input_file_ref idref="fl-8c"/>
      </object_component>
      <object_component id="oc-7c">
         <name>.text:__strasgi</name>
         <load_address>0x3de0</load_address>
         <run_address>0x3de0</run_address>
         <size>0x140</size>
         <input_file_ref idref="fl-8e"/>
      </object_component>
      <object_component id="oc-1f">
         <name>.text:retain</name>
         <load_address>0x3f20</load_address>
         <run_address>0x3f20</run_address>
         <size>0x140</size>
         <input_file_ref idref="fl-4"/>
      </object_component>
      <object_component id="oc-6e">
         <name>.text:__auto_init</name>
         <load_address>0x4060</load_address>
         <run_address>0x4060</run_address>
         <size>0x100</size>
         <input_file_ref idref="fl-84"/>
      </object_component>
      <object_component id="oc-79">
         <name>.text</name>
         <load_address>0x4160</load_address>
         <run_address>0x4160</run_address>
         <size>0x100</size>
         <input_file_ref idref="fl-8a"/>
      </object_component>
      <object_component id="oc-75">
         <name>.text</name>
         <load_address>0x4260</load_address>
         <run_address>0x4260</run_address>
         <size>0xe0</size>
         <input_file_ref idref="fl-4"/>
      </object_component>
      <object_component id="oc-70">
         <name>.text:_exit</name>
         <load_address>0x4340</load_address>
         <run_address>0x4340</run_address>
         <size>0xe0</size>
         <input_file_ref idref="fl-82"/>
      </object_component>
      <object_component id="oc-72">
         <name>.text:_copy_in</name>
         <load_address>0x4420</load_address>
         <run_address>0x4420</run_address>
         <size>0xc0</size>
         <input_file_ref idref="fl-86"/>
      </object_component>
      <object_component id="oc-74">
         <name>.text:___TI_cpp_init</name>
         <load_address>0x44e0</load_address>
         <run_address>0x44e0</run_address>
         <size>0x80</size>
         <input_file_ref idref="fl-85"/>
      </object_component>
      <object_component id="oc-e">
         <name>.text:_c_int00</name>
         <load_address>0x4560</load_address>
         <run_address>0x4560</run_address>
         <size>0x80</size>
         <input_file_ref idref="fl-81"/>
      </object_component>
      <object_component id="oc-6f">
         <name>.text:__args_main</name>
         <load_address>0x45e0</load_address>
         <run_address>0x45e0</run_address>
         <size>0x40</size>
         <input_file_ref idref="fl-83"/>
      </object_component>
      <object_component id="oc-16">
         <name>.text</name>
         <load_address>0x4620</load_address>
         <run_address>0x4620</run_address>
         <size>0x20</size>
         <input_file_ref idref="fl-3"/>
      </object_component>
      <object_component id="oc-76">
         <name>.text:_abort</name>
         <load_address>0x4640</load_address>
         <run_address>0x4640</run_address>
         <size>0x20</size>
         <input_file_ref idref="fl-82"/>
      </object_component>
      <object_component id="oc-f">
         <name>.bss</name>
         <uninitialized>true</uninitialized>
         <run_address>0x4f88</run_address>
         <size>0xc</size>
         <input_file_ref idref="fl-2"/>
      </object_component>
      <object_component id="oc-1b">
         <name>.bss</name>
         <uninitialized>true</uninitialized>
         <run_address>0x4fa4</run_address>
         <size>0x5</size>
         <input_file_ref idref="fl-4"/>
      </object_component>
      <object_component id="oc-42">
         <name>.bss</name>
         <uninitialized>true</uninitialized>
         <run_address>0x4f94</run_address>
         <size>0x8</size>
         <input_file_ref idref="fl-89"/>
      </object_component>
      <object_component id="oc-55">
         <name>.bss</name>
         <uninitialized>true</uninitialized>
         <run_address>0x4f9c</run_address>
         <size>0x8</size>
         <input_file_ref idref="fl-8c"/>
      </object_component>
      <object_component id="oc-5b">
         <name>.bss</name>
         <uninitialized>true</uninitialized>
         <run_address>0x4faa</run_address>
         <size>0x2</size>
         <input_file_ref idref="fl-8d"/>
      </object_component>
      <object_component id="oc-44">
         <name>.cinit</name>
         <load_address>0x4a60</load_address>
         <run_address>0x4a60</run_address>
         <size>0x12c</size>
         <input_file_ref idref="fl-89"/>
      </object_component>
      <object_component id="oc-11">
         <name>.cinit</name>
         <load_address>0x4b90</load_address>
         <run_address>0x4b90</run_address>
         <size>0x58</size>
         <input_file_ref idref="fl-2"/>
      </object_component>
      <object_component id="oc-3d">
         <name>.cinit</name>
         <load_address>0x4be8</load_address>
         <run_address>0x4be8</run_address>
         <size>0x54</size>
         <input_file_ref idref="fl-88"/>
      </object_component>
      <object_component id="oc-1d">
         <name>.cinit</name>
         <load_address>0x4c40</load_address>
         <run_address>0x4c40</run_address>
         <size>0x31</size>
         <input_file_ref idref="fl-4"/>
      </object_component>
      <object_component id="oc-50">
         <name>.cinit</name>
         <load_address>0x4c78</load_address>
         <run_address>0x4c78</run_address>
         <size>0x30</size>
         <input_file_ref idref="fl-8b"/>
      </object_component>
      <object_component id="oc-29">
         <name>.cinit</name>
         <load_address>0x4ca8</load_address>
         <run_address>0x4ca8</run_address>
         <size>0x2c</size>
         <input_file_ref idref="fl-82"/>
      </object_component>
      <object_component id="oc-4a">
         <name>.cinit</name>
         <load_address>0x4cd8</load_address>
         <run_address>0x4cd8</run_address>
         <size>0x28</size>
         <input_file_ref idref="fl-8a"/>
      </object_component>
      <object_component id="oc-65">
         <name>.cinit</name>
         <load_address>0x4d00</load_address>
         <run_address>0x4d00</run_address>
         <size>0x18</size>
         <input_file_ref idref="fl-8f"/>
      </object_component>
      <object_component id="oc-25">
         <name>.stack</name>
         <uninitialized>true</uninitialized>
         <run_address>0x4660</run_address>
         <size>0x8</size>
         <input_file_ref idref="fl-81"/>
      </object_component>
      <object_component id="oc-95">
         <name>.stack</name>
         <uninitialized>true</uninitialized>
         <run_address>0x4660</run_address>
         <size>0x0</size>
      </object_component>
      <object_component id="oc-57">
         <name>.const</name>
         <load_address>0x4f04</load_address>
         <run_address>0x4f04</run_address>
         <size>0x40</size>
         <input_file_ref idref="fl-8c"/>
      </object_component>
      <object_component id="oc-20">
         <name>.const:.string</name>
         <load_address>0x4f44</load_address>
         <run_address>0x4f44</run_address>
         <size>0x24</size>
         <input_file_ref idref="fl-4"/>
      </object_component>
      <object_component id="oc-5d">
         <name>.const</name>
         <load_address>0x4f68</load_address>
         <run_address>0x4f68</run_address>
         <size>0x20</size>
         <input_file_ref idref="fl-8d"/>
      </object_component>
      <object_component id="oc-12">
         <name>.far</name>
         <uninitialized>true</uninitialized>
         <run_address>0x4e08</run_address>
         <size>0x4c</size>
         <input_file_ref idref="fl-2"/>
      </object_component>
      <object_component id="oc-1e">
         <name>.far</name>
         <uninitialized>true</uninitialized>
         <run_address>0x4ed4</run_address>
         <size>0x14</size>
         <input_file_ref idref="fl-4"/>
      </object_component>
      <object_component id="oc-2a">
         <name>.far</name>
         <uninitialized>true</uninitialized>
         <run_address>0x4ef8</run_address>
         <size>0xc</size>
         <input_file_ref idref="fl-82"/>
      </object_component>
      <object_component id="oc-3e">
         <name>.far</name>
         <uninitialized>true</uninitialized>
         <run_address>0x4e54</run_address>
         <size>0x38</size>
         <input_file_ref idref="fl-88"/>
      </object_component>
      <object_component id="oc-45">
         <name>.far</name>
         <uninitialized>true</uninitialized>
         <run_address>0x4d1c</run_address>
         <size>0xec</size>
         <input_file_ref idref="fl-89"/>
      </object_component>
      <object_component id="oc-4b">
         <name>.far</name>
         <uninitialized>true</uninitialized>
         <run_address>0x4eb4</run_address>
         <size>0x20</size>
         <input_file_ref idref="fl-8a"/>
      </object_component>
      <object_component id="oc-51">
         <name>.far</name>
         <uninitialized>true</uninitialized>
         <run_address>0x4e8c</run_address>
         <size>0x28</size>
         <input_file_ref idref="fl-8b"/>
      </object_component>
      <object_component id="oc-66">
         <name>.far</name>
         <uninitialized>true</uninitialized>
         <run_address>0x4ee8</run_address>
         <size>0x10</size>
         <input_file_ref idref="fl-8f"/>
      </object_component>
      <object_component id="oc-10">
         <name>.debug_info</name>
         <load_address>0x0</load_address>
         <run_address>0x0</run_address>
         <size>0x1531</size>
         <input_file_ref idref="fl-2"/>
      </object_component>
      <object_component id="oc-18">
         <name>.debug_info</name>
         <load_address>0x1531</load_address>
         <run_address>0x1531</run_address>
         <size>0x122</size>
         <input_file_ref idref="fl-3"/>
      </object_component>
      <object_component id="oc-1c">
         <name>.debug_info</name>
         <load_address>0x1653</load_address>
         <run_address>0x1653</run_address>
         <size>0x8bd</size>
         <input_file_ref idref="fl-4"/>
      </object_component>
      <object_component id="oc-24">
         <name>.debug_info</name>
         <load_address>0x1f10</load_address>
         <run_address>0x1f10</run_address>
         <size>0x709</size>
         <input_file_ref idref="fl-81"/>
      </object_component>
      <object_component id="oc-28">
         <name>.debug_info</name>
         <load_address>0x2619</load_address>
         <run_address>0x2619</run_address>
         <size>0x7f9</size>
         <input_file_ref idref="fl-82"/>
      </object_component>
      <object_component id="oc-2d">
         <name>.debug_info</name>
         <load_address>0x2e12</load_address>
         <run_address>0x2e12</run_address>
         <size>0x6df</size>
         <input_file_ref idref="fl-83"/>
      </object_component>
      <object_component id="oc-30">
         <name>.debug_info</name>
         <load_address>0x34f1</load_address>
         <run_address>0x34f1</run_address>
         <size>0x86b</size>
         <input_file_ref idref="fl-84"/>
      </object_component>
      <object_component id="oc-33">
         <name>.debug_info</name>
         <load_address>0x3d5c</load_address>
         <run_address>0x3d5c</run_address>
         <size>0x6e3</size>
         <input_file_ref idref="fl-85"/>
      </object_component>
      <object_component id="oc-36">
         <name>.debug_info</name>
         <load_address>0x443f</load_address>
         <run_address>0x443f</run_address>
         <size>0x7d9</size>
         <input_file_ref idref="fl-86"/>
      </object_component>
      <object_component id="oc-39">
         <name>.debug_info</name>
         <load_address>0x4c18</load_address>
         <run_address>0x4c18</run_address>
         <size>0x788</size>
         <input_file_ref idref="fl-87"/>
      </object_component>
      <object_component id="oc-3c">
         <name>.debug_info</name>
         <load_address>0x53a0</load_address>
         <run_address>0x53a0</run_address>
         <size>0x26c1</size>
         <input_file_ref idref="fl-88"/>
      </object_component>
      <object_component id="oc-43">
         <name>.debug_info</name>
         <load_address>0x7a61</load_address>
         <run_address>0x7a61</run_address>
         <size>0x23ef</size>
         <input_file_ref idref="fl-89"/>
      </object_component>
      <object_component id="oc-49">
         <name>.debug_info</name>
         <load_address>0x9e50</load_address>
         <run_address>0x9e50</run_address>
         <size>0x886</size>
         <input_file_ref idref="fl-8a"/>
      </object_component>
      <object_component id="oc-4f">
         <name>.debug_info</name>
         <load_address>0xa6d6</load_address>
         <run_address>0xa6d6</run_address>
         <size>0xcdb</size>
         <input_file_ref idref="fl-8b"/>
      </object_component>
      <object_component id="oc-56">
         <name>.debug_info</name>
         <load_address>0xb3b1</load_address>
         <run_address>0xb3b1</run_address>
         <size>0xc37</size>
         <input_file_ref idref="fl-8c"/>
      </object_component>
      <object_component id="oc-5c">
         <name>.debug_info</name>
         <load_address>0xbfe8</load_address>
         <run_address>0xbfe8</run_address>
         <size>0xdbd</size>
         <input_file_ref idref="fl-8d"/>
      </object_component>
      <object_component id="oc-61">
         <name>.debug_info</name>
         <load_address>0xcda5</load_address>
         <run_address>0xcda5</run_address>
         <size>0xd8</size>
         <input_file_ref idref="fl-8e"/>
      </object_component>
      <object_component id="oc-64">
         <name>.debug_info</name>
         <load_address>0xce7d</load_address>
         <run_address>0xce7d</run_address>
         <size>0x2248</size>
         <input_file_ref idref="fl-8f"/>
      </object_component>
      <object_component id="oc-6a">
         <name>.debug_info</name>
         <load_address>0xf0c5</load_address>
         <run_address>0xf0c5</run_address>
         <size>0xd8b</size>
         <input_file_ref idref="fl-90"/>
      </object_component>
      <object_component id="oc-96">
         <name>.debug_info</name>
         <load_address>0xfe50</load_address>
         <run_address>0xfe50</run_address>
         <size>0x6d</size>
      </object_component>
      <object_component id="oc-13">
         <name>.debug_frame</name>
         <load_address>0x0</load_address>
         <run_address>0x0</run_address>
         <size>0x34d</size>
         <input_file_ref idref="fl-2"/>
      </object_component>
      <object_component id="oc-21">
         <name>.debug_frame</name>
         <load_address>0x34d</load_address>
         <run_address>0x34d</run_address>
         <size>0x2d6</size>
         <input_file_ref idref="fl-4"/>
      </object_component>
      <object_component id="oc-3f">
         <name>.debug_frame</name>
         <load_address>0x623</load_address>
         <run_address>0x623</run_address>
         <size>0x517</size>
         <input_file_ref idref="fl-88"/>
      </object_component>
      <object_component id="oc-46">
         <name>.debug_frame</name>
         <load_address>0xb3a</load_address>
         <run_address>0xb3a</run_address>
         <size>0x506</size>
         <input_file_ref idref="fl-89"/>
      </object_component>
      <object_component id="oc-4c">
         <name>.debug_frame</name>
         <load_address>0x1040</load_address>
         <run_address>0x1040</run_address>
         <size>0x25d</size>
         <input_file_ref idref="fl-8a"/>
      </object_component>
      <object_component id="oc-52">
         <name>.debug_frame</name>
         <load_address>0x129d</load_address>
         <run_address>0x129d</run_address>
         <size>0x297</size>
         <input_file_ref idref="fl-8b"/>
      </object_component>
      <object_component id="oc-58">
         <name>.debug_frame</name>
         <load_address>0x1534</load_address>
         <run_address>0x1534</run_address>
         <size>0x25e</size>
         <input_file_ref idref="fl-8c"/>
      </object_component>
      <object_component id="oc-5e">
         <name>.debug_frame</name>
         <load_address>0x1792</load_address>
         <run_address>0x1792</run_address>
         <size>0x306</size>
         <input_file_ref idref="fl-8d"/>
      </object_component>
      <object_component id="oc-67">
         <name>.debug_frame</name>
         <load_address>0x1a98</load_address>
         <run_address>0x1a98</run_address>
         <size>0x499</size>
         <input_file_ref idref="fl-8f"/>
      </object_component>
      <object_component id="oc-6b">
         <name>.debug_frame</name>
         <load_address>0x1f31</load_address>
         <run_address>0x1f31</run_address>
         <size>0x29b</size>
         <input_file_ref idref="fl-90"/>
      </object_component>
      <object_component id="oc-14">
         <name>.debug_line</name>
         <load_address>0x0</load_address>
         <run_address>0x0</run_address>
         <size>0x15c</size>
         <input_file_ref idref="fl-2"/>
      </object_component>
      <object_component id="oc-19">
         <name>.debug_line</name>
         <load_address>0x15c</load_address>
         <run_address>0x15c</run_address>
         <size>0xd1</size>
         <input_file_ref idref="fl-3"/>
      </object_component>
      <object_component id="oc-22">
         <name>.debug_line</name>
         <load_address>0x22d</load_address>
         <run_address>0x22d</run_address>
         <size>0x7c</size>
         <input_file_ref idref="fl-4"/>
      </object_component>
      <object_component id="oc-26">
         <name>.debug_line</name>
         <load_address>0x2a9</load_address>
         <run_address>0x2a9</run_address>
         <size>0x3d</size>
         <input_file_ref idref="fl-81"/>
      </object_component>
      <object_component id="oc-2b">
         <name>.debug_line</name>
         <load_address>0x2e6</load_address>
         <run_address>0x2e6</run_address>
         <size>0x4f</size>
         <input_file_ref idref="fl-82"/>
      </object_component>
      <object_component id="oc-2e">
         <name>.debug_line</name>
         <load_address>0x335</load_address>
         <run_address>0x335</run_address>
         <size>0x41</size>
         <input_file_ref idref="fl-83"/>
      </object_component>
      <object_component id="oc-31">
         <name>.debug_line</name>
         <load_address>0x376</load_address>
         <run_address>0x376</run_address>
         <size>0x47</size>
         <input_file_ref idref="fl-84"/>
      </object_component>
      <object_component id="oc-34">
         <name>.debug_line</name>
         <load_address>0x3bd</load_address>
         <run_address>0x3bd</run_address>
         <size>0x45</size>
         <input_file_ref idref="fl-85"/>
      </object_component>
      <object_component id="oc-37">
         <name>.debug_line</name>
         <load_address>0x402</load_address>
         <run_address>0x402</run_address>
         <size>0x44</size>
         <input_file_ref idref="fl-86"/>
      </object_component>
      <object_component id="oc-3a">
         <name>.debug_line</name>
         <load_address>0x446</load_address>
         <run_address>0x446</run_address>
         <size>0x4e</size>
         <input_file_ref idref="fl-87"/>
      </object_component>
      <object_component id="oc-40">
         <name>.debug_line</name>
         <load_address>0x494</load_address>
         <run_address>0x494</run_address>
         <size>0x3b8</size>
         <input_file_ref idref="fl-88"/>
      </object_component>
      <object_component id="oc-47">
         <name>.debug_line</name>
         <load_address>0x84c</load_address>
         <run_address>0x84c</run_address>
         <size>0x442</size>
         <input_file_ref idref="fl-89"/>
      </object_component>
      <object_component id="oc-4d">
         <name>.debug_line</name>
         <load_address>0xc8e</load_address>
         <run_address>0xc8e</run_address>
         <size>0x71</size>
         <input_file_ref idref="fl-8a"/>
      </object_component>
      <object_component id="oc-53">
         <name>.debug_line</name>
         <load_address>0xcff</load_address>
         <run_address>0xcff</run_address>
         <size>0xaf</size>
         <input_file_ref idref="fl-8b"/>
      </object_component>
      <object_component id="oc-59">
         <name>.debug_line</name>
         <load_address>0xdae</load_address>
         <run_address>0xdae</run_address>
         <size>0x8e</size>
         <input_file_ref idref="fl-8c"/>
      </object_component>
      <object_component id="oc-5f">
         <name>.debug_line</name>
         <load_address>0xe3c</load_address>
         <run_address>0xe3c</run_address>
         <size>0x13b</size>
         <input_file_ref idref="fl-8d"/>
      </object_component>
      <object_component id="oc-62">
         <name>.debug_line</name>
         <load_address>0xf77</load_address>
         <run_address>0xf77</run_address>
         <size>0x4a</size>
         <input_file_ref idref="fl-8e"/>
      </object_component>
      <object_component id="oc-68">
         <name>.debug_line</name>
         <load_address>0xfc1</load_address>
         <run_address>0xfc1</run_address>
         <size>0x33a</size>
         <input_file_ref idref="fl-8f"/>
      </object_component>
      <object_component id="oc-6c">
         <name>.debug_line</name>
         <load_address>0x12fb</load_address>
         <run_address>0x12fb</run_address>
         <size>0x105</size>
         <input_file_ref idref="fl-90"/>
      </object_component>
      <object_component id="oc-15">
         <name>.debug_abbrev</name>
         <load_address>0x0</load_address>
         <run_address>0x0</run_address>
         <size>0x18e</size>
         <input_file_ref idref="fl-2"/>
      </object_component>
      <object_component id="oc-1a">
         <name>.debug_abbrev</name>
         <load_address>0x18e</load_address>
         <run_address>0x18e</run_address>
         <size>0x20</size>
         <input_file_ref idref="fl-3"/>
      </object_component>
      <object_component id="oc-23">
         <name>.debug_abbrev</name>
         <load_address>0x1ae</load_address>
         <run_address>0x1ae</run_address>
         <size>0x14a</size>
         <input_file_ref idref="fl-4"/>
      </object_component>
      <object_component id="oc-27">
         <name>.debug_abbrev</name>
         <load_address>0x2f8</load_address>
         <run_address>0x2f8</run_address>
         <size>0xfe</size>
         <input_file_ref idref="fl-81"/>
      </object_component>
      <object_component id="oc-2c">
         <name>.debug_abbrev</name>
         <load_address>0x3f6</load_address>
         <run_address>0x3f6</run_address>
         <size>0x119</size>
         <input_file_ref idref="fl-82"/>
      </object_component>
      <object_component id="oc-2f">
         <name>.debug_abbrev</name>
         <load_address>0x50f</load_address>
         <run_address>0x50f</run_address>
         <size>0xe1</size>
         <input_file_ref idref="fl-83"/>
      </object_component>
      <object_component id="oc-32">
         <name>.debug_abbrev</name>
         <load_address>0x5f0</load_address>
         <run_address>0x5f0</run_address>
         <size>0x13f</size>
         <input_file_ref idref="fl-84"/>
      </object_component>
      <object_component id="oc-35">
         <name>.debug_abbrev</name>
         <load_address>0x72f</load_address>
         <run_address>0x72f</run_address>
         <size>0xdd</size>
         <input_file_ref idref="fl-85"/>
      </object_component>
      <object_component id="oc-38">
         <name>.debug_abbrev</name>
         <load_address>0x80c</load_address>
         <run_address>0x80c</run_address>
         <size>0x10c</size>
         <input_file_ref idref="fl-86"/>
      </object_component>
      <object_component id="oc-3b">
         <name>.debug_abbrev</name>
         <load_address>0x918</load_address>
         <run_address>0x918</run_address>
         <size>0xd5</size>
         <input_file_ref idref="fl-87"/>
      </object_component>
      <object_component id="oc-41">
         <name>.debug_abbrev</name>
         <load_address>0x9ed</load_address>
         <run_address>0x9ed</run_address>
         <size>0x175</size>
         <input_file_ref idref="fl-88"/>
      </object_component>
      <object_component id="oc-48">
         <name>.debug_abbrev</name>
         <load_address>0xb62</load_address>
         <run_address>0xb62</run_address>
         <size>0x21b</size>
         <input_file_ref idref="fl-89"/>
      </object_component>
      <object_component id="oc-4e">
         <name>.debug_abbrev</name>
         <load_address>0xd7d</load_address>
         <run_address>0xd7d</run_address>
         <size>0xf2</size>
         <input_file_ref idref="fl-8a"/>
      </object_component>
      <object_component id="oc-54">
         <name>.debug_abbrev</name>
         <load_address>0xe6f</load_address>
         <run_address>0xe6f</run_address>
         <size>0x159</size>
         <input_file_ref idref="fl-8b"/>
      </object_component>
      <object_component id="oc-5a">
         <name>.debug_abbrev</name>
         <load_address>0xfc8</load_address>
         <run_address>0xfc8</run_address>
         <size>0x11e</size>
         <input_file_ref idref="fl-8c"/>
      </object_component>
      <object_component id="oc-60">
         <name>.debug_abbrev</name>
         <load_address>0x10e6</load_address>
         <run_address>0x10e6</run_address>
         <size>0x166</size>
         <input_file_ref idref="fl-8d"/>
      </object_component>
      <object_component id="oc-63">
         <name>.debug_abbrev</name>
         <load_address>0x124c</load_address>
         <run_address>0x124c</run_address>
         <size>0x3a</size>
         <input_file_ref idref="fl-8e"/>
      </object_component>
      <object_component id="oc-69">
         <name>.debug_abbrev</name>
         <load_address>0x1286</load_address>
         <run_address>0x1286</run_address>
         <size>0x195</size>
         <input_file_ref idref="fl-8f"/>
      </object_component>
      <object_component id="oc-6d">
         <name>.debug_abbrev</name>
         <load_address>0x141b</load_address>
         <run_address>0x141b</run_address>
         <size>0xea</size>
         <input_file_ref idref="fl-90"/>
      </object_component>
      <object_component id="oc-97">
         <name>.debug_abbrev</name>
         <load_address>0x1505</load_address>
         <run_address>0x1505</run_address>
         <size>0xd</size>
      </object_component>
   </object_component_list>
   <logical_group_list>
      <logical_group id="lg-2">
         <name>.EXT_RAM</name>
         <run_address>0x0</run_address>
         <size>0x0</size>
         <contents>
         </contents>
      </logical_group>
      <logical_group id="lg-3">
         <name>.vecs</name>
         <load_address>0x0</load_address>
         <run_address>0x0</run_address>
         <size>0x200</size>
         <contents>
            <object_component_ref idref="oc-17"/>
         </contents>
      </logical_group>
      <logical_group id="lg-4">
         <name>.text</name>
         <load_address>0x220</load_address>
         <run_address>0x220</run_address>
         <size>0x4440</size>
         <contents>
            <object_component_ref idref="oc-7b"/>
            <object_component_ref idref="oc-7a"/>
            <object_component_ref idref="oc-7d"/>
            <object_component_ref idref="oc-71"/>
            <object_component_ref idref="oc-77"/>
            <object_component_ref idref="oc-7e"/>
            <object_component_ref idref="oc-73"/>
            <object_component_ref idref="oc-7f"/>
            <object_component_ref idref="oc-78"/>
            <object_component_ref idref="oc-7c"/>
            <object_component_ref idref="oc-1f"/>
            <object_component_ref idref="oc-6e"/>
            <object_component_ref idref="oc-79"/>
            <object_component_ref idref="oc-75"/>
            <object_component_ref idref="oc-70"/>
            <object_component_ref idref="oc-72"/>
            <object_component_ref idref="oc-74"/>
            <object_component_ref idref="oc-e"/>
            <object_component_ref idref="oc-6f"/>
            <object_component_ref idref="oc-16"/>
            <object_component_ref idref="oc-76"/>
         </contents>
      </logical_group>
      <logical_group id="lg-5">
         <name>.bss</name>
         <run_address>0x4f88</run_address>
         <size>0x24</size>
         <contents>
            <object_component_ref idref="oc-f"/>
            <object_component_ref idref="oc-1b"/>
            <object_component_ref idref="oc-42"/>
            <object_component_ref idref="oc-55"/>
            <object_component_ref idref="oc-5b"/>
         </contents>
      </logical_group>
      <logical_group id="lg-6">
         <name>.cinit</name>
         <load_address>0x4a60</load_address>
         <run_address>0x4a60</run_address>
         <size>0x2bc</size>
         <contents>
            <object_component_ref idref="oc-44"/>
            <object_component_ref idref="oc-11"/>
            <object_component_ref idref="oc-3d"/>
            <object_component_ref idref="oc-1d"/>
            <object_component_ref idref="oc-50"/>
            <object_component_ref idref="oc-29"/>
            <object_component_ref idref="oc-4a"/>
            <object_component_ref idref="oc-65"/>
         </contents>
      </logical_group>
      <logical_group id="lg-7">
         <name>.stack</name>
         <run_address>0x4660</run_address>
         <size>0x400</size>
         <contents>
            <object_component_ref idref="oc-25"/>
            <object_component_ref idref="oc-95"/>
         </contents>
      </logical_group>
      <logical_group id="lg-8">
         <name>.sysmem</name>
         <run_address>0x0</run_address>
         <size>0x0</size>
         <contents>
         </contents>
      </logical_group>
      <logical_group id="lg-9">
         <name>.const</name>
         <load_address>0x4f04</load_address>
         <run_address>0x4f04</run_address>
         <size>0x84</size>
         <contents>
            <object_component_ref idref="oc-57"/>
            <object_component_ref idref="oc-20"/>
            <object_component_ref idref="oc-5d"/>
         </contents>
      </logical_group>
      <logical_group id="lg-a">
         <name>.switch</name>
         <run_address>0x0</run_address>
         <size>0x0</size>
         <contents>
         </contents>
      </logical_group>
      <logical_group id="lg-b">
         <name>.far</name>
         <run_address>0x4d1c</run_address>
         <size>0x1e8</size>
         <contents>
            <object_component_ref idref="oc-12"/>
            <object_component_ref idref="oc-1e"/>
            <object_component_ref idref="oc-2a"/>
            <object_component_ref idref="oc-3e"/>
            <object_component_ref idref="oc-45"/>
            <object_component_ref idref="oc-4b"/>
            <object_component_ref idref="oc-51"/>
            <object_component_ref idref="oc-66"/>
         </contents>
      </logical_group>
      <logical_group id="lg-c">
         <name>.cio</name>
         <run_address>0x0</run_address>
         <size>0x0</size>
         <contents>
         </contents>
      </logical_group>
      <logical_group id="lg-d">
         <name>.csldata</name>
         <run_address>0x0</run_address>
         <size>0x0</size>
         <contents>
         </contents>
      </logical_group>
      <logical_group id="lg-8c">
         <name>.debug_info</name>
         <load_address>0x0</load_address>
         <run_address>0x0</run_address>
         <size>0xfebd</size>
         <contents>
            <object_component_ref idref="oc-10"/>
            <object_component_ref idref="oc-18"/>
            <object_component_ref idref="oc-1c"/>
            <object_component_ref idref="oc-24"/>
            <object_component_ref idref="oc-28"/>
            <object_component_ref idref="oc-2d"/>
            <object_component_ref idref="oc-30"/>
            <object_component_ref idref="oc-33"/>
            <object_component_ref idref="oc-36"/>
            <object_component_ref idref="oc-39"/>
            <object_component_ref idref="oc-3c"/>
            <object_component_ref idref="oc-43"/>
            <object_component_ref idref="oc-49"/>
            <object_component_ref idref="oc-4f"/>
            <object_component_ref idref="oc-56"/>
            <object_component_ref idref="oc-5c"/>
            <object_component_ref idref="oc-61"/>
            <object_component_ref idref="oc-64"/>
            <object_component_ref idref="oc-6a"/>
            <object_component_ref idref="oc-96"/>
         </contents>
      </logical_group>
      <logical_group id="lg-8e">
         <name>.debug_frame</name>
         <load_address>0x0</load_address>
         <run_address>0x0</run_address>
         <size>0x21cc</size>
         <contents>
            <object_component_ref idref="oc-13"/>
            <object_component_ref idref="oc-21"/>
            <object_component_ref idref="oc-3f"/>
            <object_component_ref idref="oc-46"/>
            <object_component_ref idref="oc-4c"/>
            <object_component_ref idref="oc-52"/>
            <object_component_ref idref="oc-58"/>
            <object_component_ref idref="oc-5e"/>
            <object_component_ref idref="oc-67"/>
            <object_component_ref idref="oc-6b"/>
         </contents>
      </logical_group>
      <logical_group id="lg-90">
         <name>.debug_line</name>
         <load_address>0x0</load_address>
         <run_address>0x0</run_address>
         <size>0x1400</size>
         <contents>
            <object_component_ref idref="oc-14"/>
            <object_component_ref idref="oc-19"/>
            <object_component_ref idref="oc-22"/>
            <object_component_ref idref="oc-26"/>
            <object_component_ref idref="oc-2b"/>
            <object_component_ref idref="oc-2e"/>
            <object_component_ref idref="oc-31"/>
            <object_component_ref idref="oc-34"/>
            <object_component_ref idref="oc-37"/>
            <object_component_ref idref="oc-3a"/>
            <object_component_ref idref="oc-40"/>
            <object_component_ref idref="oc-47"/>
            <object_component_ref idref="oc-4d"/>
            <object_component_ref idref="oc-53"/>
            <object_component_ref idref="oc-59"/>
            <object_component_ref idref="oc-5f"/>
            <object_component_ref idref="oc-62"/>
            <object_component_ref idref="oc-68"/>
            <object_component_ref idref="oc-6c"/>
         </contents>
      </logical_group>
      <logical_group id="lg-92">
         <name>.debug_abbrev</name>
         <load_address>0x0</load_address>
         <run_address>0x0</run_address>
         <size>0x1512</size>
         <contents>
            <object_component_ref idref="oc-15"/>
            <object_component_ref idref="oc-1a"/>
            <object_component_ref idref="oc-23"/>
            <object_component_ref idref="oc-27"/>
            <object_component_ref idref="oc-2c"/>
            <object_component_ref idref="oc-2f"/>
            <object_component_ref idref="oc-32"/>
            <object_component_ref idref="oc-35"/>
            <object_component_ref idref="oc-38"/>
            <object_component_ref idref="oc-3b"/>
            <object_component_ref idref="oc-41"/>
            <object_component_ref idref="oc-48"/>
            <object_component_ref idref="oc-4e"/>
            <object_component_ref idref="oc-54"/>
            <object_component_ref idref="oc-5a"/>
            <object_component_ref idref="oc-60"/>
            <object_component_ref idref="oc-63"/>
            <object_component_ref idref="oc-69"/>
            <object_component_ref idref="oc-6d"/>
            <object_component_ref idref="oc-97"/>
         </contents>
      </logical_group>
   </logical_group_list>
   <placement_map>
      <memory_area>
         <name>IVECS</name>
         <page_id>0x0</page_id>
         <origin>0x0</origin>
         <length>0x220</length>
         <used_space>0x200</used_space>
         <unused_space>0x20</unused_space>
         <attributes>RWIX</attributes>
         <usage_details>
            <allocated_space>
               <start_address>0x0</start_address>
               <size>0x200</size>
               <logical_group_ref idref="lg-3"/>
            </allocated_space>
            <available_space>
               <start_address>0x200</start_address>
               <size>0x20</size>
            </available_space>
         </usage_details>
      </memory_area>
      <memory_area>
         <name>IRAM</name>
         <page_id>0x0</page_id>
         <origin>0x220</origin>
         <length>0x2fde0</length>
         <used_space>0x4d8c</used_space>
         <unused_space>0x2b054</unused_space>
         <attributes>RWIX</attributes>
         <usage_details>
            <allocated_space>
               <start_address>0x220</start_address>
               <size>0x4440</size>
               <logical_group_ref idref="lg-4"/>
            </allocated_space>
            <allocated_space>
               <start_address>0x4660</start_address>
               <size>0x400</size>
               <logical_group_ref idref="lg-7"/>
            </allocated_space>
            <allocated_space>
               <start_address>0x4a60</start_address>
               <size>0x2bc</size>
               <logical_group_ref idref="lg-6"/>
            </allocated_space>
            <allocated_space>
               <start_address>0x4d1c</start_address>
               <size>0x1e8</size>
               <logical_group_ref idref="lg-b"/>
            </allocated_space>
            <allocated_space>
               <start_address>0x4f04</start_address>
               <size>0x84</size>
               <logical_group_ref idref="lg-9"/>
            </allocated_space>
            <allocated_space>
               <start_address>0x4f88</start_address>
               <size>0x24</size>
               <logical_group_ref idref="lg-5"/>
            </allocated_space>
            <available_space>
               <start_address>0x4fac</start_address>
               <size>0x2b054</size>
            </available_space>
         </usage_details>
      </memory_area>
      <memory_area>
         <name>SDRAM</name>
         <page_id>0x0</page_id>
         <origin>0x80000000</origin>
         <length>0x100000</length>
         <used_space>0x0</used_space>
         <unused_space>0x100000</unused_space>
         <attributes>RWIX</attributes>
         <usage_details>
         </usage_details>
      </memory_area>
      <memory_area>
         <name>FLASH</name>
         <page_id>0x0</page_id>
         <origin>0x90000000</origin>
         <length>0x20000</length>
         <used_space>0x0</used_space>
         <unused_space>0x20000</unused_space>
         <attributes>RWIX</attributes>
         <usage_details>
         </usage_details>
      </memory_area>
   </placement_map>
   <symbol_table>
      <symbol id="sm-0">
         <name>cinit</name>
         <value>0x4a60</value>
      </symbol>
      <symbol id="sm-1">
         <name>___cinit__</name>
         <value>0x4a60</value>
      </symbol>
      <symbol id="sm-2">
         <name>pinit</name>
         <value>0xffffffff</value>
      </symbol>
      <symbol id="sm-3">
         <name>___pinit__</name>
         <value>0xffffffff</value>
      </symbol>
      <symbol id="sm-4">
         <name>binit</name>
         <value>0xffffffff</value>
      </symbol>
      <symbol id="sm-5">
         <name>___binit__</name>
         <value>0xffffffff</value>
      </symbol>
      <symbol id="sm-6">
         <name>__STACK_SIZE</name>
         <value>0x400</value>
      </symbol>
      <symbol id="sm-7">
         <name>__STACK_END</name>
         <value>0x4a60</value>
      </symbol>
      <symbol id="sm-8">
         <name>___c_args__</name>
         <value>0xffffffff</value>
      </symbol>
      <symbol id="sm-9">
         <name>.text</name>
         <value>0x220</value>
      </symbol>
      <symbol id="sm-a">
         <name>___text__</name>
         <value>0x220</value>
      </symbol>
      <symbol id="sm-b">
         <name>etext</name>
         <value>0x4660</value>
      </symbol>
      <symbol id="sm-c">
         <name>___etext__</name>
         <value>0x4660</value>
      </symbol>
      <symbol id="sm-d">
         <name>.bss</name>
         <value>0x4f88</value>
      </symbol>
      <symbol id="sm-e">
         <name>___bss__</name>
         <value>0x4f88</value>
      </symbol>
      <symbol id="sm-f">
         <name>end</name>
         <value>0x4fac</value>
      </symbol>
      <symbol id="sm-10">
         <name>___end__</name>
         <value>0x4fac</value>
      </symbol>
      <symbol id="sm-11">
         <name>___TI_pprof_out_hndl</name>
         <value>0xffffffff</value>
      </symbol>
      <symbol id="sm-12">
         <name>___TI_prof_data_start</name>
         <value>0xffffffff</value>
      </symbol>
      <symbol id="sm-13">
         <name>___TI_prof_data_size</name>
         <value>0xffffffff</value>
      </symbol>
      <symbol id="sm-14">
         <name>$bss</name>
         <value>0x4f88</value>
      </symbol>
      <symbol id="sm-7f">
         <name>_comm_poll</name>
         <value>0x2a38</value>
         <object_component_ref idref="oc-71"/>
      </symbol>
      <symbol id="sm-80">
         <name>_output_left_sample</name>
         <value>0x2c58</value>
         <object_component_ref idref="oc-71"/>
      </symbol>
      <symbol id="sm-81">
         <name>_comm_intr</name>
         <value>0x2a64</value>
         <object_component_ref idref="oc-71"/>
      </symbol>
      <symbol id="sm-82">
         <name>_input_left_sample</name>
         <value>0x2ec4</value>
         <object_component_ref idref="oc-71"/>
      </symbol>
      <symbol id="sm-83">
         <name>_output_sample</name>
         <value>0x2b60</value>
         <object_component_ref idref="oc-71"/>
      </symbol>
      <symbol id="sm-84">
         <name>_c6713_dsk_init</name>
         <value>0x29a0</value>
         <object_component_ref idref="oc-71"/>
      </symbol>
      <symbol id="sm-85">
         <name>_config</name>
         <value>0x4e2c</value>
         <object_component_ref idref="oc-12"/>
      </symbol>
      <symbol id="sm-86">
         <name>_input_right_sample</name>
         <value>0x2f6c</value>
         <object_component_ref idref="oc-71"/>
      </symbol>
      <symbol id="sm-87">
         <name>_AIC_data</name>
         <value>0x4e08</value>
         <object_component_ref idref="oc-12"/>
      </symbol>
      <symbol id="sm-88">
         <name>_hAIC23_handle</name>
         <value>0x4f90</value>
         <object_component_ref idref="oc-f"/>
      </symbol>
      <symbol id="sm-89">
         <name>_AIC23CfgData</name>
         <value>0x4e0c</value>
         <object_component_ref idref="oc-12"/>
      </symbol>
      <symbol id="sm-8a">
         <name>_input_sample</name>
         <value>0x2dd8</value>
         <object_component_ref idref="oc-71"/>
      </symbol>
      <symbol id="sm-8b">
         <name>_output_right_sample</name>
         <value>0x2d18</value>
         <object_component_ref idref="oc-71"/>
      </symbol>
      <symbol id="sm-98">
         <name>_vector10</name>
         <value>0x140</value>
         <object_component_ref idref="oc-17"/>
      </symbol>
      <symbol id="sm-99">
         <name>_vector12</name>
         <value>0x180</value>
         <object_component_ref idref="oc-17"/>
      </symbol>
      <symbol id="sm-9a">
         <name>_vector13</name>
         <value>0x1a0</value>
         <object_component_ref idref="oc-17"/>
      </symbol>
      <symbol id="sm-9b">
         <name>_vector14</name>
         <value>0x1c0</value>
         <object_component_ref idref="oc-17"/>
      </symbol>
      <symbol id="sm-9c">
         <name>_vector15</name>
         <value>0x1e0</value>
         <object_component_ref idref="oc-17"/>
      </symbol>
      <symbol id="sm-9d">
         <name>_vectors</name>
         <value>0x0</value>
         <object_component_ref idref="oc-17"/>
      </symbol>
      <symbol id="sm-9e">
         <name>_vector1</name>
         <value>0x20</value>
         <object_component_ref idref="oc-17"/>
      </symbol>
      <symbol id="sm-9f">
         <name>_vector3</name>
         <value>0x60</value>
         <object_component_ref idref="oc-17"/>
      </symbol>
      <symbol id="sm-a0">
         <name>_vector2</name>
         <value>0x40</value>
         <object_component_ref idref="oc-17"/>
      </symbol>
      <symbol id="sm-a1">
         <name>_vector5</name>
         <value>0xa0</value>
         <object_component_ref idref="oc-17"/>
      </symbol>
      <symbol id="sm-a2">
         <name>_vector4</name>
         <value>0x80</value>
         <object_component_ref idref="oc-17"/>
      </symbol>
      <symbol id="sm-a3">
         <name>_vector7</name>
         <value>0xe0</value>
         <object_component_ref idref="oc-17"/>
      </symbol>
      <symbol id="sm-a4">
         <name>_vector6</name>
         <value>0xc0</value>
         <object_component_ref idref="oc-17"/>
      </symbol>
      <symbol id="sm-a5">
         <name>_vector9</name>
         <value>0x120</value>
         <object_component_ref idref="oc-17"/>
      </symbol>
      <symbol id="sm-a6">
         <name>_vector8</name>
         <value>0x100</value>
         <object_component_ref idref="oc-17"/>
      </symbol>
      <symbol id="sm-c5">
         <name>_main</name>
         <value>0x4260</value>
         <object_component_ref idref="oc-75"/>
      </symbol>
      <symbol id="sm-c6">
         <name>_c_int11</name>
         <value>0x3f20</value>
         <object_component_ref idref="oc-1f"/>
      </symbol>
      <symbol id="sm-c7">
         <name>_fs</name>
         <value>0x4fa4</value>
         <object_component_ref idref="oc-1b"/>
      </symbol>
      <symbol id="sm-c8">
         <name>_AIC_buffer</name>
         <value>0x4ee4</value>
         <object_component_ref idref="oc-1e"/>
      </symbol>
      <symbol id="sm-c9">
         <name>_sine_table</name>
         <value>0x4ed4</value>
         <object_component_ref idref="oc-1e"/>
      </symbol>
      <symbol id="sm-ca">
         <name>_intflag</name>
         <value>0x4fa8</value>
         <object_component_ref idref="oc-1b"/>
      </symbol>
      <symbol id="sm-d6">
         <name>_c_int00</name>
         <value>0x4560</value>
         <object_component_ref idref="oc-e"/>
      </symbol>
      <symbol id="sm-d7">
         <name>__stack</name>
         <value>0x4660</value>
         <object_component_ref idref="oc-25"/>
      </symbol>
      <symbol id="sm-e7">
         <name>C$$EXIT</name>
         <value>0x4640</value>
         <object_component_ref idref="oc-76"/>
      </symbol>
      <symbol id="sm-e8">
         <name>_exit</name>
         <value>0x4340</value>
         <object_component_ref idref="oc-70"/>
      </symbol>
      <symbol id="sm-e9">
         <name>___TI_enable_exit_profile_output</name>
         <value>0x4f00</value>
         <object_component_ref idref="oc-2a"/>
      </symbol>
      <symbol id="sm-ea">
         <name>_abort</name>
         <value>0x4640</value>
         <object_component_ref idref="oc-76"/>
      </symbol>
      <symbol id="sm-eb">
         <name>__cleanup_ptr</name>
         <value>0x4ef8</value>
         <object_component_ref idref="oc-2a"/>
      </symbol>
      <symbol id="sm-ec">
         <name>__dtors_ptr</name>
         <value>0x4efc</value>
         <object_component_ref idref="oc-2a"/>
      </symbol>
      <symbol id="sm-f6">
         <name>__args_main</name>
         <value>0x45e0</value>
         <object_component_ref idref="oc-6f"/>
      </symbol>
      <symbol id="sm-f7">
         <name>__TI_args_main</name>
         <value>0x1</value>
      </symbol>
      <symbol id="sm-101">
         <name>__auto_init</name>
         <value>0x4060</value>
         <object_component_ref idref="oc-6e"/>
      </symbol>
      <symbol id="sm-10b">
         <name>___TI_cpp_init</name>
         <value>0x44e0</value>
         <object_component_ref idref="oc-74"/>
      </symbol>
      <symbol id="sm-115">
         <name>_copy_in</name>
         <value>0x4420</value>
         <object_component_ref idref="oc-72"/>
      </symbol>
      <symbol id="sm-11f">
         <name>_memcpy</name>
         <value>0x3780</value>
         <object_component_ref idref="oc-73"/>
      </symbol>
      <symbol id="sm-14c">
         <name>_MCBSP_enableSrgr</name>
         <value>0x172c</value>
         <object_component_ref idref="oc-7a"/>
      </symbol>
      <symbol id="sm-14d">
         <name>_MCBSP_getRcvEventId</name>
         <value>0x1500</value>
         <object_component_ref idref="oc-7a"/>
      </symbol>
      <symbol id="sm-14e">
         <name>_MCBSP_read</name>
         <value>0x1520</value>
         <object_component_ref idref="oc-7a"/>
      </symbol>
      <symbol id="sm-14f">
         <name>_MCBSP_open</name>
         <value>0x1c94</value>
         <object_component_ref idref="oc-7a"/>
      </symbol>
      <symbol id="sm-150">
         <name>_MCBSP_xsyncerr</name>
         <value>0x1620</value>
         <object_component_ref idref="oc-7a"/>
      </symbol>
      <symbol id="sm-151">
         <name>_MCBSP_getPins</name>
         <value>0x1f8c</value>
         <object_component_ref idref="oc-7a"/>
      </symbol>
      <symbol id="sm-152">
         <name>_MCBSP_close</name>
         <value>0x1d9c</value>
         <object_component_ref idref="oc-7a"/>
      </symbol>
      <symbol id="sm-153">
         <name>_MCBSP_xrdy</name>
         <value>0x1570</value>
         <object_component_ref idref="oc-7a"/>
      </symbol>
      <symbol id="sm-154">
         <name>_MCBSP_start</name>
         <value>0x1e30</value>
         <object_component_ref idref="oc-7a"/>
      </symbol>
      <symbol id="sm-155">
         <name>_MCBSP_getRcvAddr</name>
         <value>0x14c0</value>
         <object_component_ref idref="oc-7a"/>
      </symbol>
      <symbol id="sm-156">
         <name>_MCBSP_rfull</name>
         <value>0x15f4</value>
         <object_component_ref idref="oc-7a"/>
      </symbol>
      <symbol id="sm-157">
         <name>_MCBSP_rsyncerr</name>
         <value>0x164c</value>
         <object_component_ref idref="oc-7a"/>
      </symbol>
      <symbol id="sm-158">
         <name>_MCBSP_getConfig</name>
         <value>0x19a8</value>
         <object_component_ref idref="oc-7a"/>
      </symbol>
      <symbol id="sm-159">
         <name>__MCBSP_hDev0</name>
         <value>0x4e84</value>
         <object_component_ref idref="oc-3e"/>
      </symbol>
      <symbol id="sm-15a">
         <name>__MCBSP_hDev1</name>
         <value>0x4e88</value>
         <object_component_ref idref="oc-3e"/>
      </symbol>
      <symbol id="sm-15b">
         <name>_MCBSP_xempty</name>
         <value>0x15c8</value>
         <object_component_ref idref="oc-7a"/>
      </symbol>
      <symbol id="sm-15c">
         <name>_MCBSP_getXmtEventId</name>
         <value>0x14e0</value>
         <object_component_ref idref="oc-7a"/>
      </symbol>
      <symbol id="sm-15d">
         <name>_MCBSP_write</name>
         <value>0x1548</value>
         <object_component_ref idref="oc-7a"/>
      </symbol>
      <symbol id="sm-15e">
         <name>_MCBSP_rrdy</name>
         <value>0x159c</value>
         <object_component_ref idref="oc-7a"/>
      </symbol>
      <symbol id="sm-15f">
         <name>_MCBSP_resetAll</name>
         <value>0x1c64</value>
         <object_component_ref idref="oc-7a"/>
      </symbol>
      <symbol id="sm-160">
         <name>_MCBSP_config</name>
         <value>0x1768</value>
         <object_component_ref idref="oc-7a"/>
      </symbol>
      <symbol id="sm-161">
         <name>_MCBSP_setPins</name>
         <value>0x1fb8</value>
         <object_component_ref idref="oc-7a"/>
      </symbol>
      <symbol id="sm-162">
         <name>_MCBSP_getXmtAddr</name>
         <value>0x14a0</value>
         <object_component_ref idref="oc-7a"/>
      </symbol>
      <symbol id="sm-163">
         <name>_MCBSP_reset</name>
         <value>0x1acc</value>
         <object_component_ref idref="oc-7a"/>
      </symbol>
      <symbol id="sm-164">
         <name>_MCBSP_enableXmt</name>
         <value>0x1678</value>
         <object_component_ref idref="oc-7a"/>
      </symbol>
      <symbol id="sm-165">
         <name>_MCBSP_configArgs</name>
         <value>0x1894</value>
         <object_component_ref idref="oc-7a"/>
      </symbol>
      <symbol id="sm-166">
         <name>_MCBSP_enableRcv</name>
         <value>0x16b4</value>
         <object_component_ref idref="oc-7a"/>
      </symbol>
      <symbol id="sm-167">
         <name>_MCBSP_enableFsync</name>
         <value>0x16f0</value>
         <object_component_ref idref="oc-7a"/>
      </symbol>
      <symbol id="sm-1c8">
         <name>__IRQ_init</name>
         <value>0x8e8</value>
         <object_component_ref idref="oc-7b"/>
      </symbol>
      <symbol id="sm-1c9">
         <name>_IRQ_restore</name>
         <value>0x2e8</value>
         <object_component_ref idref="oc-7b"/>
      </symbol>
      <symbol id="sm-1ca">
         <name>_IRQ_getArg</name>
         <value>0xfa4</value>
         <object_component_ref idref="oc-7b"/>
      </symbol>
      <symbol id="sm-1cb">
         <name>_IRQ_setArg</name>
         <value>0x107c</value>
         <object_component_ref idref="oc-7b"/>
      </symbol>
      <symbol id="sm-1cc">
         <name>_IRQ_getConfig</name>
         <value>0xe4c</value>
         <object_component_ref idref="oc-7b"/>
      </symbol>
      <symbol id="sm-1cd">
         <name>_IRQ_set</name>
         <value>0x364</value>
         <object_component_ref idref="oc-7b"/>
      </symbol>
      <symbol id="sm-1ce">
         <name>__IRQ_intTable</name>
         <value>0x4dc4</value>
         <object_component_ref idref="oc-45"/>
      </symbol>
      <symbol id="sm-1cf">
         <name>__IRQ_hookFetchPacket</name>
         <value>0x220</value>
         <object_component_ref idref="oc-7b"/>
      </symbol>
      <symbol id="sm-1d0">
         <name>_IRQ_hook</name>
         <value>0x1184</value>
         <object_component_ref idref="oc-7b"/>
      </symbol>
      <symbol id="sm-1d1">
         <name>_IRQ_test</name>
         <value>0x3cc</value>
         <object_component_ref idref="oc-7b"/>
      </symbol>
      <symbol id="sm-1d2">
         <name>_IRQ_nmiEnable</name>
         <value>0x520</value>
         <object_component_ref idref="oc-7b"/>
      </symbol>
      <symbol id="sm-1d3">
         <name>_IRQ_clear</name>
         <value>0x398</value>
         <object_component_ref idref="oc-7b"/>
      </symbol>
      <symbol id="sm-1d4">
         <name>_IRQ_disable</name>
         <value>0x27c</value>
         <object_component_ref idref="oc-7b"/>
      </symbol>
      <symbol id="sm-1d5">
         <name>_IRQ_globalRestore</name>
         <value>0x460</value>
         <object_component_ref idref="oc-7b"/>
      </symbol>
      <symbol id="sm-1d6">
         <name>__IRQ_eventTable</name>
         <value>0x4d40</value>
         <object_component_ref idref="oc-45"/>
      </symbol>
      <symbol id="sm-1d7">
         <name>_IRQ_map</name>
         <value>0x9a4</value>
         <object_component_ref idref="oc-7b"/>
      </symbol>
      <symbol id="sm-1d8">
         <name>_IRQ_nmiDisable</name>
         <value>0x538</value>
         <object_component_ref idref="oc-7b"/>
      </symbol>
      <symbol id="sm-1d9">
         <name>_IRQ_globalDisable</name>
         <value>0x42c</value>
         <object_component_ref idref="oc-7b"/>
      </symbol>
      <symbol id="sm-1da">
         <name>_IRQ_globalEnable</name>
         <value>0x410</value>
         <object_component_ref idref="oc-7b"/>
      </symbol>
      <symbol id="sm-1db">
         <name>_IRQ_resetAll</name>
         <value>0x4f0</value>
         <object_component_ref idref="oc-7b"/>
      </symbol>
      <symbol id="sm-1dc">
         <name>_IRQ_configArgs</name>
         <value>0xccc</value>
         <object_component_ref idref="oc-7b"/>
      </symbol>
      <symbol id="sm-1dd">
         <name>_IRQ_config</name>
         <value>0xb38</value>
         <object_component_ref idref="oc-7b"/>
      </symbol>
      <symbol id="sm-1de">
         <name>_IRQ_biosPresent</name>
         <value>0xb28</value>
         <object_component_ref idref="oc-7b"/>
      </symbol>
      <symbol id="sm-1df">
         <name>__IRQ_dispatchTable</name>
         <value>0x4e04</value>
         <object_component_ref idref="oc-45"/>
      </symbol>
      <symbol id="sm-1e0">
         <name>_IRQ_enable</name>
         <value>0x240</value>
         <object_component_ref idref="oc-7b"/>
      </symbol>
      <symbol id="sm-1e1">
         <name>_IRQ_reset</name>
         <value>0x490</value>
         <object_component_ref idref="oc-7b"/>
      </symbol>
      <symbol id="sm-1e2">
         <name>_IRQ_setVecs</name>
         <value>0x114c</value>
         <object_component_ref idref="oc-7b"/>
      </symbol>
      <symbol id="sm-1fd">
         <name>_DSK6713_AIC23_setFreq</name>
         <value>0x4160</value>
         <object_component_ref idref="oc-79"/>
      </symbol>
      <symbol id="sm-228">
         <name>_DSK6713_AIC23_rget</name>
         <value>0x3ae8</value>
         <object_component_ref idref="oc-7f"/>
      </symbol>
      <symbol id="sm-229">
         <name>_DSK6713_AIC23_config</name>
         <value>0x3b34</value>
         <object_component_ref idref="oc-7f"/>
      </symbol>
      <symbol id="sm-22a">
         <name>_DSK6713_AIC23_rset</name>
         <value>0x39c0</value>
         <object_component_ref idref="oc-7f"/>
      </symbol>
      <symbol id="sm-24a">
         <name>_DSK6713_AIC23_codecdatahandle</name>
         <value>0x4fa0</value>
         <object_component_ref idref="oc-55"/>
      </symbol>
      <symbol id="sm-24b">
         <name>_DSK6713_AIC23_openCodec</name>
         <value>0x3c00</value>
         <object_component_ref idref="oc-78"/>
      </symbol>
      <symbol id="sm-24c">
         <name>_DSK6713_AIC23_codeccontrolhandle</name>
         <value>0x4f9c</value>
         <object_component_ref idref="oc-55"/>
      </symbol>
      <symbol id="sm-27b">
         <name>_DSK6713_version</name>
         <value>0x4faa</value>
         <object_component_ref idref="oc-5b"/>
      </symbol>
      <symbol id="sm-27c">
         <name>_DSK6713_rget</name>
         <value>0x32bc</value>
         <object_component_ref idref="oc-77"/>
      </symbol>
      <symbol id="sm-27d">
         <name>_DSK6713_wait</name>
         <value>0x3338</value>
         <object_component_ref idref="oc-77"/>
      </symbol>
      <symbol id="sm-27e">
         <name>_DSK6713_getVersion</name>
         <value>0x33e0</value>
         <object_component_ref idref="oc-77"/>
      </symbol>
      <symbol id="sm-27f">
         <name>_DSK6713_rset</name>
         <value>0x32f8</value>
         <object_component_ref idref="oc-77"/>
      </symbol>
      <symbol id="sm-280">
         <name>_DSK6713_init</name>
         <value>0x3070</value>
         <object_component_ref idref="oc-77"/>
      </symbol>
      <symbol id="sm-281">
         <name>_DSK6713_waitusec</name>
         <value>0x33a0</value>
         <object_component_ref idref="oc-77"/>
      </symbol>
      <symbol id="sm-289">
         <name>__c6xabi_strasgi</name>
         <value>0x3de0</value>
         <object_component_ref idref="oc-7c"/>
      </symbol>
      <symbol id="sm-28a">
         <name>__strasgi</name>
         <value>0x3de0</value>
         <object_component_ref idref="oc-7c"/>
      </symbol>
      <symbol id="sm-2ae">
         <name>_PLL_enable</name>
         <value>0x2134</value>
         <object_component_ref idref="oc-7d"/>
      </symbol>
      <symbol id="sm-2af">
         <name>_PLL_operational</name>
         <value>0x20c4</value>
         <object_component_ref idref="oc-7d"/>
      </symbol>
      <symbol id="sm-2b0">
         <name>_PLL_getMultiplier</name>
         <value>0x23f4</value>
         <object_component_ref idref="oc-7d"/>
      </symbol>
      <symbol id="sm-2b1">
         <name>_PLL_bypass</name>
         <value>0x2160</value>
         <object_component_ref idref="oc-7d"/>
      </symbol>
      <symbol id="sm-2b2">
         <name>_PLL_getOscRatio</name>
         <value>0x23d8</value>
         <object_component_ref idref="oc-7d"/>
      </symbol>
      <symbol id="sm-2b3">
         <name>_PLL_reset</name>
         <value>0x21a4</value>
         <object_component_ref idref="oc-7d"/>
      </symbol>
      <symbol id="sm-2b4">
         <name>_PLL_enableOscDiv</name>
         <value>0x2270</value>
         <object_component_ref idref="oc-7d"/>
      </symbol>
      <symbol id="sm-2b5">
         <name>_PLL_disableOscDiv</name>
         <value>0x229c</value>
         <object_component_ref idref="oc-7d"/>
      </symbol>
      <symbol id="sm-2b6">
         <name>_PLL_wait1</name>
         <value>0x296c</value>
         <object_component_ref idref="oc-7d"/>
      </symbol>
      <symbol id="sm-2b7">
         <name>_PLL_disablePllDiv</name>
         <value>0x2234</value>
         <object_component_ref idref="oc-7d"/>
      </symbol>
      <symbol id="sm-2b8">
         <name>_PLL_init</name>
         <value>0x2410</value>
         <object_component_ref idref="oc-7d"/>
      </symbol>
      <symbol id="sm-2b9">
         <name>__PLL_divAddr</name>
         <value>0x4ee8</value>
         <object_component_ref idref="oc-66"/>
      </symbol>
      <symbol id="sm-2ba">
         <name>_PLL_wait100</name>
         <value>0x2914</value>
         <object_component_ref idref="oc-7d"/>
      </symbol>
      <symbol id="sm-2bb">
         <name>_PLL_config</name>
         <value>0x25d0</value>
         <object_component_ref idref="oc-7d"/>
      </symbol>
      <symbol id="sm-2bc">
         <name>_PLL_setOscRatio</name>
         <value>0x2328</value>
         <object_component_ref idref="oc-7d"/>
      </symbol>
      <symbol id="sm-2bd">
         <name>_PLL_pwrdwn</name>
         <value>0x2080</value>
         <object_component_ref idref="oc-7d"/>
      </symbol>
      <symbol id="sm-2be">
         <name>_PLL_configArgs</name>
         <value>0x26cc</value>
         <object_component_ref idref="oc-7d"/>
      </symbol>
      <symbol id="sm-2bf">
         <name>_PLL_getConfig</name>
         <value>0x27c0</value>
         <object_component_ref idref="oc-7d"/>
      </symbol>
      <symbol id="sm-2c0">
         <name>_PLL_setPllRatio</name>
         <value>0x22c4</value>
         <object_component_ref idref="oc-7d"/>
      </symbol>
      <symbol id="sm-2c1">
         <name>_PLL_enablePllDiv</name>
         <value>0x21f8</value>
         <object_component_ref idref="oc-7d"/>
      </symbol>
      <symbol id="sm-2c2">
         <name>_PLL_clkTest</name>
         <value>0x2188</value>
         <object_component_ref idref="oc-7d"/>
      </symbol>
      <symbol id="sm-2c3">
         <name>_PLL_getPllRatio</name>
         <value>0x23a0</value>
         <object_component_ref idref="oc-7d"/>
      </symbol>
      <symbol id="sm-2c4">
         <name>_PLL_setMultiplier</name>
         <value>0x2364</value>
         <object_component_ref idref="oc-7d"/>
      </symbol>
      <symbol id="sm-2c5">
         <name>_PLL_deassert</name>
         <value>0x21d0</value>
         <object_component_ref idref="oc-7d"/>
      </symbol>
      <symbol id="sm-2d5">
         <name>_EMIF_getConfig</name>
         <value>0x364c</value>
         <object_component_ref idref="oc-7e"/>
      </symbol>
      <symbol id="sm-2d6">
         <name>_EMIF_config</name>
         <value>0x3440</value>
         <object_component_ref idref="oc-7e"/>
      </symbol>
      <symbol id="sm-2d7">
         <name>_EMIF_configArgs</name>
         <value>0x354c</value>
         <object_component_ref idref="oc-7e"/>
      </symbol>
   </symbol_table>
</link_info>
