******************************************************************************
               TMS320C6x Linker PC v7.4.15                     
******************************************************************************
>> Linked Wed Oct 21 13:36:14 2015

OUTPUT FILE NAME:   <sine8_buf67.out>
ENTRY POINT SYMBOL: "_c_int00"  address: 00004500


MEMORY CONFIGURATION

         name            origin    length      used     unused   attr    fill
----------------------  --------  ---------  --------  --------  ----  --------
  IVECS                 00000000   00000220  00000200  00000020  RWIX
  IRAM                  00000220   0002fde0  00004f5e  0002ae82  RWIX
  SDRAM                 80000000   00100000  00000000  00100000  RWIX
  FLASH                 90000000   00020000  00000000  00020000  RWIX


SECTION ALLOCATION MAP

 output                                  attributes/
section   page    origin      length       input sections
--------  ----  ----------  ----------   ----------------
.vecs      0    00000000    00000200     
                  00000000    00000200     Vectors_intr.obj (.vecs)

.text      0    00000220    00004400     
                  00000220    00001280     csl6713.lib : csl_irq.obj (.text)
                  000014a0    00000be0                 : csl_mcbsp.obj (.text)
                  00002080    00000920                 : csl_pll.obj (.text)
                  000029a0    00000680     c6713dskinit.obj (.text)
                  00003020    00000420     dsk6713.lib : dsk6713.obj (.text)
                  00003440    00000340     csl6713.lib : csl_emif.obj (.text)
                  00003780    00000240     rts6700.lib : memcpy62.obj (.text:_memcpy)
                  000039c0    00000240     dsk6713.lib : dsk6713_aic23_registers.obj (.text)
                  00003c00    000001e0                 : dsk6713_aic23_opencodec.obj (.text)
                  00003de0    000001c0     sine8_buf.obj (.text:retain)
                  00003fa0    00000140     rts6700.lib : strasg.obj (.text:__strasgi)
                  000040e0    00000100                 : autoinit.obj (.text:__auto_init)
                  000041e0    00000100     dsk6713.lib : dsk6713_aic23_setfreq.obj (.text)
                  000042e0    000000e0     rts6700.lib : exit.obj (.text:_exit)
                  000043c0    000000c0                 : cpy_tbl.obj (.text:_copy_in)
                  00004480    00000080                 : cpp_init.obj (.text:___TI_cpp_init)
                  00004500    00000080                 : boot.obj (.text:_c_int00)
                  00004580    00000040                 : args_main.obj (.text:__args_main)
                  000045c0    00000020     Vectors_intr.obj (.text)
                  000045e0    00000020     rts6700.lib : exit.obj (.text:_abort)
                  00004600    00000020     sine8_buf.obj (.text)

.stack     0    00004620    00000400     UNINITIALIZED
                  00004620    00000008     rts6700.lib : boot.obj (.stack)
                  00004628    000003f8     --HOLE--

.far       0    00004a20    000003e4     UNINITIALIZED
                  00004a20    00000210     sine8_buf.obj (.far)
                  00004c30    000000ec     csl6713.lib : csl_irq.obj (.far)
                  00004d1c    0000004c     c6713dskinit.obj (.far)
                  00004d68    00000038     csl6713.lib : csl_mcbsp.obj (.far)
                  00004da0    00000028     dsk6713.lib : dsk6713_aic23_registers.obj (.far)
                  00004dc8    00000020                 : dsk6713_aic23_setfreq.obj (.far)
                  00004de8    00000010     csl6713.lib : csl_pll.obj (.far)
                  00004df8    0000000c     rts6700.lib : exit.obj (.far)

.cinit     0    00004e08    000002ec     
                  00004e08    0000012c     csl6713.lib : csl_irq.obj (.cinit)
                  00004f34    00000004     --HOLE-- [fill = 0]
                  00004f38    00000064     sine8_buf.obj (.cinit)
                  00004f9c    00000004     --HOLE-- [fill = 0]
                  00004fa0    00000058     c6713dskinit.obj (.cinit)
                  00004ff8    00000054     csl6713.lib : csl_mcbsp.obj (.cinit)
                  0000504c    00000004     --HOLE-- [fill = 0]
                  00005050    00000030     dsk6713.lib : dsk6713_aic23_registers.obj (.cinit)
                  00005080    0000002c     rts6700.lib : exit.obj (.cinit)
                  000050ac    00000004     --HOLE-- [fill = 0]
                  000050b0    00000028     dsk6713.lib : dsk6713_aic23_setfreq.obj (.cinit)
                  000050d8    00000018     csl6713.lib : csl_pll.obj (.cinit)
                  000050f0    00000004     --HOLE-- [fill = 0]

.const     0    000050f4    00000060     
                  000050f4    00000040     dsk6713.lib : dsk6713_aic23_opencodec.obj (.const)
                  00005134    00000020                 : dsk6713.obj (.const)

.bss       0    00005154    0000002e     UNINITIALIZED
                  00005154    00000010     sine8_buf.obj (.bss)
                  00005164    0000000c     c6713dskinit.obj (.bss)
                  00005170    00000008     csl6713.lib : csl_irq.obj (.bss)
                  00005178    00000008     dsk6713.lib : dsk6713_aic23_opencodec.obj (.bss)
                  00005180    00000002                 : dsk6713.obj (.bss)


GLOBAL SYMBOLS: SORTED ALPHABETICALLY BY Name 

address    name
--------   ----
00005154   $bss
00005154   .bss
00000220   .text
000045e0   C$$EXIT
00004d20   _AIC23CfgData
00004d1c   _AIC_data
0000515e   _BUFFERLENGTH
00005178   _DSK6713_AIC23_codeccontrolhandle
0000517c   _DSK6713_AIC23_codecdatahandle
00003b34   _DSK6713_AIC23_config
00003c00   _DSK6713_AIC23_openCodec
00003ae8   _DSK6713_AIC23_rget
000039c0   _DSK6713_AIC23_rset
000041e0   _DSK6713_AIC23_setFreq
000033e0   _DSK6713_getVersion
00003070   _DSK6713_init
000032bc   _DSK6713_rget
000032f8   _DSK6713_rset
00005180   _DSK6713_version
00003338   _DSK6713_wait
000033a0   _DSK6713_waitusec
00003440   _EMIF_config
0000354c   _EMIF_configArgs
0000364c   _EMIF_getConfig
00000b28   _IRQ_biosPresent
00000398   _IRQ_clear
00000b38   _IRQ_config
00000ccc   _IRQ_configArgs
0000027c   _IRQ_disable
00000240   _IRQ_enable
00000fa4   _IRQ_getArg
00000e4c   _IRQ_getConfig
0000042c   _IRQ_globalDisable
00000410   _IRQ_globalEnable
00000460   _IRQ_globalRestore
00001184   _IRQ_hook
000009a4   _IRQ_map
00000538   _IRQ_nmiDisable
00000520   _IRQ_nmiEnable
00000490   _IRQ_reset
000004f0   _IRQ_resetAll
000002e8   _IRQ_restore
00000364   _IRQ_set
0000107c   _IRQ_setArg
0000114c   _IRQ_setVecs
000003cc   _IRQ_test
00001d9c   _MCBSP_close
00001768   _MCBSP_config
00001894   _MCBSP_configArgs
000016f0   _MCBSP_enableFsync
000016b4   _MCBSP_enableRcv
0000172c   _MCBSP_enableSrgr
00001678   _MCBSP_enableXmt
000019a8   _MCBSP_getConfig
00001f8c   _MCBSP_getPins
000014c0   _MCBSP_getRcvAddr
00001500   _MCBSP_getRcvEventId
000014a0   _MCBSP_getXmtAddr
000014e0   _MCBSP_getXmtEventId
00001c94   _MCBSP_open
00001520   _MCBSP_read
00001acc   _MCBSP_reset
00001c64   _MCBSP_resetAll
000015f4   _MCBSP_rfull
0000159c   _MCBSP_rrdy
0000164c   _MCBSP_rsyncerr
00001fb8   _MCBSP_setPins
00001e30   _MCBSP_start
00001548   _MCBSP_write
000015c8   _MCBSP_xempty
00001570   _MCBSP_xrdy
00001620   _MCBSP_xsyncerr
00002160   _PLL_bypass
00002188   _PLL_clkTest
000025d0   _PLL_config
000026cc   _PLL_configArgs
000021d0   _PLL_deassert
0000229c   _PLL_disableOscDiv
00002234   _PLL_disablePllDiv
00002134   _PLL_enable
00002270   _PLL_enableOscDiv
000021f8   _PLL_enablePllDiv
000027c0   _PLL_getConfig
000023f4   _PLL_getMultiplier
000023d8   _PLL_getOscRatio
000023a0   _PLL_getPllRatio
00002410   _PLL_init
000020c4   _PLL_operational
00002080   _PLL_pwrdwn
000021a4   _PLL_reset
00002364   _PLL_setMultiplier
00002328   _PLL_setOscRatio
000022c4   _PLL_setPllRatio
0000296c   _PLL_wait1
00002914   _PLL_wait100
00004d18   __IRQ_dispatchTable
00004c54   __IRQ_eventTable
00000220   __IRQ_hookFetchPacket
000008e8   __IRQ_init
00004cd8   __IRQ_intTable
00004d98   __MCBSP_hDev0
00004d9c   __MCBSP_hDev1
00004de8   __PLL_divAddr
00004a20   __STACK_END
00000400   __STACK_SIZE
00000001   __TI_args_main
00004480   ___TI_cpp_init
00004e00   ___TI_enable_exit_profile_output
ffffffff   ___TI_pprof_out_hndl
ffffffff   ___TI_prof_data_size
ffffffff   ___TI_prof_data_start
ffffffff   ___binit__
00005154   ___bss__
ffffffff   ___c_args__
00004e08   ___cinit__
00005182   ___end__
00004620   ___etext__
ffffffff   ___pinit__
00000220   ___text__
00004580   __args_main
000040e0   __auto_init
00003fa0   __c6xabi_strasgi
00004df8   __cleanup_ptr
00004dfc   __dtors_ptr
00004620   __stack
00003fa0   __strasgi
000045e0   _abort
000029a0   _c6713_dsk_init
00004500   _c_int00
00003de0   _c_int11
00002a64   _comm_intr
00002a38   _comm_poll
00004d40   _config
000043c0   _copy_in
000042e0   _exit
00005154   _fs
0000515c   _gain
0000516c   _hAIC23_handle
00005160   _i
00002ec4   _input_left_sample
00002f6c   _input_right_sample
00002dd8   _input_sample
00005158   _loop
00004600   _main
00003780   _memcpy
00004a30   _out_buffer
00002c58   _output_left_sample
00002d18   _output_right_sample
00002b60   _output_sample
00004a20   _sine_table
00000020   _vector1
00000140   _vector10
00000180   _vector12
000001a0   _vector13
000001c0   _vector14
000001e0   _vector15
00000040   _vector2
00000060   _vector3
00000080   _vector4
000000a0   _vector5
000000c0   _vector6
000000e0   _vector7
00000100   _vector8
00000120   _vector9
00000000   _vectors
ffffffff   binit
00004e08   cinit
00005182   end
00004620   etext
ffffffff   pinit


GLOBAL SYMBOLS: SORTED BY Symbol Address 

address    name
--------   ----
00000000   _vectors
00000001   __TI_args_main
00000020   _vector1
00000040   _vector2
00000060   _vector3
00000080   _vector4
000000a0   _vector5
000000c0   _vector6
000000e0   _vector7
00000100   _vector8
00000120   _vector9
00000140   _vector10
00000180   _vector12
000001a0   _vector13
000001c0   _vector14
000001e0   _vector15
00000220   .text
00000220   __IRQ_hookFetchPacket
00000220   ___text__
00000240   _IRQ_enable
0000027c   _IRQ_disable
000002e8   _IRQ_restore
00000364   _IRQ_set
00000398   _IRQ_clear
000003cc   _IRQ_test
00000400   __STACK_SIZE
00000410   _IRQ_globalEnable
0000042c   _IRQ_globalDisable
00000460   _IRQ_globalRestore
00000490   _IRQ_reset
000004f0   _IRQ_resetAll
00000520   _IRQ_nmiEnable
00000538   _IRQ_nmiDisable
000008e8   __IRQ_init
000009a4   _IRQ_map
00000b28   _IRQ_biosPresent
00000b38   _IRQ_config
00000ccc   _IRQ_configArgs
00000e4c   _IRQ_getConfig
00000fa4   _IRQ_getArg
0000107c   _IRQ_setArg
0000114c   _IRQ_setVecs
00001184   _IRQ_hook
000014a0   _MCBSP_getXmtAddr
000014c0   _MCBSP_getRcvAddr
000014e0   _MCBSP_getXmtEventId
00001500   _MCBSP_getRcvEventId
00001520   _MCBSP_read
00001548   _MCBSP_write
00001570   _MCBSP_xrdy
0000159c   _MCBSP_rrdy
000015c8   _MCBSP_xempty
000015f4   _MCBSP_rfull
00001620   _MCBSP_xsyncerr
0000164c   _MCBSP_rsyncerr
00001678   _MCBSP_enableXmt
000016b4   _MCBSP_enableRcv
000016f0   _MCBSP_enableFsync
0000172c   _MCBSP_enableSrgr
00001768   _MCBSP_config
00001894   _MCBSP_configArgs
000019a8   _MCBSP_getConfig
00001acc   _MCBSP_reset
00001c64   _MCBSP_resetAll
00001c94   _MCBSP_open
00001d9c   _MCBSP_close
00001e30   _MCBSP_start
00001f8c   _MCBSP_getPins
00001fb8   _MCBSP_setPins
00002080   _PLL_pwrdwn
000020c4   _PLL_operational
00002134   _PLL_enable
00002160   _PLL_bypass
00002188   _PLL_clkTest
000021a4   _PLL_reset
000021d0   _PLL_deassert
000021f8   _PLL_enablePllDiv
00002234   _PLL_disablePllDiv
00002270   _PLL_enableOscDiv
0000229c   _PLL_disableOscDiv
000022c4   _PLL_setPllRatio
00002328   _PLL_setOscRatio
00002364   _PLL_setMultiplier
000023a0   _PLL_getPllRatio
000023d8   _PLL_getOscRatio
000023f4   _PLL_getMultiplier
00002410   _PLL_init
000025d0   _PLL_config
000026cc   _PLL_configArgs
000027c0   _PLL_getConfig
00002914   _PLL_wait100
0000296c   _PLL_wait1
000029a0   _c6713_dsk_init
00002a38   _comm_poll
00002a64   _comm_intr
00002b60   _output_sample
00002c58   _output_left_sample
00002d18   _output_right_sample
00002dd8   _input_sample
00002ec4   _input_left_sample
00002f6c   _input_right_sample
00003070   _DSK6713_init
000032bc   _DSK6713_rget
000032f8   _DSK6713_rset
00003338   _DSK6713_wait
000033a0   _DSK6713_waitusec
000033e0   _DSK6713_getVersion
00003440   _EMIF_config
0000354c   _EMIF_configArgs
0000364c   _EMIF_getConfig
00003780   _memcpy
000039c0   _DSK6713_AIC23_rset
00003ae8   _DSK6713_AIC23_rget
00003b34   _DSK6713_AIC23_config
00003c00   _DSK6713_AIC23_openCodec
00003de0   _c_int11
00003fa0   __c6xabi_strasgi
00003fa0   __strasgi
000040e0   __auto_init
000041e0   _DSK6713_AIC23_setFreq
000042e0   _exit
000043c0   _copy_in
00004480   ___TI_cpp_init
00004500   _c_int00
00004580   __args_main
000045e0   C$$EXIT
000045e0   _abort
00004600   _main
00004620   ___etext__
00004620   __stack
00004620   etext
00004a20   __STACK_END
00004a20   _sine_table
00004a30   _out_buffer
00004c54   __IRQ_eventTable
00004cd8   __IRQ_intTable
00004d18   __IRQ_dispatchTable
00004d1c   _AIC_data
00004d20   _AIC23CfgData
00004d40   _config
00004d98   __MCBSP_hDev0
00004d9c   __MCBSP_hDev1
00004de8   __PLL_divAddr
00004df8   __cleanup_ptr
00004dfc   __dtors_ptr
00004e00   ___TI_enable_exit_profile_output
00004e08   ___cinit__
00004e08   cinit
00005154   $bss
00005154   .bss
00005154   ___bss__
00005154   _fs
00005158   _loop
0000515c   _gain
0000515e   _BUFFERLENGTH
00005160   _i
0000516c   _hAIC23_handle
00005178   _DSK6713_AIC23_codeccontrolhandle
0000517c   _DSK6713_AIC23_codecdatahandle
00005180   _DSK6713_version
00005182   ___end__
00005182   end
ffffffff   ___TI_pprof_out_hndl
ffffffff   ___TI_prof_data_size
ffffffff   ___TI_prof_data_start
ffffffff   ___binit__
ffffffff   ___c_args__
ffffffff   ___pinit__
ffffffff   binit
ffffffff   pinit

[170 symbols]
